../Drivers/STM32F1xx_HAL_Driver/Inc/stm32f1xx_ll_dma.h:1250:26:LL_DMA_IsActiveFlag_TC5	16	static
../Drivers/STM32F1xx_HAL_Driver/Inc/stm32f1xx_ll_dma.h:1558:22:LL_DMA_ClearFlag_TC5	16	static
../Drivers/STM32F1xx_HAL_Driver/Inc/stm32f1xx_ll_dma.h:1635:22:LL_DMA_ClearFlag_HT5	16	static
../Drivers/STM32F1xx_HAL_Driver/Inc/stm32f1xx_ll_dma.h:1712:22:LL_DMA_ClearFlag_TE5	16	static
../Drivers/STM32F1xx_HAL_Driver/Inc/stm32f1xx_ll_exti.h:774:26:LL_EXTI_IsActiveFlag_0_31	16	static
../Drivers/STM32F1xx_HAL_Driver/Inc/stm32f1xx_ll_exti.h:842:22:LL_EXTI_ClearFlag_0_31	16	static
../Drivers/STM32F1xx_HAL_Driver/Inc/stm32f1xx_ll_usart.h:1840:26:LL_USART_IsActiveFlag_RXNE	16	static
../Drivers/STM32F1xx_HAL_Driver/Inc/stm32f1xx_ll_usart.h:2451:25:LL_USART_ReceiveData8	16	static
../Core/Src/stm32f1xx_it.c:74:6:NMI_Handler	4	static
../Core/Src/stm32f1xx_it.c:89:6:HardFault_Handler	4	static
../Core/Src/stm32f1xx_it.c:104:6:MemManage_Handler	4	static
../Core/Src/stm32f1xx_it.c:119:6:BusFault_Handler	4	static
../Core/Src/stm32f1xx_it.c:134:6:UsageFault_Handler	4	static
../Core/Src/stm32f1xx_it.c:149:6:SVC_Handler	4	static
../Core/Src/stm32f1xx_it.c:162:6:DebugMon_Handler	4	static
../Core/Src/stm32f1xx_it.c:175:6:PendSV_Handler	4	static
../Core/Src/stm32f1xx_it.c:188:6:SysTick_Handler	4	static
../Core/Src/stm32f1xx_it.c:209:6:DMA1_Channel1_IRQHandler	4	static
../Core/Src/stm32f1xx_it.c:222:6:DMA1_Channel5_IRQHandler	8	static
../Core/Src/stm32f1xx_it.c:245:6:USART1_IRQHandler	16	static
../Core/Src/stm32f1xx_it.c:262:6:USART3_IRQHandler	16	static
../Core/Src/stm32f1xx_it.c:279:6:EXTI15_10_IRQHandler	8	static
