../Drivers/CMSIS/Include/core_cm3.h:1480:22:__NVIC_SetPriorityGrouping	1
../Drivers/CMSIS/Include/core_cm3.h:1499:26:__NVIC_GetPriorityGrouping	1
../Drivers/CMSIS/Include/core_cm3.h:1511:22:__NVIC_EnableIRQ	2
../Drivers/CMSIS/Include/core_cm3.h:1639:22:__NVIC_SetPriority	2
../Drivers/CMSIS/Include/core_cm3.h:1686:26:NVIC_EncodePriority	2
../Drivers/STM32F1xx_HAL_Driver/Inc/stm32f1xx_ll_adc.h:2130:22:LL_ADC_REG_SetSequencerRanks	1
../Drivers/STM32F1xx_HAL_Driver/Inc/stm32f1xx_ll_adc.h:2836:22:LL_ADC_SetChannelSamplingTime	1
../Drivers/STM32F1xx_HAL_Driver/Inc/stm32f1xx_ll_dma.h:552:22:LL_DMA_SetDataTransferDirection	1
../Drivers/STM32F1xx_HAL_Driver/Inc/stm32f1xx_ll_dma.h:601:22:LL_DMA_SetMode	1
../Drivers/STM32F1xx_HAL_Driver/Inc/stm32f1xx_ll_dma.h:646:22:LL_DMA_SetPeriphIncMode	1
../Drivers/STM32F1xx_HAL_Driver/Inc/stm32f1xx_ll_dma.h:691:22:LL_DMA_SetMemoryIncMode	1
../Drivers/STM32F1xx_HAL_Driver/Inc/stm32f1xx_ll_dma.h:737:22:LL_DMA_SetPeriphSize	1
../Drivers/STM32F1xx_HAL_Driver/Inc/stm32f1xx_ll_dma.h:784:22:LL_DMA_SetMemorySize	1
../Drivers/STM32F1xx_HAL_Driver/Inc/stm32f1xx_ll_dma.h:832:22:LL_DMA_SetChannelPriorityLevel	1
../Drivers/STM32F1xx_HAL_Driver/Inc/stm32f1xx_ll_dma.h:1761:22:LL_DMA_EnableIT_TC	1
../Drivers/STM32F1xx_HAL_Driver/Inc/stm32f1xx_ll_rcc.h:772:22:LL_RCC_HSE_Enable	1
../Drivers/STM32F1xx_HAL_Driver/Inc/stm32f1xx_ll_rcc.h:792:26:LL_RCC_HSE_IsReady	1
../Drivers/STM32F1xx_HAL_Driver/Inc/stm32f1xx_ll_rcc.h:1012:22:LL_RCC_SetSysClkSource	1
../Drivers/STM32F1xx_HAL_Driver/Inc/stm32f1xx_ll_rcc.h:1025:26:LL_RCC_GetSysClkSource	1
../Drivers/STM32F1xx_HAL_Driver/Inc/stm32f1xx_ll_rcc.h:1045:22:LL_RCC_SetAHBPrescaler	1
../Drivers/STM32F1xx_HAL_Driver/Inc/stm32f1xx_ll_rcc.h:1061:22:LL_RCC_SetAPB1Prescaler	1
../Drivers/STM32F1xx_HAL_Driver/Inc/stm32f1xx_ll_rcc.h:1077:22:LL_RCC_SetAPB2Prescaler	1
../Drivers/STM32F1xx_HAL_Driver/Inc/stm32f1xx_ll_rcc.h:1221:22:LL_RCC_SetADCClockSource	1
../Drivers/STM32F1xx_HAL_Driver/Inc/stm32f1xx_ll_rcc.h:1385:22:LL_RCC_PLL_Enable	1
../Drivers/STM32F1xx_HAL_Driver/Inc/stm32f1xx_ll_rcc.h:1406:26:LL_RCC_PLL_IsReady	1
../Drivers/STM32F1xx_HAL_Driver/Inc/stm32f1xx_ll_rcc.h:1475:22:LL_RCC_PLL_ConfigDomain_SYS	1
../Drivers/STM32F1xx_HAL_Driver/Inc/stm32f1xx_ll_bus.h:267:22:LL_AHB1_GRP1_EnableClock	1
../Drivers/STM32F1xx_HAL_Driver/Inc/stm32f1xx_ll_bus.h:445:22:LL_APB1_GRP1_EnableClock	1
../Drivers/STM32F1xx_HAL_Driver/Inc/stm32f1xx_ll_bus.h:761:22:LL_APB2_GRP1_EnableClock	1
../Drivers/STM32F1xx_HAL_Driver/Inc/stm32f1xx_ll_system.h:471:22:LL_FLASH_SetLatency	1
../Drivers/STM32F1xx_HAL_Driver/Inc/stm32f1xx_ll_system.h:484:26:LL_FLASH_GetLatency	1
../Drivers/STM32F1xx_HAL_Driver/Inc/stm32f1xx_ll_exti.h:265:22:LL_EXTI_EnableIT_0_31	1
../Drivers/STM32F1xx_HAL_Driver/Inc/stm32f1xx_ll_tim.h:1245:22:LL_TIM_DisableARRPreload	1
../Drivers/STM32F1xx_HAL_Driver/Inc/stm32f1xx_ll_tim.h:1855:22:LL_TIM_OC_DisableFast	7
../Drivers/STM32F1xx_HAL_Driver/Inc/stm32f1xx_ll_tim.h:1899:22:LL_TIM_OC_EnablePreload	7
../Drivers/STM32F1xx_HAL_Driver/Inc/stm32f1xx_ll_tim.h:2583:22:LL_TIM_SetClockSource	1
../Drivers/STM32F1xx_HAL_Driver/Inc/stm32f1xx_ll_tim.h:2629:22:LL_TIM_SetTriggerOutput	1
../Drivers/STM32F1xx_HAL_Driver/Inc/stm32f1xx_ll_tim.h:2695:22:LL_TIM_DisableMasterSlaveMode	1
../Drivers/STM32F1xx_HAL_Driver/Inc/stm32f1xx_ll_usart.h:412:22:LL_USART_Enable	1
../Drivers/STM32F1xx_HAL_Driver/Inc/stm32f1xx_ll_usart.h:1527:22:LL_USART_ConfigAsyncMode	1
../Drivers/STM32F1xx_HAL_Driver/Inc/stm32f1xx_ll_usart.h:1851:26:LL_USART_IsActiveFlag_TC	1
../Drivers/STM32F1xx_HAL_Driver/Inc/stm32f1xx_ll_usart.h:1862:26:LL_USART_IsActiveFlag_TXE	1
../Drivers/STM32F1xx_HAL_Driver/Inc/stm32f1xx_ll_usart.h:2083:22:LL_USART_EnableIT_RXNE	2
../Drivers/STM32F1xx_HAL_Driver/Inc/stm32f1xx_ll_usart.h:2474:22:LL_USART_TransmitData8	1
../Drivers/STM32F1xx_HAL_Driver/Inc/stm32f1xx_ll_gpio.h:341:22:LL_GPIO_SetPinMode	1
../Drivers/STM32F1xx_HAL_Driver/Inc/stm32f1xx_ll_gpio.h:803:22:LL_GPIO_SetOutputPin	1
../Drivers/STM32F1xx_HAL_Driver/Inc/stm32f1xx_ll_gpio.h:832:22:LL_GPIO_ResetOutputPin	1
../Drivers/STM32F1xx_HAL_Driver/Inc/stm32f1xx_ll_gpio.h:979:22:LL_GPIO_AF_EnableRemap_USART2	1
../Drivers/STM32F1xx_HAL_Driver/Inc/stm32f1xx_ll_gpio.h:1101:22:LL_GPIO_AF_RemapPartial1_TIM2	1
../Drivers/STM32F1xx_HAL_Driver/Inc/stm32f1xx_ll_gpio.h:1562:22:LL_GPIO_AF_Remap_SWJ_NOJTAG	1
../Drivers/STM32F1xx_HAL_Driver/Inc/stm32f1xx_ll_gpio.h:2263:22:LL_GPIO_AF_SetEXTISource	1
../Core/Src/main.c:76:5:_write	4
../Core/Src/main.c:92:5:main	1
../Core/Src/main.c:191:6:SystemClock_Config	5
../Core/Src/main.c:232:13:MX_ADC1_Init	1
../Core/Src/main.c:297:13:MX_TIM2_Init	1
../Core/Src/main.c:371:13:MX_TIM6_Init	1
../Core/Src/main.c:404:13:MX_USART1_UART_Init	1
../Core/Src/main.c:461:13:MX_USART2_UART_Init	1
../Core/Src/main.c:516:13:MX_USART3_UART_Init	1
../Core/Src/main.c:571:13:MX_DMA_Init	1
../Core/Src/main.c:590:13:MX_GPIO_Init	1
../Core/Src/main.c:716:6:Error_Handler	1
