../Drivers/STM32F1xx_HAL_Driver/Inc/stm32f1xx_ll_adc.h:2130:22:LL_ADC_REG_SetSequencerRanks	40	static,ignoring_inline_asm
../Drivers/STM32F1xx_HAL_Driver/Inc/stm32f1xx_ll_adc.h:2249:22:LL_ADC_REG_SetContinuousMode	16	static
../Drivers/STM32F1xx_HAL_Driver/Inc/stm32f1xx_ll_adc.h:3244:22:LL_ADC_Enable	16	static
../Drivers/STM32F1xx_HAL_Driver/Inc/stm32f1xx_ll_adc.h:3286:22:LL_ADC_StartCalibration	16	static
../Drivers/STM32F1xx_HAL_Driver/Inc/stm32f1xx_ll_adc.h:3297:26:LL_ADC_IsCalibrationOnGoing	16	static
../Drivers/STM32F1xx_HAL_Driver/Inc/stm32f1xx_ll_adc.h:3326:22:LL_ADC_REG_StartConversionSWStart	16	static
../Drivers/STM32F1xx_HAL_Driver/Inc/stm32f1xx_ll_adc.h:3392:26:LL_ADC_REG_ReadConversionData12	16	static
../Drivers/STM32F1xx_HAL_Driver/Inc/stm32f1xx_ll_adc.h:3561:26:LL_ADC_IsActiveFlag_EOS	16	static
../Drivers/STM32F1xx_HAL_Driver/Inc/stm32f1xx_ll_adc.h:3603:22:LL_ADC_ClearFlag_EOS	16	static
../Drivers/STM32F1xx_HAL_Driver/Inc/stm32f1xx_ll_tim.h:1054:22:LL_TIM_EnableCounter	16	static
../Drivers/STM32F1xx_HAL_Driver/Inc/stm32f1xx_ll_tim.h:1316:26:LL_TIM_GetCounter	16	static
../Core/Src/signal_analyzer.c:15:6:SignalAnalyzer_Init	8	static
../Core/Src/signal_analyzer.c:39:6:readADC	16	static
../Core/Src/signal_analyzer.c:66:10:getTimestamp	8	static
../Core/Src/signal_analyzer.c:74:6:sendADCData	168	static
