../Drivers/STM32F1xx_HAL_Driver/Inc/stm32f1xx_ll_adc.h:1600:26:LL_ADC_DMA_GetRegAddr	24	static
../Drivers/STM32F1xx_HAL_Driver/Inc/stm32f1xx_ll_adc.h:2298:22:LL_ADC_REG_SetDMATransfer	16	static
../Drivers/STM32F1xx_HAL_Driver/Inc/stm32f1xx_ll_adc.h:3244:22:LL_ADC_Enable	16	static
../Drivers/STM32F1xx_HAL_Driver/Inc/stm32f1xx_ll_adc.h:3255:22:LL_ADC_Disable	16	static
../Drivers/STM32F1xx_HAL_Driver/Inc/stm32f1xx_ll_adc.h:3286:22:LL_ADC_StartCalibration	16	static
../Drivers/STM32F1xx_HAL_Driver/Inc/stm32f1xx_ll_adc.h:3297:26:LL_ADC_IsCalibrationOnGoing	16	static
../Drivers/STM32F1xx_HAL_Driver/Inc/stm32f1xx_ll_adc.h:3326:22:LL_ADC_REG_StartConversionSWStart	16	static
../Drivers/STM32F1xx_HAL_Driver/Inc/stm32f1xx_ll_adc.h:3363:22:LL_ADC_REG_StopConversionExtTrig	16	static
../Drivers/STM32F1xx_HAL_Driver/Inc/stm32f1xx_ll_dma.h:453:22:LL_DMA_EnableChannel	16	static
../Drivers/STM32F1xx_HAL_Driver/Inc/stm32f1xx_ll_dma.h:472:22:LL_DMA_DisableChannel	16	static
../Drivers/STM32F1xx_HAL_Driver/Inc/stm32f1xx_ll_dma.h:879:22:LL_DMA_SetDataLength	24	static
../Drivers/STM32F1xx_HAL_Driver/Inc/stm32f1xx_ll_dma.h:930:22:LL_DMA_ConfigAddresses	24	static
../Drivers/STM32F1xx_HAL_Driver/Inc/stm32f1xx_ll_tim.h:1316:26:LL_TIM_GetCounter	16	static
../Drivers/STM32F1xx_HAL_Driver/Inc/stm32f1xx_ll_gpio.h:341:22:LL_GPIO_SetPinMode	40	static,ignoring_inline_asm
../Drivers/STM32F1xx_HAL_Driver/Inc/stm32f1xx_ll_gpio.h:722:26:LL_GPIO_IsInputPinSet	16	static
../Drivers/STM32F1xx_HAL_Driver/Inc/stm32f1xx_ll_gpio.h:832:22:LL_GPIO_ResetOutputPin	16	static
../Core/Src/signal_analyzer.c:19:6:OscilloscopeInit	16	static
../Core/Src/signal_analyzer.c:55:6:OscilloscopeDeinit	8	static
../Core/Src/signal_analyzer.c:62:6:SignalAnalyzerInit	16	static
../Core/Src/signal_analyzer.c:73:6:SignalAnalyzerDeinit	16	static
../Core/Src/signal_analyzer.c:90:10:getTimestamp	8	static
../Core/Src/signal_analyzer.c:95:6:sendADCData	56	static
../Core/Src/signal_analyzer.c:132:6:sendDigitalData	40	static
../Core/Src/signal_analyzer.c:163:6:sendSignalData	8	static
