Archive member included to satisfy reference by file (symbol)

C:/ST/STM32CubeIDE_1.17.0/STM32CubeIDE/plugins/com.st.stm32cube.ide.mcu.externaltools.gnu-tools-for-stm32.12.3.rel1.win32_1.1.0.202410251130/tools/bin/../lib/gcc/arm-none-eabi/12.3.1/../../../../arm-none-eabi/lib/thumb/v7-m/nofp\libc_nano.a(libc_a-exit.o)
                              C:/ST/STM32CubeIDE_1.17.0/STM32CubeIDE/plugins/com.st.stm32cube.ide.mcu.externaltools.gnu-tools-for-stm32.12.3.rel1.win32_1.1.0.202410251130/tools/bin/../lib/gcc/arm-none-eabi/12.3.1/../../../../arm-none-eabi/lib/thumb/v7-m/nofp/crt0.o (exit)
C:/ST/STM32CubeIDE_1.17.0/STM32CubeIDE/plugins/com.st.stm32cube.ide.mcu.externaltools.gnu-tools-for-stm32.12.3.rel1.win32_1.1.0.202410251130/tools/bin/../lib/gcc/arm-none-eabi/12.3.1/../../../../arm-none-eabi/lib/thumb/v7-m/nofp\libc_nano.a(libc_a-fflush.o)
                              ./Core/Src/fault.o (fflush)
C:/ST/STM32CubeIDE_1.17.0/STM32CubeIDE/plugins/com.st.stm32cube.ide.mcu.externaltools.gnu-tools-for-stm32.12.3.rel1.win32_1.1.0.202410251130/tools/bin/../lib/gcc/arm-none-eabi/12.3.1/../../../../arm-none-eabi/lib/thumb/v7-m/nofp\libc_nano.a(libc_a-findfp.o)
                              C:/ST/STM32CubeIDE_1.17.0/STM32CubeIDE/plugins/com.st.stm32cube.ide.mcu.externaltools.gnu-tools-for-stm32.12.3.rel1.win32_1.1.0.202410251130/tools/bin/../lib/gcc/arm-none-eabi/12.3.1/../../../../arm-none-eabi/lib/thumb/v7-m/nofp\libc_nano.a(libc_a-fflush.o) (__sglue)
C:/ST/STM32CubeIDE_1.17.0/STM32CubeIDE/plugins/com.st.stm32cube.ide.mcu.externaltools.gnu-tools-for-stm32.12.3.rel1.win32_1.1.0.202410251130/tools/bin/../lib/gcc/arm-none-eabi/12.3.1/../../../../arm-none-eabi/lib/thumb/v7-m/nofp\libc_nano.a(libc_a-fwalk.o)
                              C:/ST/STM32CubeIDE_1.17.0/STM32CubeIDE/plugins/com.st.stm32cube.ide.mcu.externaltools.gnu-tools-for-stm32.12.3.rel1.win32_1.1.0.202410251130/tools/bin/../lib/gcc/arm-none-eabi/12.3.1/../../../../arm-none-eabi/lib/thumb/v7-m/nofp\libc_nano.a(libc_a-fflush.o) (_fwalk_sglue)
C:/ST/STM32CubeIDE_1.17.0/STM32CubeIDE/plugins/com.st.stm32cube.ide.mcu.externaltools.gnu-tools-for-stm32.12.3.rel1.win32_1.1.0.202410251130/tools/bin/../lib/gcc/arm-none-eabi/12.3.1/../../../../arm-none-eabi/lib/thumb/v7-m/nofp\libc_nano.a(libc_a-printf.o)
                              ./Core/Src/fault.o (printf)
C:/ST/STM32CubeIDE_1.17.0/STM32CubeIDE/plugins/com.st.stm32cube.ide.mcu.externaltools.gnu-tools-for-stm32.12.3.rel1.win32_1.1.0.202410251130/tools/bin/../lib/gcc/arm-none-eabi/12.3.1/../../../../arm-none-eabi/lib/thumb/v7-m/nofp\libc_nano.a(libc_a-putchar.o)
                              ./Core/Src/mux.o (putchar)
C:/ST/STM32CubeIDE_1.17.0/STM32CubeIDE/plugins/com.st.stm32cube.ide.mcu.externaltools.gnu-tools-for-stm32.12.3.rel1.win32_1.1.0.202410251130/tools/bin/../lib/gcc/arm-none-eabi/12.3.1/../../../../arm-none-eabi/lib/thumb/v7-m/nofp\libc_nano.a(libc_a-puts.o)
                              ./Core/Src/mux.o (puts)
C:/ST/STM32CubeIDE_1.17.0/STM32CubeIDE/plugins/com.st.stm32cube.ide.mcu.externaltools.gnu-tools-for-stm32.12.3.rel1.win32_1.1.0.202410251130/tools/bin/../lib/gcc/arm-none-eabi/12.3.1/../../../../arm-none-eabi/lib/thumb/v7-m/nofp\libc_nano.a(libc_a-snprintf.o)
                              ./Core/Src/mux.o (snprintf)
C:/ST/STM32CubeIDE_1.17.0/STM32CubeIDE/plugins/com.st.stm32cube.ide.mcu.externaltools.gnu-tools-for-stm32.12.3.rel1.win32_1.1.0.202410251130/tools/bin/../lib/gcc/arm-none-eabi/12.3.1/../../../../arm-none-eabi/lib/thumb/v7-m/nofp\libc_nano.a(libc_a-sscanf.o)
                              ./Core/Src/mux.o (sscanf)
C:/ST/STM32CubeIDE_1.17.0/STM32CubeIDE/plugins/com.st.stm32cube.ide.mcu.externaltools.gnu-tools-for-stm32.12.3.rel1.win32_1.1.0.202410251130/tools/bin/../lib/gcc/arm-none-eabi/12.3.1/../../../../arm-none-eabi/lib/thumb/v7-m/nofp\libc_nano.a(libc_a-stdio.o)
                              C:/ST/STM32CubeIDE_1.17.0/STM32CubeIDE/plugins/com.st.stm32cube.ide.mcu.externaltools.gnu-tools-for-stm32.12.3.rel1.win32_1.1.0.202410251130/tools/bin/../lib/gcc/arm-none-eabi/12.3.1/../../../../arm-none-eabi/lib/thumb/v7-m/nofp\libc_nano.a(libc_a-findfp.o) (__sread)
C:/ST/STM32CubeIDE_1.17.0/STM32CubeIDE/plugins/com.st.stm32cube.ide.mcu.externaltools.gnu-tools-for-stm32.12.3.rel1.win32_1.1.0.202410251130/tools/bin/../lib/gcc/arm-none-eabi/12.3.1/../../../../arm-none-eabi/lib/thumb/v7-m/nofp\libc_nano.a(libc_a-wbuf.o)
                              C:/ST/STM32CubeIDE_1.17.0/STM32CubeIDE/plugins/com.st.stm32cube.ide.mcu.externaltools.gnu-tools-for-stm32.12.3.rel1.win32_1.1.0.202410251130/tools/bin/../lib/gcc/arm-none-eabi/12.3.1/../../../../arm-none-eabi/lib/thumb/v7-m/nofp\libc_nano.a(libc_a-puts.o) (__swbuf_r)
C:/ST/STM32CubeIDE_1.17.0/STM32CubeIDE/plugins/com.st.stm32cube.ide.mcu.externaltools.gnu-tools-for-stm32.12.3.rel1.win32_1.1.0.202410251130/tools/bin/../lib/gcc/arm-none-eabi/12.3.1/../../../../arm-none-eabi/lib/thumb/v7-m/nofp\libc_nano.a(libc_a-wsetup.o)
[...]
Memory Configuration

Name             Origin             Length             Attributes
RAM              0x20000000         0x00010000         xrw
FLASH            0x08000000         0x00040000         xr
*default*        0x00000000         0xffffffff

Linker script and memory map

LOAD C:/ST/STM32CubeIDE_1.17.0/STM32CubeIDE/plugins/com.st.stm32cube.ide.mcu.externaltools.gnu-tools-for-stm32.12.3.rel1.win32_1.1.0.202410251130/tools/bin/../lib/gcc/arm-none-eabi/12.3.1/thumb/v7-m/nofp/crti.o
LOAD C:/ST/STM32CubeIDE_1.17.0/STM32CubeIDE/plugins/com.st.stm32cube.ide.mcu.externaltools.gnu-tools-for-stm32.12.3.rel1.win32_1.1.0.202410251130/tools/bin/../lib/gcc/arm-none-eabi/12.3.1/thumb/v7-m/nofp/crtbegin.o
LOAD C:/ST/STM32CubeIDE_1.17.0/STM32CubeIDE/plugins/com.st.stm32cube.ide.mcu.externaltools.gnu-tools-for-stm32.12.3.rel1.win32_1.1.0.202410251130/tools/bin/../lib/gcc/arm-none-eabi/12.3.1/../../../../arm-none-eabi/lib/thumb/v7-m/nofp/crt0.o
LOAD ./Core/Src/fault.o
LOAD ./Core/Src/leds.o
LOAD ./Core/Src/main.o
LOAD ./Core/Src/mux.o
LOAD ./Core/Src/serial.o
LOAD ./Core/Src/signal_analyzer.o
LOAD ./Core/Src/stm32f1xx_it.o
LOAD ./Core/Src/syscalls.o
LOAD ./Core/Src/sysmem.o
LOAD ./Core/Src/system_stm32f1xx.o
LOAD ./Core/Startup/startup_stm32f107vctx.o
LOAD ./Drivers/STM32F1xx_HAL_Driver/Src/stm32f1xx_ll_adc.o
LOAD ./Drivers/STM32F1xx_HAL_Driver/Src/stm32f1xx_ll_dma.o
LOAD ./Drivers/STM32F1xx_HAL_Driver/Src/stm32f1xx_ll_exti.o
LOAD ./Drivers/STM32F1xx_HAL_Driver/Src/stm32f1xx_ll_gpio.o
LOAD ./Drivers/STM32F1xx_HAL_Driver/Src/stm32f1xx_ll_pwr.o
LOAD ./Drivers/STM32F1xx_HAL_Driver/Src/stm32f1xx_ll_rcc.o
LOAD ./Drivers/STM32F1xx_HAL_Driver/Src/stm32f1xx_ll_tim.o
LOAD ./Drivers/STM32F1xx_HAL_Driver/Src/stm32f1xx_ll_usart.o
LOAD ./Drivers/STM32F1xx_HAL_Driver/Src/stm32f1xx_ll_utils.o
START GROUP
LOAD C:/ST/STM32CubeIDE_1.17.0/STM32CubeIDE/plugins/com.st.stm32cube.ide.mcu.externaltools.gnu-tools-for-stm32.12.3.rel1.win32_1.1.0.202410251130/tools/bin/../lib/gcc/arm-none-eabi/12.3.1/../../../../arm-none-eabi/lib/thumb/v7-m/nofp\libstdc++_nano.a
LOAD C:/ST/STM32CubeIDE_1.17.0/STM32CubeIDE/plugins/com.st.stm32cube.ide.mcu.externaltools.gnu-tools-for-stm32.12.3.rel1.win32_1.1.0.202410251130/tools/bin/../lib/gcc/arm-none-eabi/12.3.1/../../../../arm-none-eabi/lib/thumb/v7-m/nofp\libsupc++_nano.a
END GROUP
LOAD C:/ST/STM32CubeIDE_1.17.0/STM32CubeIDE/plugins/com.st.stm32cube.ide.mcu.externaltools.gnu-tools-for-stm32.12.3.rel1.win32_1.1.0.202410251130/tools/bin/../lib/gcc/arm-none-eabi/12.3.1/../../../../arm-none-eabi/lib/thumb/v7-m/nofp\libstdc++_nano.a
LOAD C:/ST/STM32CubeIDE_1.17.0/STM32CubeIDE/plugins/com.st.stm32cube.ide.mcu.externaltools.gnu-tools-for-stm32.12.3.rel1.win32_1.1.0.202410251130/tools/bin/../lib/gcc/arm-none-eabi/12.3.1/../../../../arm-none-eabi/lib/thumb/v7-m/nofp\libm.a
LOAD C:/ST/STM32CubeIDE_1.17.0/STM32CubeIDE/plugins/com.st.stm32cube.ide.mcu.externaltools.gnu-tools-for-stm32.12.3.rel1.win32_1.1.0.202410251130/tools/bin/../lib/gcc/arm-none-eabi/12.3.1/../../../../arm-none-eabi/lib/thumb/v7-m/nofp\libc_nano.a
START GROUP
LOAD C:/ST/STM32CubeIDE_1.17.0/STM32CubeIDE/plugins/com.st.stm32cube.ide.mcu.externaltools.gnu-tools-for-stm32.12.3.rel1.win32_1.1.0.202410251130/tools/bin/../lib/gcc/arm-none-eabi/12.3.1/thumb/v7-m/nofp\libgcc.a
LOAD C:/ST/STM32CubeIDE_1.17.0/STM32CubeIDE/plugins/com.st.stm32cube.ide.mcu.externaltools.gnu-tools-for-stm32.12.3.rel1.win32_1.1.0.202410251130/tools/bin/../lib/gcc/arm-none-eabi/12.3.1/../../../../arm-none-eabi/lib/thumb/v7-m/nofp\libc_nano.a
END GROUP
START GROUP
LOAD C:/ST/STM32CubeIDE_1.17.0/STM32CubeIDE/plugins/com.st.stm32cube.ide.mcu.externaltools.gnu-tools-for-stm32.12.3.rel1.win32_1.1.0.202410251130/tools/bin/../lib/gcc/arm-none-eabi/12.3.1/thumb/v7-m/nofp\libgcc.a
LOAD C:/ST/STM32CubeIDE_1.17.0/STM32CubeIDE/plugins/com.st.stm32cube.ide.mcu.externaltools.gnu-tools-for-stm32.12.3.rel1.win32_1.1.0.202410251130/tools/bin/../lib/gcc/arm-none-eabi/12.3.1/../../../../arm-none-eabi/lib/thumb/v7-m/nofp\libc_nano.a
END GROUP
LOAD C:/ST/STM32CubeIDE_1.17.0/STM32CubeIDE/plugins/com.st.stm32cube.ide.mcu.externaltools.gnu-tools-for-stm32.12.3.rel1.win32_1.1.0.202410251130/tools/bin/../lib/gcc/arm-none-eabi/12.3.1/thumb/v7-m/nofp/crtend.o
LOAD C:/ST/STM32CubeIDE_1.17.0/STM32CubeIDE/plugins/com.st.stm32cube.ide.mcu.externaltools.gnu-tools-for-stm32.12.3.rel1.win32_1.1.0.202410251130/tools/bin/../lib/gcc/arm-none-eabi/12.3.1/thumb/v7-m/nofp/crtn.o
                0x20010000                        _estack = (ORIGIN (RAM) + LENGTH (RAM))
                0x00000200                        _Min_Heap_Size = 0x200
                0x00000400                        _Min_Stack_Size = 0x400

.isr_vector     0x08000000      0x1e4
                0x08000000                        . = ALIGN (0x4)
 *(.isr_vector)
 .isr_vector    0x08000000      0x1e4 ./Core/Startup/startup_stm32f107vctx.o
                0x08000000                g_pfnVectors
                0x080001e4                        . = ALIGN (0x4)

.text           0x080001e4     0x631c
                0x080001e4                        . = ALIGN (0x4)
 *(.text)
 .text          0x080001e4       0x40 C:/ST/STM32CubeIDE_1.17.0/STM32CubeIDE/plugins/com.st.stm32cube.ide.mcu.externaltools.gnu-tools-for-stm32.12.3.rel1.win32_1.1.0.202410251130/tools/bin/../lib/gcc/arm-none-eabi/12.3.1/thumb/v7-m/nofp/crtbegin.o
 .text          0x08000224       0x14 C:/ST/STM32CubeIDE_1.17.0/STM32CubeIDE/plugins/com.st.stm32cube.ide.mcu.externaltools.gnu-tools-for-stm32.12.3.rel1.win32_1.1.0.202410251130/tools/bin/../lib/gcc/arm-none-eabi/12.3.1/../../../../arm-none-eabi/lib/thumb/v7-m/nofp\libc_nano.a(libc_a-strcmp.o)
                0x08000224                strcmp
 .text          0x08000238       0x10 C:/ST/STM32CubeIDE_1.17.0/STM32CubeIDE/plugins/com.st.stm32cube.ide.mcu.externaltools.gnu-tools-for-stm32.12.3.rel1.win32_1.1.0.202410251130/tools/bin/../lib/gcc/arm-none-eabi/12.3.1/../../../../arm-none-eabi/lib/thumb/v7-m/nofp\libc_nano.a(libc_a-strlen.o)
                0x08000238                strlen
 *(.text*)
 .text.LL_GPIO_SetOutputPin
                0x08000248       0x1e ./Core/Src/fault.o
 .text.LL_GPIO_ResetOutputPin
                0x08000266       0x1e ./Core/Src/fault.o
 .text.FAULT_CheckAndReport
                0x08000284       0xa8 ./Core/Src/fault.o
                0x08000284                FAULT_CheckAndReport
 .text.FAULT_5v_HandleInterrupt
                0x0800032c       0x20 ./Core/Src/fault.o
                0x0800032c                FAULT_5v_HandleInterrupt
 .text.FAULT_3v3_HandleInterrupt
                0x0800034c       0x20 ./Core/Src/fault.o
                0x0800034c                FAULT_3v3_HandleInterrupt
 .text.FAULT_5v_HandleMsg
                0x0800036c       0x54 ./Core/Src/fault.o
                0x0800036c                FAULT_5v_HandleMsg
 .text.FAULT_3v3_HandleMsg
                0x080003c0       0x54 ./Core/Src/fault.o
                0x080003c0                FAULT_3v3_HandleMsg
 .text.LL_DMA_EnableChannel
                0x08000414       0x3c ./Core/Src/leds.o
 .text.LL_DMA_DisableChannel
                0x08000450       0x3c ./Core/Src/leds.o
 .text.LL_DMA_SetDataLength
                0x0800048c       0x44 ./Core/Src/leds.o
 .text.LL_DMA_ConfigAddresses
                0x080004d0       0x74 ./Core/Src/leds.o
 .text.LL_TIM_EnableCounter
                0x08000544       0x1e ./Core/Src/leds.o
 .text.LL_TIM_DisableCounter
                0x08000562       0x1e ./Core/Src/leds.o
 .text.LL_TIM_CC_EnableChannel
                0x08000580       0x20 ./Core/Src/leds.o
 .text.LL_TIM_CC_DisableChannel
                0x080005a0       0x22 ./Core/Src/leds.o
 .text.LL_TIM_EnableDMAReq_CC1
                0x080005c2       0x1e ./Core/Src/leds.o
 .text.LL_TIM_DisableDMAReq_CC1
                0x080005e0       0x1e ./Core/Src/leds.o
 *fill*         0x080005fe        0x2 
 .text.addToPin
                0x08000600       0x90 ./Core/Src/leds.o
                0x08000600                addToPin
 .text.removeFromPin
                0x08000690       0x94 ./Core/Src/leds.o
                0x08000690                removeFromPin
 .text.clearLeds
                0x08000724       0x64 ./Core/Src/leds.o
                0x08000724                clearLeds
 .text.sendPixelData
                0x08000788      0x154 ./Core/Src/leds.o
                0x08000788                sendPixelData
 .text.PWM_Start_DMA
                0x080008dc       0x58 ./Core/Src/leds.o
                0x080008dc                PWM_Start_DMA
 .text.LL_TIM_PWM_PulseFinishedCallback
                0x08000934       0x30 ./Core/Src/leds.o
                0x08000934                LL_TIM_PWM_PulseFinishedCallback
 .text.__NVIC_SetPriorityGrouping
                0x08000964       0x48 ./Core/Src/main.o
 .text.__NVIC_GetPriorityGrouping
                0x080009ac       0x1c ./Core/Src/main.o
 .text.__NVIC_EnableIRQ
                0x080009c8       0x38 ./Core/Src/main.o
 .text.__NVIC_SetPriority
                0x08000a00       0x54 ./Core/Src/main.o
 .text.NVIC_EncodePriority
                0x08000a54       0x64 ./Core/Src/main.o
 .text.LL_ADC_REG_SetSequencerRanks
                0x08000ab8       0x6a ./Core/Src/main.o
 .text.LL_ADC_SetChannelSamplingTime
                0x08000b22       0x96 ./Core/Src/main.o
 .text.LL_DMA_SetDataTransferDirection
                0x08000bb8       0x48 ./Core/Src/main.o
 .text.LL_DMA_SetMode
                0x08000c00       0x44 ./Core/Src/main.o
 .text.LL_DMA_SetPeriphIncMode
                0x08000c44       0x44 ./Core/Src/main.o
 .text.LL_DMA_SetMemoryIncMode
                0x08000c88       0x44 ./Core/Src/main.o
 .text.LL_DMA_SetPeriphSize
                0x08000ccc       0x44 ./Core/Src/main.o
 .text.LL_DMA_SetMemorySize
                0x08000d10       0x44 ./Core/Src/main.o
 .text.LL_DMA_SetChannelPriorityLevel
                0x08000d54       0x44 ./Core/Src/main.o
 .text.LL_DMA_EnableIT_TC
                0x08000d98       0x3c ./Core/Src/main.o
 .text.LL_RCC_HSE_Enable
                0x08000dd4       0x1c ./Core/Src/main.o
 .text.LL_RCC_HSE_IsReady
                0x08000df0       0x24 ./Core/Src/main.o
 .text.LL_RCC_SetSysClkSource
                0x08000e14       0x28 ./Core/Src/main.o
 .text.LL_RCC_GetSysClkSource
                0x08000e3c       0x18 ./Core/Src/main.o
 .text.LL_RCC_SetAHBPrescaler
                0x08000e54       0x28 ./Core/Src/main.o
 .text.LL_RCC_SetAPB1Prescaler
                0x08000e7c       0x28 ./Core/Src/main.o
 .text.LL_RCC_SetAPB2Prescaler
                0x08000ea4       0x28 ./Core/Src/main.o
 .text.LL_RCC_SetADCClockSource
                0x08000ecc       0x28 ./Core/Src/main.o
 .text.LL_RCC_PLL_Enable
                0x08000ef4       0x1c ./Core/Src/main.o
 .text.LL_RCC_PLL_IsReady
                0x08000f10       0x24 ./Core/Src/main.o
 .text.LL_RCC_PLL_ConfigDomain_SYS
                0x08000f34       0x54 ./Core/Src/main.o
 .text.LL_AHB1_GRP1_EnableClock
                0x08000f88       0x30 ./Core/Src/main.o
 .text.LL_APB1_GRP1_EnableClock
                0x08000fb8       0x30 ./Core/Src/main.o
 .text.LL_APB2_GRP1_EnableClock
                0x08000fe8       0x30 ./Core/Src/main.o
 .text.LL_FLASH_SetLatency
                0x08001018       0x28 ./Core/Src/main.o
 .text.LL_FLASH_GetLatency
                0x08001040       0x18 ./Core/Src/main.o
 .text.LL_EXTI_EnableIT_0_31
                0x08001058       0x24 ./Core/Src/main.o
 .text.LL_TIM_EnableCounter
                0x0800107c       0x1e ./Core/Src/main.o
 .text.LL_TIM_DisableARRPreload
                0x0800109a       0x1e ./Core/Src/main.o
 .text.LL_TIM_OC_DisableFast
                0x080010b8       0x88 ./Core/Src/main.o
 .text.LL_TIM_OC_EnablePreload
                0x08001140       0x88 ./Core/Src/main.o
 .text.LL_TIM_SetClockSource
                0x080011c8       0x28 ./Core/Src/main.o
 .text.LL_TIM_SetTriggerOutput
                0x080011f0       0x24 ./Core/Src/main.o
 .text.LL_TIM_DisableMasterSlaveMode
                0x08001214       0x1e ./Core/Src/main.o
 .text.LL_USART_Enable
                0x08001232       0x1e ./Core/Src/main.o
 .text.LL_USART_ConfigAsyncMode
                0x08001250       0x2a ./Core/Src/main.o
 .text.LL_USART_IsActiveFlag_TC
                0x0800127a       0x24 ./Core/Src/main.o
 .text.LL_USART_IsActiveFlag_TXE
                0x0800129e       0x24 ./Core/Src/main.o
 .text.LL_USART_EnableIT_RXNE
                0x080012c2       0x44 ./Core/Src/main.o
 .text.LL_USART_TransmitData8
                0x08001306       0x1c ./Core/Src/main.o
 .text.LL_GPIO_SetPinMode
                0x08001322       0x64 ./Core/Src/main.o
 .text.LL_GPIO_SetOutputPin
                0x08001386       0x1e ./Core/Src/main.o
 .text.LL_GPIO_ResetOutputPin
                0x080013a4       0x1e ./Core/Src/main.o
 *fill*         0x080013c2        0x2 
 .text.LL_GPIO_AF_EnableRemap_USART2
                0x080013c4       0x20 ./Core/Src/main.o
 .text.LL_GPIO_AF_RemapPartial1_TIM2
                0x080013e4       0x28 ./Core/Src/main.o
 .text.LL_GPIO_AF_Remap_SWJ_NOJTAG
                0x0800140c       0x20 ./Core/Src/main.o
 .text.LL_GPIO_AF_SetEXTISource
                0x0800142c       0x5c ./Core/Src/main.o
 .text._write   0x08001488       0x5c ./Core/Src/main.o
                0x08001488                _write
 .text.main     0x080014e4       0xdc ./Core/Src/main.o
                0x080014e4                main
 .text.SystemClock_Config
                0x080015c0       0x84 ./Core/Src/main.o
                0x080015c0                SystemClock_Config
 .text.MX_ADC1_Init
                0x08001644      0x1d0 ./Core/Src/main.o
 .text.MX_TIM2_Init
                0x08001814      0x138 ./Core/Src/main.o
 .text.MX_TIM6_Init
                0x0800194c       0x54 ./Core/Src/main.o
 .text.MX_USART1_UART_Init
                0x080019a0       0xd0 ./Core/Src/main.o
 .text.MX_USART2_UART_Init
                0x08001a70       0xb0 ./Core/Src/main.o
 .text.MX_USART3_UART_Init
                0x08001b20       0xd0 ./Core/Src/main.o
 .text.MX_DMA_Init
                0x08001bf0       0x4e ./Core/Src/main.o
 *fill*         0x08001c3e        0x2 
 .text.MX_GPIO_Init
                0x08001c40      0x1a4 ./Core/Src/main.o
 .text.LL_GPIO_SetOutputPin
                0x08001de4       0x1e ./Core/Src/mux.o
 .text.LL_GPIO_ResetOutputPin
                0x08001e02       0x1e ./Core/Src/mux.o
 .text.getPortName
                0x08001e20       0x7c ./Core/Src/mux.o
                0x08001e20                getPortName
 .text.getPinName
                0x08001e9c      0x1d8 ./Core/Src/mux.o
                0x08001e9c                getPinName
 .text.setConnection
                0x08002074      0x1ac ./Core/Src/mux.o
                0x08002074                setConnection
 .text.routeBreadboard
                0x08002220      0x5d8 ./Core/Src/mux.o
                0x08002220                routeBreadboard
 .text.routeSignalAnalyzer
                0x080027f8      0x2c8 ./Core/Src/mux.o
                0x080027f8                routeSignalAnalyzer
 .text.clear    0x08002ac0      0x178 ./Core/Src/mux.o
                0x08002ac0                clear
 .text.processCommand
                0x08002c38      0x208 ./Core/Src/mux.o
                0x08002c38                processCommand
 .text.LL_USART_IsActiveFlag_TC
                0x08002e40       0x24 ./Core/Src/serial.o
 .text.LL_USART_IsActiveFlag_TXE
                0x08002e64       0x24 ./Core/Src/serial.o
 .text.LL_USART_TransmitData8
                0x08002e88       0x1c ./Core/Src/serial.o
 .text.sendRawUART
                0x08002ea4       0x58 ./Core/Src/serial.o
                0x08002ea4                sendRawUART
 .text.UART_ProcessReceivedByte
                0x08002efc       0xc0 ./Core/Src/serial.o
                0x08002efc                UART_ProcessReceivedByte
 .text.LL_ADC_DMA_GetRegAddr
                0x08002fbc       0x30 ./Core/Src/signal_analyzer.o
 .text.LL_ADC_REG_SetDMATransfer
                0x08002fec       0x24 ./Core/Src/signal_analyzer.o
 .text.LL_ADC_Enable
                0x08003010       0x1e ./Core/Src/signal_analyzer.o
 .text.LL_ADC_StartCalibration
                0x0800302e       0x1e ./Core/Src/signal_analyzer.o
 .text.LL_ADC_IsCalibrationOnGoing
                0x0800304c       0x24 ./Core/Src/signal_analyzer.o
 .text.LL_ADC_REG_StartConversionSWStart
                0x08003070       0x1e ./Core/Src/signal_analyzer.o
 *fill*         0x0800308e        0x2 
 .text.LL_DMA_EnableChannel
                0x08003090       0x3c ./Core/Src/signal_analyzer.o
 .text.LL_DMA_SetDataLength
                0x080030cc       0x44 ./Core/Src/signal_analyzer.o
 .text.LL_DMA_ConfigAddresses
                0x08003110       0x74 ./Core/Src/signal_analyzer.o
 .text.LL_TIM_GetCounter
                0x08003184       0x16 ./Core/Src/signal_analyzer.o
 *fill*         0x0800319a        0x2 
 .text.OscilloscopeInit
                0x0800319c       0x74 ./Core/Src/signal_analyzer.o
                0x0800319c                OscilloscopeInit
 .text.getTimestamp
                0x08003210       0x14 ./Core/Src/signal_analyzer.o
                0x08003210                getTimestamp
 .text.sendADCData
                0x08003224      0x140 ./Core/Src/signal_analyzer.o
                0x08003224                sendADCData
 .text.LL_DMA_IsActiveFlag_TC5
                0x08003364       0x26 ./Core/Src/stm32f1xx_it.o
 .text.LL_DMA_ClearFlag_TC5
                0x0800338a       0x1a ./Core/Src/stm32f1xx_it.o
 .text.LL_DMA_ClearFlag_HT5
                0x080033a4       0x1a ./Core/Src/stm32f1xx_it.o
 .text.LL_DMA_ClearFlag_TE5
                0x080033be       0x1a ./Core/Src/stm32f1xx_it.o
 .text.LL_EXTI_IsActiveFlag_0_31
                0x080033d8       0x2c ./Core/Src/stm32f1xx_it.o
 .text.LL_EXTI_ClearFlag_0_31
                0x08003404       0x1c ./Core/Src/stm32f1xx_it.o
 .text.LL_USART_IsActiveFlag_RXNE
                0x08003420       0x24 ./Core/Src/stm32f1xx_it.o
 .text.LL_USART_ReceiveData8
                0x08003444       0x18 ./Core/Src/stm32f1xx_it.o
 .text.NMI_Handler
                0x0800345c        0x8 ./Core/Src/stm32f1xx_it.o
                0x0800345c                NMI_Handler
 .text.HardFault_Handler
                0x08003464        0x8 ./Core/Src/stm32f1xx_it.o
                0x08003464                HardFault_Handler
 .text.MemManage_Handler
                0x0800346c        0x8 ./Core/Src/stm32f1xx_it.o
                0x0800346c                MemManage_Handler
 .text.BusFault_Handler
                0x08003474        0x8 ./Core/Src/stm32f1xx_it.o
                0x08003474                BusFault_Handler
 .text.UsageFault_Handler
                0x0800347c        0x8 ./Core/Src/stm32f1xx_it.o
                0x0800347c                UsageFault_Handler
 .text.SVC_Handler
                0x08003484        0xc ./Core/Src/stm32f1xx_it.o
                0x08003484                SVC_Handler
 .text.DebugMon_Handler
                0x08003490        0xc ./Core/Src/stm32f1xx_it.o
                0x08003490                DebugMon_Handler
 .text.PendSV_Handler
                0x0800349c        0xc ./Core/Src/stm32f1xx_it.o
                0x0800349c                PendSV_Handler
 .text.SysTick_Handler
                0x080034a8        0xc ./Core/Src/stm32f1xx_it.o
                0x080034a8                SysTick_Handler
 .text.DMA1_Channel1_IRQHandler
                0x080034b4        0xc ./Core/Src/stm32f1xx_it.o
                0x080034b4                DMA1_Channel1_IRQHandler
 .text.DMA1_Channel5_IRQHandler
                0x080034c0       0x34 ./Core/Src/stm32f1xx_it.o
                0x080034c0                DMA1_Channel5_IRQHandler
 .text.USART1_IRQHandler
                0x080034f4       0x48 ./Core/Src/stm32f1xx_it.o
                0x080034f4                USART1_IRQHandler
 .text.USART3_IRQHandler
                0x0800353c       0x48 ./Core/Src/stm32f1xx_it.o
                0x0800353c                USART3_IRQHandler
 .text.EXTI15_10_IRQHandler
                0x08003584       0x3c ./Core/Src/stm32f1xx_it.o
                0x08003584                EXTI15_10_IRQHandler
 .text._read    0x080035c0       0x3a ./Core/Src/syscalls.o
                0x080035c0                _read
 .text._close   0x080035fa       0x16 ./Core/Src/syscalls.o
                0x080035fa                _close
 .text._fstat   0x08003610       0x1e ./Core/Src/syscalls.o
                0x08003610                _fstat
 .text._isatty  0x0800362e       0x14 ./Core/Src/syscalls.o
                0x0800362e                _isatty
 .text._lseek   0x08003642       0x18 ./Core/Src/syscalls.o
                0x08003642                _lseek
 *fill*         0x0800365a        0x2 
 .text._sbrk    0x0800365c       0x6c ./Core/Src/sysmem.o
                0x0800365c                _sbrk
 .text.SystemInit
                0x080036c8        0xc ./Core/Src/system_stm32f1xx.o
                0x080036c8                SystemInit
 .text.Reset_Handler
                0x080036d4       0x48 ./Core/Startup/startup_stm32f107vctx.o
                0x080036d4                Reset_Handler
 .text.Default_Handler
                0x0800371c        0x2 ./Core/Startup/startup_stm32f107vctx.o
                0x0800371c                RTC_Alarm_IRQHandler
                0x0800371c                EXTI2_IRQHandler
                0x0800371c                TIM1_CC_IRQHandler
                0x0800371c                TIM6_IRQHandler
                0x0800371c                PVD_IRQHandler
                0x0800371c                CAN2_RX1_IRQHandler
                0x0800371c                EXTI3_IRQHandler
                0x0800371c                EXTI0_IRQHandler
                0x0800371c                I2C2_EV_IRQHandler
                0x0800371c                CAN1_RX0_IRQHandler
                0x0800371c                CAN2_SCE_IRQHandler
                0x0800371c                ADC1_2_IRQHandler
                0x0800371c                SPI1_IRQHandler
                0x0800371c                TAMPER_IRQHandler
                0x0800371c                CAN2_RX0_IRQHandler
                0x0800371c                DMA2_Channel2_IRQHandler
                0x0800371c                DMA1_Channel4_IRQHandler
                0x0800371c                RTC_IRQHandler
                0x0800371c                DMA1_Channel7_IRQHandler
                0x0800371c                CAN1_RX1_IRQHandler
                0x0800371c                UART5_IRQHandler
                0x0800371c                TIM4_IRQHandler
                0x0800371c                DMA2_Channel1_IRQHandler
                0x0800371c                I2C1_EV_IRQHandler
                0x0800371c                DMA1_Channel6_IRQHandler
                0x0800371c                UART4_IRQHandler
                0x0800371c                DMA2_Channel4_IRQHandler
                0x0800371c                TIM3_IRQHandler
                0x0800371c                RCC_IRQHandler
                0x0800371c                TIM1_TRG_COM_IRQHandler
                0x0800371c                Default_Handler
                0x0800371c                TIM7_IRQHandler
                0x0800371c                CAN2_TX_IRQHandler
                0x0800371c                TIM5_IRQHandler
                0x0800371c                EXTI9_5_IRQHandler
                0x0800371c                ETH_WKUP_IRQHandler
                0x0800371c                SPI2_IRQHandler
                0x0800371c                CAN1_TX_IRQHandler
                0x0800371c                DMA2_Channel5_IRQHandler
                0x0800371c                EXTI4_IRQHandler
                0x0800371c                DMA1_Channel3_IRQHandler
                0x0800371c                ETH_IRQHandler
                0x0800371c                TIM1_UP_IRQHandler
                0x0800371c                WWDG_IRQHandler
                0x0800371c                TIM2_IRQHandler
                0x0800371c                OTG_FS_WKUP_IRQHandler
                0x0800371c                TIM1_BRK_IRQHandler
                0x0800371c                EXTI1_IRQHandler
                0x0800371c                USART2_IRQHandler
                0x0800371c                I2C2_ER_IRQHandler
                0x0800371c                DMA1_Channel2_IRQHandler
                0x0800371c                CAN1_SCE_IRQHandler
                0x0800371c                FLASH_IRQHandler
                0x0800371c                OTG_FS_IRQHandler
                0x0800371c                SPI3_IRQHandler
                0x0800371c                I2C1_ER_IRQHandler
                0x0800371c                DMA2_Channel3_IRQHandler
 .text.LL_ADC_REG_SetSequencerLength
                0x0800371e       0x24 ./Drivers/STM32F1xx_HAL_Driver/Src/stm32f1xx_ll_adc.o
 .text.LL_ADC_IsEnabled
                0x08003742       0x24 ./Drivers/STM32F1xx_HAL_Driver/Src/stm32f1xx_ll_adc.o
 *fill*         0x08003766        0x2 
 .text.LL_ADC_CommonInit
                0x08003768       0x64 ./Drivers/STM32F1xx_HAL_Driver/Src/stm32f1xx_ll_adc.o
                0x08003768                LL_ADC_CommonInit
 .text.LL_ADC_Init
                0x080037cc       0x4e ./Drivers/STM32F1xx_HAL_Driver/Src/stm32f1xx_ll_adc.o
                0x080037cc                LL_ADC_Init
 .text.LL_ADC_REG_Init
                0x0800381a       0x8c ./Drivers/STM32F1xx_HAL_Driver/Src/stm32f1xx_ll_adc.o
                0x0800381a                LL_ADC_REG_Init
 *fill*         0x080038a6        0x2 
 .text.LL_EXTI_EnableIT_0_31
                0x080038a8       0x24 ./Drivers/STM32F1xx_HAL_Driver/Src/stm32f1xx_ll_exti.o
 .text.LL_EXTI_DisableIT_0_31
                0x080038cc       0x24 ./Drivers/STM32F1xx_HAL_Driver/Src/stm32f1xx_ll_exti.o
 .text.LL_EXTI_EnableEvent_0_31
                0x080038f0       0x24 ./Drivers/STM32F1xx_HAL_Driver/Src/stm32f1xx_ll_exti.o
 .text.LL_EXTI_DisableEvent_0_31
                0x08003914       0x24 ./Drivers/STM32F1xx_HAL_Driver/Src/stm32f1xx_ll_exti.o
 .text.LL_EXTI_EnableRisingTrig_0_31
                0x08003938       0x24 ./Drivers/STM32F1xx_HAL_Driver/Src/stm32f1xx_ll_exti.o
 .text.LL_EXTI_DisableRisingTrig_0_31
                0x0800395c       0x24 ./Drivers/STM32F1xx_HAL_Driver/Src/stm32f1xx_ll_exti.o
 .text.LL_EXTI_EnableFallingTrig_0_31
                0x08003980       0x24 ./Drivers/STM32F1xx_HAL_Driver/Src/stm32f1xx_ll_exti.o
 .text.LL_EXTI_DisableFallingTrig_0_31
                0x080039a4       0x24 ./Drivers/STM32F1xx_HAL_Driver/Src/stm32f1xx_ll_exti.o
 .text.LL_EXTI_Init
                0x080039c8       0xfe ./Drivers/STM32F1xx_HAL_Driver/Src/stm32f1xx_ll_exti.o
                0x080039c8                LL_EXTI_Init
 .text.LL_GPIO_SetPinMode
                0x08003ac6       0x64 ./Drivers/STM32F1xx_HAL_Driver/Src/stm32f1xx_ll_gpio.o
 .text.LL_GPIO_SetPinSpeed
                0x08003b2a       0x64 ./Drivers/STM32F1xx_HAL_Driver/Src/stm32f1xx_ll_gpio.o
 .text.LL_GPIO_SetPinOutputType
                0x08003b8e       0x64 ./Drivers/STM32F1xx_HAL_Driver/Src/stm32f1xx_ll_gpio.o
 .text.LL_GPIO_SetPinPull
                0x08003bf2       0x44 ./Drivers/STM32F1xx_HAL_Driver/Src/stm32f1xx_ll_gpio.o
 .text.LL_GPIO_Init
                0x08003c36       0xcc ./Drivers/STM32F1xx_HAL_Driver/Src/stm32f1xx_ll_gpio.o
                0x08003c36                LL_GPIO_Init
 *fill*         0x08003d02        0x2 
 .text.LL_RCC_HSE_GetPrediv2
                0x08003d04       0x18 ./Drivers/STM32F1xx_HAL_Driver/Src/stm32f1xx_ll_rcc.o
 .text.LL_RCC_GetSysClkSource
                0x08003d1c       0x18 ./Drivers/STM32F1xx_HAL_Driver/Src/stm32f1xx_ll_rcc.o
 .text.LL_RCC_GetAHBPrescaler
                0x08003d34       0x18 ./Drivers/STM32F1xx_HAL_Driver/Src/stm32f1xx_ll_rcc.o
 .text.LL_RCC_GetAPB1Prescaler
                0x08003d4c       0x18 ./Drivers/STM32F1xx_HAL_Driver/Src/stm32f1xx_ll_rcc.o
 .text.LL_RCC_GetAPB2Prescaler
                0x08003d64       0x18 ./Drivers/STM32F1xx_HAL_Driver/Src/stm32f1xx_ll_rcc.o
 .text.LL_RCC_PLL_GetMainSource
                0x08003d7c       0x30 ./Drivers/STM32F1xx_HAL_Driver/Src/stm32f1xx_ll_rcc.o
 .text.LL_RCC_PLL_GetMultiplicator
                0x08003dac       0x18 ./Drivers/STM32F1xx_HAL_Driver/Src/stm32f1xx_ll_rcc.o
 .text.LL_RCC_PLL_GetPrediv
                0x08003dc4       0x18 ./Drivers/STM32F1xx_HAL_Driver/Src/stm32f1xx_ll_rcc.o
 .text.LL_RCC_PLL2_GetMultiplicator
                0x08003ddc       0x18 ./Drivers/STM32F1xx_HAL_Driver/Src/stm32f1xx_ll_rcc.o
 .text.LL_RCC_GetSystemClocksFreq
                0x08003df4       0x4a ./Drivers/STM32F1xx_HAL_Driver/Src/stm32f1xx_ll_rcc.o
                0x08003df4                LL_RCC_GetSystemClocksFreq
 *fill*         0x08003e3e        0x2 
 .text.RCC_GetSystemClockFreq
                0x08003e40       0x4c ./Drivers/STM32F1xx_HAL_Driver/Src/stm32f1xx_ll_rcc.o
                0x08003e40                RCC_GetSystemClockFreq
 .text.RCC_GetHCLKClockFreq
                0x08003e8c       0x2c ./Drivers/STM32F1xx_HAL_Driver/Src/stm32f1xx_ll_rcc.o
                0x08003e8c                RCC_GetHCLKClockFreq
 .text.RCC_GetPCLK1ClockFreq
                0x08003eb8       0x28 ./Drivers/STM32F1xx_HAL_Driver/Src/stm32f1xx_ll_rcc.o
                0x08003eb8                RCC_GetPCLK1ClockFreq
 .text.RCC_GetPCLK2ClockFreq
                0x08003ee0       0x28 ./Drivers/STM32F1xx_HAL_Driver/Src/stm32f1xx_ll_rcc.o
                0x08003ee0                RCC_GetPCLK2ClockFreq
 .text.RCC_PLL_GetFreqDomain_SYS
                0x08003f08       0xa8 ./Drivers/STM32F1xx_HAL_Driver/Src/stm32f1xx_ll_rcc.o
                0x08003f08                RCC_PLL_GetFreqDomain_SYS
 .text.RCC_PLL2_GetFreqClockFreq
                0x08003fb0       0x30 ./Drivers/STM32F1xx_HAL_Driver/Src/stm32f1xx_ll_rcc.o
                0x08003fb0                RCC_PLL2_GetFreqClockFreq
 .text.LL_TIM_SetPrescaler
                0x08003fe0       0x1a ./Drivers/STM32F1xx_HAL_Driver/Src/stm32f1xx_ll_tim.o
 .text.LL_TIM_SetAutoReload
                0x08003ffa       0x1a ./Drivers/STM32F1xx_HAL_Driver/Src/stm32f1xx_ll_tim.o
 .text.LL_TIM_SetRepetitionCounter
                0x08004014       0x1a ./Drivers/STM32F1xx_HAL_Driver/Src/stm32f1xx_ll_tim.o
 .text.LL_TIM_OC_SetCompareCH1
                0x0800402e       0x1a ./Drivers/STM32F1xx_HAL_Driver/Src/stm32f1xx_ll_tim.o
 .text.LL_TIM_OC_SetCompareCH2
                0x08004048       0x1a ./Drivers/STM32F1xx_HAL_Driver/Src/stm32f1xx_ll_tim.o
 .text.LL_TIM_OC_SetCompareCH3
                0x08004062       0x1a ./Drivers/STM32F1xx_HAL_Driver/Src/stm32f1xx_ll_tim.o
 .text.LL_TIM_OC_SetCompareCH4
                0x0800407c       0x1a ./Drivers/STM32F1xx_HAL_Driver/Src/stm32f1xx_ll_tim.o
 .text.LL_TIM_GenerateEvent_UPDATE
                0x08004096       0x1e ./Drivers/STM32F1xx_HAL_Driver/Src/stm32f1xx_ll_tim.o
 .text.LL_TIM_Init
                0x080040b4       0xd0 ./Drivers/STM32F1xx_HAL_Driver/Src/stm32f1xx_ll_tim.o
                0x080040b4                LL_TIM_Init
 .text.LL_TIM_OC_Init
                0x08004184       0x82 ./Drivers/STM32F1xx_HAL_Driver/Src/stm32f1xx_ll_tim.o
                0x08004184                LL_TIM_OC_Init
 *fill*         0x08004206        0x2 
 .text.OC1Config
                0x08004208       0xcc ./Drivers/STM32F1xx_HAL_Driver/Src/stm32f1xx_ll_tim.o
 .text.OC2Config
                0x080042d4       0xd4 ./Drivers/STM32F1xx_HAL_Driver/Src/stm32f1xx_ll_tim.o
 .text.OC3Config
                0x080043a8       0xd4 ./Drivers/STM32F1xx_HAL_Driver/Src/stm32f1xx_ll_tim.o
 .text.OC4Config
                0x0800447c       0xa4 ./Drivers/STM32F1xx_HAL_Driver/Src/stm32f1xx_ll_tim.o
 .text.LL_USART_IsEnabled
                0x08004520       0x26 ./Drivers/STM32F1xx_HAL_Driver/Src/stm32f1xx_ll_usart.o
 .text.LL_USART_SetStopBitsLength
                0x08004546       0x24 ./Drivers/STM32F1xx_HAL_Driver/Src/stm32f1xx_ll_usart.o
 .text.LL_USART_SetHWFlowCtrl
                0x0800456a       0x24 ./Drivers/STM32F1xx_HAL_Driver/Src/stm32f1xx_ll_usart.o
 *fill*         0x0800458e        0x2 
 .text.LL_USART_SetBaudRate
                0x08004590       0xbc ./Drivers/STM32F1xx_HAL_Driver/Src/stm32f1xx_ll_usart.o
 .text.LL_USART_Init
                0x0800464c       0xe4 ./Drivers/STM32F1xx_HAL_Driver/Src/stm32f1xx_ll_usart.o
                0x0800464c                LL_USART_Init
 .text.LL_InitTick
                0x08004730       0x34 ./Drivers/STM32F1xx_HAL_Driver/Src/stm32f1xx_ll_utils.o
 .text.LL_Init1msTick
                0x08004764       0x1a ./Drivers/STM32F1xx_HAL_Driver/Src/stm32f1xx_ll_utils.o
                0x08004764                LL_Init1msTick
 *fill*         0x0800477e        0x2 
 .text.LL_mDelay
                0x08004780       0x48 ./Drivers/STM32F1xx_HAL_Driver/Src/stm32f1xx_ll_utils.o
                0x08004780                LL_mDelay
 .text.LL_SetSystemCoreClock
                0x080047c8       0x1c ./Drivers/STM32F1xx_HAL_Driver/Src/stm32f1xx_ll_utils.o
                0x080047c8                LL_SetSystemCoreClock
 .text.__sflush_r
                0x080047e4      0x100 C:/ST/STM32CubeIDE_1.17.0/STM32CubeIDE/plugins/com.st.stm32cube.ide.mcu.externaltools.gnu-tools-for-stm32.12.3.rel1.win32_1.1.0.202410251130/tools/bin/../lib/gcc/arm-none-eabi/12.3.1/../../../../arm-none-eabi/lib/thumb/v7-m/nofp\libc_nano.a(libc_a-fflush.o)
                0x080047e4                __sflush_r
 .text._fflush_r
                0x080048e4       0x50 C:/ST/STM32CubeIDE_1.17.0/STM32CubeIDE/plugins/com.st.stm32cube.ide.mcu.externaltools.gnu-tools-for-stm32.12.3.rel1.win32_1.1.0.202410251130/tools/bin/../lib/gcc/arm-none-eabi/12.3.1/../../../../arm-none-eabi/lib/thumb/v7-m/nofp\libc_nano.a(libc_a-fflush.o)
                0x080048e4                _fflush_r
 .text.fflush   0x08004934       0x28 C:/ST/STM32CubeIDE_1.17.0/STM32CubeIDE/plugins/com.st.stm32cube.ide.mcu.externaltools.gnu-tools-for-stm32.12.3.rel1.win32_1.1.0.202410251130/tools/bin/../lib/gcc/arm-none-eabi/12.3.1/../../../../arm-none-eabi/lib/thumb/v7-m/nofp\libc_nano.a(libc_a-fflush.o)
                0x08004934                fflush
 .text.std      0x0800495c       0x6c C:/ST/STM32CubeIDE_1.17.0/STM32CubeIDE/plugins/com.st.stm32cube.ide.mcu.externaltools.gnu-tools-for-stm32.12.3.rel1.win32_1.1.0.202410251130/tools/bin/../lib/gcc/arm-none-eabi/12.3.1/../../../../arm-none-eabi/lib/thumb/v7-m/nofp\libc_nano.a(libc_a-findfp.o)
 .text.stdio_exit_handler
                0x080049c8       0x18 C:/ST/STM32CubeIDE_1.17.0/STM32CubeIDE/plugins/com.st.stm32cube.ide.mcu.externaltools.gnu-tools-for-stm32.12.3.rel1.win32_1.1.0.202410251130/tools/bin/../lib/gcc/arm-none-eabi/12.3.1/../../../../arm-none-eabi/lib/thumb/v7-m/nofp\libc_nano.a(libc_a-findfp.o)
 .text.cleanup_stdio
                0x080049e0       0x40 C:/ST/STM32CubeIDE_1.17.0/STM32CubeIDE/plugins/com.st.stm32cube.ide.mcu.externaltools.gnu-tools-for-stm32.12.3.rel1.win32_1.1.0.202410251130/tools/bin/../lib/gcc/arm-none-eabi/12.3.1/../../../../arm-none-eabi/lib/thumb/v7-m/nofp\libc_nano.a(libc_a-findfp.o)
 .text.global_stdio_init.part.0
                0x08004a20       0x3c C:/ST/STM32CubeIDE_1.17.0/STM32CubeIDE/plugins/com.st.stm32cube.ide.mcu.externaltools.gnu-tools-for-stm32.12.3.rel1.win32_1.1.0.202410251130/tools/bin/../lib/gcc/arm-none-eabi/12.3.1/../../../../arm-none-eabi/lib/thumb/v7-m/nofp\libc_nano.a(libc_a-findfp.o)
 .text.__sfp_lock_acquire
                0x08004a5c        0xc C:/ST/STM32CubeIDE_1.17.0/STM32CubeIDE/plugins/com.st.stm32cube.ide.mcu.externaltools.gnu-tools-for-stm32.12.3.rel1.win32_1.1.0.202410251130/tools/bin/../lib/gcc/arm-none-eabi/12.3.1/../../../../arm-none-eabi/lib/thumb/v7-m/nofp\libc_nano.a(libc_a-findfp.o)
                0x08004a5c                __sfp_lock_acquire
 .text.__sfp_lock_release
                0x08004a68        0xc C:/ST/STM32CubeIDE_1.17.0/STM32CubeIDE/plugins/com.st.stm32cube.ide.mcu.externaltools.gnu-tools-for-stm32.12.3.rel1.win32_1.1.0.202410251130/tools/bin/../lib/gcc/arm-none-eabi/12.3.1/../../../../arm-none-eabi/lib/thumb/v7-m/nofp\libc_nano.a(libc_a-findfp.o)
                0x08004a68                __sfp_lock_release
 .text.__sinit  0x08004a74       0x30 C:/ST/STM32CubeIDE_1.17.0/STM32CubeIDE/plugins/com.st.stm32cube.ide.mcu.externaltools.gnu-tools-for-stm32.12.3.rel1.win32_1.1.0.202410251130/tools/bin/../lib/gcc/arm-none-eabi/12.3.1/../../../../arm-none-eabi/lib/thumb/v7-m/nofp\libc_nano.a(libc_a-findfp.o)
                0x08004a74                __sinit
 .text._fwalk_sglue
                0x08004aa4       0x3c C:/ST/STM32CubeIDE_1.17.0/STM32CubeIDE/plugins/com.st.stm32cube.ide.mcu.externaltools.gnu-tools-for-stm32.12.3.rel1.win32_1.1.0.202410251130/tools/bin/../lib/gcc/arm-none-eabi/12.3.1/../../../../arm-none-eabi/lib/thumb/v7-m/nofp\libc_nano.a(libc_a-fwalk.o)
                0x08004aa4                _fwalk_sglue
 .text.printf   0x08004ae0       0x24 C:/ST/STM32CubeIDE_1.17.0/STM32CubeIDE/plugins/com.st.stm32cube.ide.mcu.externaltools.gnu-tools-for-stm32.12.3.rel1.win32_1.1.0.202410251130/tools/bin/../lib/gcc/arm-none-eabi/12.3.1/../../../../arm-none-eabi/lib/thumb/v7-m/nofp\libc_nano.a(libc_a-printf.o)
                0x08004ae0                iprintf
                0x08004ae0                printf
 .text.putchar  0x08004b04       0x10 C:/ST/STM32CubeIDE_1.17.0/STM32CubeIDE/plugins/com.st.stm32cube.ide.mcu.externaltools.gnu-tools-for-stm32.12.3.rel1.win32_1.1.0.202410251130/tools/bin/../lib/gcc/arm-none-eabi/12.3.1/../../../../arm-none-eabi/lib/thumb/v7-m/nofp\libc_nano.a(libc_a-putchar.o)
                0x08004b04                putchar
 .text._puts_r  0x08004b14       0xaa C:/ST/STM32CubeIDE_1.17.0/STM32CubeIDE/plugins/com.st.stm32cube.ide.mcu.externaltools.gnu-tools-for-stm32.12.3.rel1.win32_1.1.0.202410251130/tools/bin/../lib/gcc/arm-none-eabi/12.3.1/../../../../arm-none-eabi/lib/thumb/v7-m/nofp\libc_nano.a(libc_a-puts.o)
                0x08004b14                _puts_r
 *fill*         0x08004bbe        0x2 
 .text.puts     0x08004bc0       0x10 C:/ST/STM32CubeIDE_1.17.0/STM32CubeIDE/plugins/com.st.stm32cube.ide.mcu.externaltools.gnu-tools-for-stm32.12.3.rel1.win32_1.1.0.202410251130/tools/bin/../lib/gcc/arm-none-eabi/12.3.1/../../../../arm-none-eabi/lib/thumb/v7-m/nofp\libc_nano.a(libc_a-puts.o)
                0x08004bc0                puts
 .text.snprintf
                0x08004bd0       0x68 C:/ST/STM32CubeIDE_1.17.0/STM32CubeIDE/plugins/com.st.stm32cube.ide.mcu.externaltools.gnu-tools-for-stm32.12.3.rel1.win32_1.1.0.202410251130/tools/bin/../lib/gcc/arm-none-eabi/12.3.1/../../../../arm-none-eabi/lib/thumb/v7-m/nofp\libc_nano.a(libc_a-snprintf.o)
                0x08004bd0                sniprintf
                0x08004bd0                snprintf
 .text.sscanf   0x08004c38       0x54 C:/ST/STM32CubeIDE_1.17.0/STM32CubeIDE/plugins/com.st.stm32cube.ide.mcu.externaltools.gnu-tools-for-stm32.12.3.rel1.win32_1.1.0.202410251130/tools/bin/../lib/gcc/arm-none-eabi/12.3.1/../../../../arm-none-eabi/lib/thumb/v7-m/nofp\libc_nano.a(libc_a-sscanf.o)
                0x08004c38                siscanf
                0x08004c38                sscanf
 .text.__sread  0x08004c8c       0x22 C:/ST/STM32CubeIDE_1.17.0/STM32CubeIDE/plugins/com.st.stm32cube.ide.mcu.externaltools.gnu-tools-for-stm32.12.3.rel1.win32_1.1.0.202410251130/tools/bin/../lib/gcc/arm-none-eabi/12.3.1/../../../../arm-none-eabi/lib/thumb/v7-m/nofp\libc_nano.a(libc_a-stdio.o)
                0x08004c8c                __sread
 .text.__seofread
                0x08004cae        0x4 C:/ST/STM32CubeIDE_1.17.0/STM32CubeIDE/plugins/com.st.stm32cube.ide.mcu.externaltools.gnu-tools-for-stm32.12.3.rel1.win32_1.1.0.202410251130/tools/bin/../lib/gcc/arm-none-eabi/12.3.1/../../../../arm-none-eabi/lib/thumb/v7-m/nofp\libc_nano.a(libc_a-stdio.o)
                0x08004cae                __seofread
 .text.__swrite
                0x08004cb2       0x38 C:/ST/STM32CubeIDE_1.17.0/STM32CubeIDE/plugins/com.st.stm32cube.ide.mcu.externaltools.gnu-tools-for-stm32.12.3.rel1.win32_1.1.0.202410251130/tools/bin/../lib/gcc/arm-none-eabi/12.3.1/../../../../arm-none-eabi/lib/thumb/v7-m/nofp\libc_nano.a(libc_a-stdio.o)
                0x08004cb2                __swrite
 .text.__sseek  0x08004cea       0x24 C:/ST/STM32CubeIDE_1.17.0/STM32CubeIDE/plugins/com.st.stm32cube.ide.mcu.externaltools.gnu-tools-for-stm32.12.3.rel1.win32_1.1.0.202410251130/tools/bin/../lib/gcc/arm-none-eabi/12.3.1/../../../../arm-none-eabi/lib/thumb/v7-m/nofp\libc_nano.a(libc_a-stdio.o)
                0x08004cea                __sseek
 .text.__sclose
                0x08004d0e        0x8 C:/ST/STM32CubeIDE_1.17.0/STM32CubeIDE/plugins/com.st.stm32cube.ide.mcu.externaltools.gnu-tools-for-stm32.12.3.rel1.win32_1.1.0.202410251130/tools/bin/../lib/gcc/arm-none-eabi/12.3.1/../../../../arm-none-eabi/lib/thumb/v7-m/nofp\libc_nano.a(libc_a-stdio.o)
                0x08004d0e                __sclose
 .text.__swbuf_r
                0x08004d16       0x7c C:/ST/STM32CubeIDE_1.17.0/STM32CubeIDE/plugins/com.st.stm32cube.ide.mcu.externaltools.gnu-tools-for-stm32.12.3.rel1.win32_1.1.0.202410251130/tools/bin/../lib/gcc/arm-none-eabi/12.3.1/../../../../arm-none-eabi/lib/thumb/v7-m/nofp\libc_nano.a(libc_a-wbuf.o)
                0x08004d16                __swbuf_r
 *fill*         0x08004d92        0x2 
 .text.__swsetup_r
                0x08004d94       0xac C:/ST/STM32CubeIDE_1.17.0/STM32CubeIDE/plugins/com.st.stm32cube.ide.mcu.externaltools.gnu-tools-for-stm32.12.3.rel1.win32_1.1.0.202410251130/tools/bin/../lib/gcc/arm-none-eabi/12.3.1/../../../../arm-none-eabi/lib/thumb/v7-m/nofp\libc_nano.a(libc_a-wsetup.o)
                0x08004d94                __swsetup_r
 .text.memset   0x08004e40       0x10 C:/ST/STM32CubeIDE_1.17.0/STM32CubeIDE/plugins/com.st.stm32cube.ide.mcu.externaltools.gnu-tools-for-stm32.12.3.rel1.win32_1.1.0.202410251130/tools/bin/../lib/gcc/arm-none-eabi/12.3.1/../../../../arm-none-eabi/lib/thumb/v7-m/nofp\libc_nano.a(libc_a-memset.o)
                0x08004e40                memset
 .text.strncmp  0x08004e50       0x24 C:/ST/STM32CubeIDE_1.17.0/STM32CubeIDE/plugins/com.st.stm32cube.ide.mcu.externaltools.gnu-tools-for-stm32.12.3.rel1.win32_1.1.0.202410251130/tools/bin/../lib/gcc/arm-none-eabi/12.3.1/../../../../arm-none-eabi/lib/thumb/v7-m/nofp\libc_nano.a(libc_a-strncmp.o)
                0x08004e50                strncmp
 .text._close_r
                0x08004e74       0x20 C:/ST/STM32CubeIDE_1.17.0/STM32CubeIDE/plugins/com.st.stm32cube.ide.mcu.externaltools.gnu-tools-for-stm32.12.3.rel1.win32_1.1.0.202410251130/tools/bin/../lib/gcc/arm-none-eabi/12.3.1/../../../../arm-none-eabi/lib/thumb/v7-m/nofp\libc_nano.a(libc_a-closer.o)
                0x08004e74                _close_r
 .text._lseek_r
                0x08004e94       0x24 C:/ST/STM32CubeIDE_1.17.0/STM32CubeIDE/plugins/com.st.stm32cube.ide.mcu.externaltools.gnu-tools-for-stm32.12.3.rel1.win32_1.1.0.202410251130/tools/bin/../lib/gcc/arm-none-eabi/12.3.1/../../../../arm-none-eabi/lib/thumb/v7-m/nofp\libc_nano.a(libc_a-lseekr.o)
                0x08004e94                _lseek_r
 .text._read_r  0x08004eb8       0x24 C:/ST/STM32CubeIDE_1.17.0/STM32CubeIDE/plugins/com.st.stm32cube.ide.mcu.externaltools.gnu-tools-for-stm32.12.3.rel1.win32_1.1.0.202410251130/tools/bin/../lib/gcc/arm-none-eabi/12.3.1/../../../../arm-none-eabi/lib/thumb/v7-m/nofp\libc_nano.a(libc_a-readr.o)
                0x08004eb8                _read_r
 .text._write_r
                0x08004edc       0x24 C:/ST/STM32CubeIDE_1.17.0/STM32CubeIDE/plugins/com.st.stm32cube.ide.mcu.externaltools.gnu-tools-for-stm32.12.3.rel1.win32_1.1.0.202410251130/tools/bin/../lib/gcc/arm-none-eabi/12.3.1/../../../../arm-none-eabi/lib/thumb/v7-m/nofp\libc_nano.a(libc_a-writer.o)
                0x08004edc                _write_r
 .text.__errno  0x08004f00        0xc C:/ST/STM32CubeIDE_1.17.0/STM32CubeIDE/plugins/com.st.stm32cube.ide.mcu.externaltools.gnu-tools-for-stm32.12.3.rel1.win32_1.1.0.202410251130/tools/bin/../lib/gcc/arm-none-eabi/12.3.1/../../../../arm-none-eabi/lib/thumb/v7-m/nofp\libc_nano.a(libc_a-errno.o)
                0x08004f00                __errno
 .text.__libc_init_array
                0x08004f0c       0x48 C:/ST/STM32CubeIDE_1.17.0/STM32CubeIDE/plugins/com.st.stm32cube.ide.mcu.externaltools.gnu-tools-for-stm32.12.3.rel1.win32_1.1.0.202410251130/tools/bin/../lib/gcc/arm-none-eabi/12.3.1/../../../../arm-none-eabi/lib/thumb/v7-m/nofp\libc_nano.a(libc_a-init.o)
                0x08004f0c                __libc_init_array
 .text.__retarget_lock_init_recursive
                0x08004f54        0x2 C:/ST/STM32CubeIDE_1.17.0/STM32CubeIDE/plugins/com.st.stm32cube.ide.mcu.externaltools.gnu-tools-for-stm32.12.3.rel1.win32_1.1.0.202410251130/tools/bin/../lib/gcc/arm-none-eabi/12.3.1/../../../../arm-none-eabi/lib/thumb/v7-m/nofp\libc_nano.a(libc_a-lock.o)
                0x08004f54                __retarget_lock_init_recursive
 .text.__retarget_lock_acquire_recursive
                0x08004f56        0x2 C:/ST/STM32CubeIDE_1.17.0/STM32CubeIDE/plugins/com.st.stm32cube.ide.mcu.externaltools.gnu-tools-for-stm32.12.3.rel1.win32_1.1.0.202410251130/tools/bin/../lib/gcc/arm-none-eabi/12.3.1/../../../../arm-none-eabi/lib/thumb/v7-m/nofp\libc_nano.a(libc_a-lock.o)
                0x08004f56                __retarget_lock_acquire_recursive
 .text.__retarget_lock_release_recursive
                0x08004f58        0x2 C:/ST/STM32CubeIDE_1.17.0/STM32CubeIDE/plugins/com.st.stm32cube.ide.mcu.externaltools.gnu-tools-for-stm32.12.3.rel1.win32_1.1.0.202410251130/tools/bin/../lib/gcc/arm-none-eabi/12.3.1/../../../../arm-none-eabi/lib/thumb/v7-m/nofp\libc_nano.a(libc_a-lock.o)
                0x08004f58                __retarget_lock_release_recursive
 .text.memcpy   0x08004f5a       0x1c C:/ST/STM32CubeIDE_1.17.0/STM32CubeIDE/plugins/com.st.stm32cube.ide.mcu.externaltools.gnu-tools-for-stm32.12.3.rel1.win32_1.1.0.202410251130/tools/bin/../lib/gcc/arm-none-eabi/12.3.1/../../../../arm-none-eabi/lib/thumb/v7-m/nofp\libc_nano.a(libc_a-memcpy-stub.o)
                0x08004f5a                memcpy
 *fill*         0x08004f76        0x2 
 .text._free_r  0x08004f78       0x90 C:/ST/STM32CubeIDE_1.17.0/STM32CubeIDE/plugins/com.st.stm32cube.ide.mcu.externaltools.gnu-tools-for-stm32.12.3.rel1.win32_1.1.0.202410251130/tools/bin/../lib/gcc/arm-none-eabi/12.3.1/../../../../arm-none-eabi/lib/thumb/v7-m/nofp\libc_nano.a(libc_a-freer.o)
                0x08004f78                _free_r
 .text.sbrk_aligned
                0x08005008       0x44 C:/ST/STM32CubeIDE_1.17.0/STM32CubeIDE/plugins/com.st.stm32cube.ide.mcu.externaltools.gnu-tools-for-stm32.12.3.rel1.win32_1.1.0.202410251130/tools/bin/../lib/gcc/arm-none-eabi/12.3.1/../../../../arm-none-eabi/lib/thumb/v7-m/nofp\libc_nano.a(libc_a-mallocr.o)
 .text._malloc_r
                0x0800504c      0x100 C:/ST/STM32CubeIDE_1.17.0/STM32CubeIDE/plugins/com.st.stm32cube.ide.mcu.externaltools.gnu-tools-for-stm32.12.3.rel1.win32_1.1.0.202410251130/tools/bin/../lib/gcc/arm-none-eabi/12.3.1/../../../../arm-none-eabi/lib/thumb/v7-m/nofp\libc_nano.a(libc_a-mallocr.o)
                0x0800504c                _malloc_r
 .text.__malloc_lock
                0x0800514c        0xc C:/ST/STM32CubeIDE_1.17.0/STM32CubeIDE/plugins/com.st.stm32cube.ide.mcu.externaltools.gnu-tools-for-stm32.12.3.rel1.win32_1.1.0.202410251130/tools/bin/../lib/gcc/arm-none-eabi/12.3.1/../../../../arm-none-eabi/lib/thumb/v7-m/nofp\libc_nano.a(libc_a-mlock.o)
                0x0800514c                __malloc_lock
 .text.__malloc_unlock
                0x08005158        0xc C:/ST/STM32CubeIDE_1.17.0/STM32CubeIDE/plugins/com.st.stm32cube.ide.mcu.externaltools.gnu-tools-for-stm32.12.3.rel1.win32_1.1.0.202410251130/tools/bin/../lib/gcc/arm-none-eabi/12.3.1/../../../../arm-none-eabi/lib/thumb/v7-m/nofp\libc_nano.a(libc_a-mlock.o)
                0x08005158                __malloc_unlock
 .text.__ssputs_r
                0x08005164       0xb6 C:/ST/STM32CubeIDE_1.17.0/STM32CubeIDE/plugins/com.st.stm32cube.ide.mcu.externaltools.gnu-tools-for-stm32.12.3.rel1.win32_1.1.0.202410251130/tools/bin/../lib/gcc/arm-none-eabi/12.3.1/../../../../arm-none-eabi/lib/thumb/v7-m/nofp\libc_nano.a(libc_a-nano-svfprintf.o)
                0x08005164                __ssputs_r
 *fill*         0x0800521a        0x2 
 .text._svfprintf_r
                0x0800521c      0x1f8 C:/ST/STM32CubeIDE_1.17.0/STM32CubeIDE/plugins/com.st.stm32cube.ide.mcu.externaltools.gnu-tools-for-stm32.12.3.rel1.win32_1.1.0.202410251130/tools/bin/../lib/gcc/arm-none-eabi/12.3.1/../../../../arm-none-eabi/lib/thumb/v7-m/nofp\libc_nano.a(libc_a-nano-svfprintf.o)
                0x0800521c                _svfiprintf_r
                0x0800521c                _svfprintf_r
 .text._sungetc_r
                0x08005414       0x76 C:/ST/STM32CubeIDE_1.17.0/STM32CubeIDE/plugins/com.st.stm32cube.ide.mcu.externaltools.gnu-tools-for-stm32.12.3.rel1.win32_1.1.0.202410251130/tools/bin/../lib/gcc/arm-none-eabi/12.3.1/../../../../arm-none-eabi/lib/thumb/v7-m/nofp\libc_nano.a(libc_a-nano-svfscanf.o)
                0x08005414                _sungetc_r
 .text.__ssrefill_r
                0x0800548a       0x3a C:/ST/STM32CubeIDE_1.17.0/STM32CubeIDE/plugins/com.st.stm32cube.ide.mcu.externaltools.gnu-tools-for-stm32.12.3.rel1.win32_1.1.0.202410251130/tools/bin/../lib/gcc/arm-none-eabi/12.3.1/../../../../arm-none-eabi/lib/thumb/v7-m/nofp\libc_nano.a(libc_a-nano-svfscanf.o)
                0x0800548a                __ssrefill_r
 .text.__ssvfscanf_r
                0x080054c4      0x2e4 C:/ST/STM32CubeIDE_1.17.0/STM32CubeIDE/plugins/com.st.stm32cube.ide.mcu.externaltools.gnu-tools-for-stm32.12.3.rel1.win32_1.1.0.202410251130/tools/bin/../lib/gcc/arm-none-eabi/12.3.1/../../../../arm-none-eabi/lib/thumb/v7-m/nofp\libc_nano.a(libc_a-nano-svfscanf.o)
                0x080054c4                __ssvfiscanf_r
                0x080054c4                __ssvfscanf_r
 .text.__sfputc_r
                0x080057a8       0x2a C:/ST/STM32CubeIDE_1.17.0/STM32CubeIDE/plugins/com.st.stm32cube.ide.mcu.externaltools.gnu-tools-for-stm32.12.3.rel1.win32_1.1.0.202410251130/tools/bin/../lib/gcc/arm-none-eabi/12.3.1/../../../../arm-none-eabi/lib/thumb/v7-m/nofp\libc_nano.a(libc_a-nano-vfprintf.o)
 .text.__sfputs_r
                0x080057d2       0x24 C:/ST/STM32CubeIDE_1.17.0/STM32CubeIDE/plugins/com.st.stm32cube.ide.mcu.externaltools.gnu-tools-for-stm32.12.3.rel1.win32_1.1.0.202410251130/tools/bin/../lib/gcc/arm-none-eabi/12.3.1/../../../../arm-none-eabi/lib/thumb/v7-m/nofp\libc_nano.a(libc_a-nano-vfprintf.o)
                0x080057d2                __sfputs_r
 *fill*         0x080057f6        0x2 
 .text._vfprintf_r
                0x080057f8      0x230 C:/ST/STM32CubeIDE_1.17.0/STM32CubeIDE/plugins/com.st.stm32cube.ide.mcu.externaltools.gnu-tools-for-stm32.12.3.rel1.win32_1.1.0.202410251130/tools/bin/../lib/gcc/arm-none-eabi/12.3.1/../../../../arm-none-eabi/lib/thumb/v7-m/nofp\libc_nano.a(libc_a-nano-vfprintf.o)
                0x080057f8                _vfprintf_r
                0x080057f8                _vfiprintf_r
 .text._printf_common
                0x08005a28       0xe4 C:/ST/STM32CubeIDE_1.17.0/STM32CubeIDE/plugins/com.st.stm32cube.ide.mcu.externaltools.gnu-tools-for-stm32.12.3.rel1.win32_1.1.0.202410251130/tools/bin/../lib/gcc/arm-none-eabi/12.3.1/../../../../arm-none-eabi/lib/thumb/v7-m/nofp\libc_nano.a(libc_a-nano-vfprintf_i.o)
                0x08005a28                _printf_common
 .text._printf_i
                0x08005b0c      0x240 C:/ST/STM32CubeIDE_1.17.0/STM32CubeIDE/plugins/com.st.stm32cube.ide.mcu.externaltools.gnu-tools-for-stm32.12.3.rel1.win32_1.1.0.202410251130/tools/bin/../lib/gcc/arm-none-eabi/12.3.1/../../../../arm-none-eabi/lib/thumb/v7-m/nofp\libc_nano.a(libc_a-nano-vfprintf_i.o)
                0x08005b0c                _printf_i
 .text._scanf_chars
                0x08005d4c       0xb4 C:/ST/STM32CubeIDE_1.17.0/STM32CubeIDE/plugins/com.st.stm32cube.ide.mcu.externaltools.gnu-tools-for-stm32.12.3.rel1.win32_1.1.0.202410251130/tools/bin/../lib/gcc/arm-none-eabi/12.3.1/../../../../arm-none-eabi/lib/thumb/v7-m/nofp\libc_nano.a(libc_a-nano-vfscanf_i.o)
                0x08005d4c                _scanf_chars
 .text._scanf_i
                0x08005e00      0x1e4 C:/ST/STM32CubeIDE_1.17.0/STM32CubeIDE/plugins/com.st.stm32cube.ide.mcu.externaltools.gnu-tools-for-stm32.12.3.rel1.win32_1.1.0.202410251130/tools/bin/../lib/gcc/arm-none-eabi/12.3.1/../../../../arm-none-eabi/lib/thumb/v7-m/nofp\libc_nano.a(libc_a-nano-vfscanf_i.o)
                0x08005e00                _scanf_i
 .text.__swhatbuf_r
                0x08005fe4       0x4a C:/ST/STM32CubeIDE_1.17.0/STM32CubeIDE/plugins/com.st.stm32cube.ide.mcu.externaltools.gnu-tools-for-stm32.12.3.rel1.win32_1.1.0.202410251130/tools/bin/../lib/gcc/arm-none-eabi/12.3.1/../../../../arm-none-eabi/lib/thumb/v7-m/nofp\libc_nano.a(libc_a-makebuf.o)
                0x08005fe4                __swhatbuf_r
 .text.__smakebuf_r
                0x0800602e       0x78 C:/ST/STM32CubeIDE_1.17.0/STM32CubeIDE/plugins/com.st.stm32cube.ide.mcu.externaltools.gnu-tools-for-stm32.12.3.rel1.win32_1.1.0.202410251130/tools/bin/../lib/gcc/arm-none-eabi/12.3.1/../../../../arm-none-eabi/lib/thumb/v7-m/nofp\libc_nano.a(libc_a-makebuf.o)
                0x0800602e                __smakebuf_r
 .text._putc_r  0x080060a6       0x68 C:/ST/STM32CubeIDE_1.17.0/STM32CubeIDE/plugins/com.st.stm32cube.ide.mcu.externaltools.gnu-tools-for-stm32.12.3.rel1.win32_1.1.0.202410251130/tools/bin/../lib/gcc/arm-none-eabi/12.3.1/../../../../arm-none-eabi/lib/thumb/v7-m/nofp\libc_nano.a(libc_a-putc.o)
                0x080060a6                _putc_r
 .text.__sccl   0x0800610e       0x72 C:/ST/STM32CubeIDE_1.17.0/STM32CubeIDE/plugins/com.st.stm32cube.ide.mcu.externaltools.gnu-tools-for-stm32.12.3.rel1.win32_1.1.0.202410251130/tools/bin/../lib/gcc/arm-none-eabi/12.3.1/../../../../arm-none-eabi/lib/thumb/v7-m/nofp\libc_nano.a(libc_a-sccl.o)
                0x0800610e                __sccl
 .text.__submore
                0x08006180       0x70 C:/ST/STM32CubeIDE_1.17.0/STM32CubeIDE/plugins/com.st.stm32cube.ide.mcu.externaltools.gnu-tools-for-stm32.12.3.rel1.win32_1.1.0.202410251130/tools/bin/../lib/gcc/arm-none-eabi/12.3.1/../../../../arm-none-eabi/lib/thumb/v7-m/nofp\libc_nano.a(libc_a-ungetc.o)
                0x08006180                __submore
 .text.memmove  0x080061f0       0x34 C:/ST/STM32CubeIDE_1.17.0/STM32CubeIDE/plugins/com.st.stm32cube.ide.mcu.externaltools.gnu-tools-for-stm32.12.3.rel1.win32_1.1.0.202410251130/tools/bin/../lib/gcc/arm-none-eabi/12.3.1/../../../../arm-none-eabi/lib/thumb/v7-m/nofp\libc_nano.a(libc_a-memmove.o)
                0x080061f0                memmove
 .text._fstat_r
                0x08006224       0x24 C:/ST/STM32CubeIDE_1.17.0/STM32CubeIDE/plugins/com.st.stm32cube.ide.mcu.externaltools.gnu-tools-for-stm32.12.3.rel1.win32_1.1.0.202410251130/tools/bin/../lib/gcc/arm-none-eabi/12.3.1/../../../../arm-none-eabi/lib/thumb/v7-m/nofp\libc_nano.a(libc_a-fstatr.o)
                0x08006224                _fstat_r
 .text._isatty_r
                0x08006248       0x20 C:/ST/STM32CubeIDE_1.17.0/STM32CubeIDE/plugins/com.st.stm32cube.ide.mcu.externaltools.gnu-tools-for-stm32.12.3.rel1.win32_1.1.0.202410251130/tools/bin/../lib/gcc/arm-none-eabi/12.3.1/../../../../arm-none-eabi/lib/thumb/v7-m/nofp\libc_nano.a(libc_a-isattyr.o)
                0x08006248                _isatty_r
 .text._sbrk_r  0x08006268       0x20 C:/ST/STM32CubeIDE_1.17.0/STM32CubeIDE/plugins/com.st.stm32cube.ide.mcu.externaltools.gnu-tools-for-stm32.12.3.rel1.win32_1.1.0.202410251130/tools/bin/../lib/gcc/arm-none-eabi/12.3.1/../../../../arm-none-eabi/lib/thumb/v7-m/nofp\libc_nano.a(libc_a-sbrkr.o)
                0x08006268                _sbrk_r
 .text.memchr   0x08006288       0x1c C:/ST/STM32CubeIDE_1.17.0/STM32CubeIDE/plugins/com.st.stm32cube.ide.mcu.externaltools.gnu-tools-for-stm32.12.3.rel1.win32_1.1.0.202410251130/tools/bin/../lib/gcc/arm-none-eabi/12.3.1/../../../../arm-none-eabi/lib/thumb/v7-m/nofp\libc_nano.a(libc_a-memchr-stub.o)
                0x08006288                memchr
 .text._realloc_r
                0x080062a4       0x5c C:/ST/STM32CubeIDE_1.17.0/STM32CubeIDE/plugins/com.st.stm32cube.ide.mcu.externaltools.gnu-tools-for-stm32.12.3.rel1.win32_1.1.0.202410251130/tools/bin/../lib/gcc/arm-none-eabi/12.3.1/../../../../arm-none-eabi/lib/thumb/v7-m/nofp\libc_nano.a(libc_a-reallocr.o)
                0x080062a4                _realloc_r
 .text._strtol_l.constprop.0
                0x08006300       0xf4 C:/ST/STM32CubeIDE_1.17.0/STM32CubeIDE/plugins/com.st.stm32cube.ide.mcu.externaltools.gnu-tools-for-stm32.12.3.rel1.win32_1.1.0.202410251130/tools/bin/../lib/gcc/arm-none-eabi/12.3.1/../../../../arm-none-eabi/lib/thumb/v7-m/nofp\libc_nano.a(libc_a-strtol.o)
 .text._strtol_r
                0x080063f4        0x4 C:/ST/STM32CubeIDE_1.17.0/STM32CubeIDE/plugins/com.st.stm32cube.ide.mcu.externaltools.gnu-tools-for-stm32.12.3.rel1.win32_1.1.0.202410251130/tools/bin/../lib/gcc/arm-none-eabi/12.3.1/../../../../arm-none-eabi/lib/thumb/v7-m/nofp\libc_nano.a(libc_a-strtol.o)
                0x080063f4                _strtol_r
 .text._strtoul_l.constprop.0
                0x080063f8       0xdc C:/ST/STM32CubeIDE_1.17.0/STM32CubeIDE/plugins/com.st.stm32cube.ide.mcu.externaltools.gnu-tools-for-stm32.12.3.rel1.win32_1.1.0.202410251130/tools/bin/../lib/gcc/arm-none-eabi/12.3.1/../../../../arm-none-eabi/lib/thumb/v7-m/nofp\libc_nano.a(libc_a-strtoul.o)
 .text._strtoul_r
                0x080064d4        0x4 C:/ST/STM32CubeIDE_1.17.0/STM32CubeIDE/plugins/com.st.stm32cube.ide.mcu.externaltools.gnu-tools-for-stm32.12.3.rel1.win32_1.1.0.202410251130/tools/bin/../lib/gcc/arm-none-eabi/12.3.1/../../../../arm-none-eabi/lib/thumb/v7-m/nofp\libc_nano.a(libc_a-strtoul.o)
                0x080064d4                _strtoul_r
 .text._malloc_usable_size_r
                0x080064d8       0x10 C:/ST/STM32CubeIDE_1.17.0/STM32CubeIDE/plugins/com.st.stm32cube.ide.mcu.externaltools.gnu-tools-for-stm32.12.3.rel1.win32_1.1.0.202410251130/tools/bin/../lib/gcc/arm-none-eabi/12.3.1/../../../../arm-none-eabi/lib/thumb/v7-m/nofp\libc_nano.a(libc_a-msizer.o)
                0x080064d8                _malloc_usable_size_r
 *(.glue_7)
 .glue_7        0x080064e8        0x0 linker stubs
 *(.glue_7t)
 .glue_7t       0x080064e8        0x0 linker stubs
 *(.eh_frame)
 .eh_frame      0x080064e8        0x0 C:/ST/STM32CubeIDE_1.17.0/STM32CubeIDE/plugins/com.st.stm32cube.ide.mcu.externaltools.gnu-tools-for-stm32.12.3.rel1.win32_1.1.0.202410251130/tools/bin/../lib/gcc/arm-none-eabi/12.3.1/thumb/v7-m/nofp/crtbegin.o
 *(.init)
 .init          0x080064e8        0x4 C:/ST/STM32CubeIDE_1.17.0/STM32CubeIDE/plugins/com.st.stm32cube.ide.mcu.externaltools.gnu-tools-for-stm32.12.3.rel1.win32_1.1.0.202410251130/tools/bin/../lib/gcc/arm-none-eabi/12.3.1/thumb/v7-m/nofp/crti.o
                0x080064e8                _init
 .init          0x080064ec        0x8 C:/ST/STM32CubeIDE_1.17.0/STM32CubeIDE/plugins/com.st.stm32cube.ide.mcu.externaltools.gnu-tools-for-stm32.12.3.rel1.win32_1.1.0.202410251130/tools/bin/../lib/gcc/arm-none-eabi/12.3.1/thumb/v7-m/nofp/crtn.o
 *(.fini)
 .fini          0x080064f4        0x4 C:/ST/STM32CubeIDE_1.17.0/STM32CubeIDE/plugins/com.st.stm32cube.ide.mcu.externaltools.gnu-tools-for-stm32.12.3.rel1.win32_1.1.0.202410251130/tools/bin/../lib/gcc/arm-none-eabi/12.3.1/thumb/v7-m/nofp/crti.o
                0x080064f4                _fini
 .fini          0x080064f8        0x8 C:/ST/STM32CubeIDE_1.17.0/STM32CubeIDE/plugins/com.st.stm32cube.ide.mcu.externaltools.gnu-tools-for-stm32.12.3.rel1.win32_1.1.0.202410251130/tools/bin/../lib/gcc/arm-none-eabi/12.3.1/thumb/v7-m/nofp/crtn.o
                0x08006500                        . = ALIGN (0x4)
                0x08006500                        _etext = .

.vfp11_veneer   0x08006500        0x0
 .vfp11_veneer  0x08006500        0x0 linker stubs

.v4_bx          0x08006500        0x0
 .v4_bx         0x08006500        0x0 linker stubs

.iplt           0x08006500        0x0
 .iplt          0x08006500        0x0 C:/ST/STM32CubeIDE_1.17.0/STM32CubeIDE/plugins/com.st.stm32cube.ide.mcu.externaltools.gnu-tools-for-stm32.12.3.rel1.win32_1.1.0.202410251130/tools/bin/../lib/gcc/arm-none-eabi/12.3.1/thumb/v7-m/nofp/crtbegin.o

.rodata         0x08006500      0xd58
                0x08006500                        . = ALIGN (0x4)
 *(.rodata)
 .rodata        0x08006500       0x46 ./Core/Src/fault.o
 *fill*         0x08006546        0x2 
 .rodata        0x08006548      0xb56 ./Core/Src/mux.o
 *fill*         0x0800709e        0x2 
 .rodata        0x080070a0       0x1a ./Core/Src/serial.o
 *fill*         0x080070ba        0x2 
 .rodata        0x080070bc        0xc C:/ST/STM32CubeIDE_1.17.0/STM32CubeIDE/plugins/com.st.stm32cube.ide.mcu.externaltools.gnu-tools-for-stm32.12.3.rel1.win32_1.1.0.202410251130/tools/bin/../lib/gcc/arm-none-eabi/12.3.1/../../../../arm-none-eabi/lib/thumb/v7-m/nofp\libc_nano.a(libc_a-nano-vfscanf_i.o)
 *(.rodata*)
 .rodata.CHANNEL_OFFSET_TAB
                0x080070c8        0x7 ./Core/Src/leds.o
 *fill*         0x080070cf        0x1 
 .rodata.CHANNEL_OFFSET_TAB
                0x080070d0        0x7 ./Core/Src/main.o
 *fill*         0x080070d7        0x1 
 .rodata.OFFSET_TAB_CCMRx
                0x080070d8        0x7 ./Core/Src/main.o
 *fill*         0x080070df        0x1 
 .rodata.SHIFT_TAB_OCxx
                0x080070e0        0x7 ./Core/Src/main.o
 *fill*         0x080070e7        0x1 
 .rodata.CHANNEL_OFFSET_TAB
                0x080070e8        0x7 ./Core/Src/signal_analyzer.o
 *fill*         0x080070ef        0x1 
 .rodata.AHBPrescTable
                0x080070f0       0x10 ./Core/Src/system_stm32f1xx.o
                0x080070f0                AHBPrescTable
 .rodata.APBPrescTable
                0x08007100        0x8 ./Core/Src/system_stm32f1xx.o
                0x08007100                APBPrescTable
 .rodata._svfprintf_r.str1.1
                0x08007108       0x11 C:/ST/STM32CubeIDE_1.17.0/STM32CubeIDE/plugins/com.st.stm32cube.ide.mcu.externaltools.gnu-tools-for-stm32.12.3.rel1.win32_1.1.0.202410251130/tools/bin/../lib/gcc/arm-none-eabi/12.3.1/../../../../arm-none-eabi/lib/thumb/v7-m/nofp\libc_nano.a(libc_a-nano-svfprintf.o)
 .rodata.__ssvfscanf_r.str1.1
                0x08007119        0x4 C:/ST/STM32CubeIDE_1.17.0/STM32CubeIDE/plugins/com.st.stm32cube.ide.mcu.externaltools.gnu-tools-for-stm32.12.3.rel1.win32_1.1.0.202410251130/tools/bin/../lib/gcc/arm-none-eabi/12.3.1/../../../../arm-none-eabi/lib/thumb/v7-m/nofp\libc_nano.a(libc_a-nano-svfscanf.o)
 .rodata._vfprintf_r.str1.1
                0x08007119       0x11 C:/ST/STM32CubeIDE_1.17.0/STM32CubeIDE/plugins/com.st.stm32cube.ide.mcu.externaltools.gnu-tools-for-stm32.12.3.rel1.win32_1.1.0.202410251130/tools/bin/../lib/gcc/arm-none-eabi/12.3.1/../../../../arm-none-eabi/lib/thumb/v7-m/nofp\libc_nano.a(libc_a-nano-vfprintf.o)
 .rodata._printf_i.str1.1
                0x08007119       0x22 C:/ST/STM32CubeIDE_1.17.0/STM32CubeIDE/plugins/com.st.stm32cube.ide.mcu.externaltools.gnu-tools-for-stm32.12.3.rel1.win32_1.1.0.202410251130/tools/bin/../lib/gcc/arm-none-eabi/12.3.1/../../../../arm-none-eabi/lib/thumb/v7-m/nofp\libc_nano.a(libc_a-nano-vfprintf_i.o)
 .rodata._scanf_i.str1.1
                0x0800713b       0x12 C:/ST/STM32CubeIDE_1.17.0/STM32CubeIDE/plugins/com.st.stm32cube.ide.mcu.externaltools.gnu-tools-for-stm32.12.3.rel1.win32_1.1.0.202410251130/tools/bin/../lib/gcc/arm-none-eabi/12.3.1/../../../../arm-none-eabi/lib/thumb/v7-m/nofp\libc_nano.a(libc_a-nano-vfscanf_i.o)
 .rodata.str1.1
                0x0800714d        0x9 C:/ST/STM32CubeIDE_1.17.0/STM32CubeIDE/plugins/com.st.stm32cube.ide.mcu.externaltools.gnu-tools-for-stm32.12.3.rel1.win32_1.1.0.202410251130/tools/bin/../lib/gcc/arm-none-eabi/12.3.1/../../../../arm-none-eabi/lib/thumb/v7-m/nofp\libc_nano.a(libc_a-nano-vfscanf_i.o)
 .rodata._ctype_
                0x08007156      0x101 C:/ST/STM32CubeIDE_1.17.0/STM32CubeIDE/plugins/com.st.stm32cube.ide.mcu.externaltools.gnu-tools-for-stm32.12.3.rel1.win32_1.1.0.202410251130/tools/bin/../lib/gcc/arm-none-eabi/12.3.1/../../../../arm-none-eabi/lib/thumb/v7-m/nofp\libc_nano.a(libc_a-ctype_.o)
                0x08007156                _ctype_
                0x08007258                        . = ALIGN (0x4)
 *fill*         0x08007257        0x1 

.ARM.extab      0x08007258        0x0
                0x08007258                        . = ALIGN (0x4)
 *(.ARM.extab* .gnu.linkonce.armextab.*)
                0x08007258                        . = ALIGN (0x4)

.ARM            0x08007258        0x8
                0x08007258                        . = ALIGN (0x4)
                0x08007258                        __exidx_start = .
 *(.ARM.exidx*)
 .ARM.exidx     0x08007258        0x8 C:/ST/STM32CubeIDE_1.17.0/STM32CubeIDE/plugins/com.st.stm32cube.ide.mcu.externaltools.gnu-tools-for-stm32.12.3.rel1.win32_1.1.0.202410251130/tools/bin/../lib/gcc/arm-none-eabi/12.3.1/../../../../arm-none-eabi/lib/thumb/v7-m/nofp\libc_nano.a(libc_a-strcmp.o)
 .ARM.exidx     0x08007260        0x0 C:/ST/STM32CubeIDE_1.17.0/STM32CubeIDE/plugins/com.st.stm32cube.ide.mcu.externaltools.gnu-tools-for-stm32.12.3.rel1.win32_1.1.0.202410251130/tools/bin/../lib/gcc/arm-none-eabi/12.3.1/../../../../arm-none-eabi/lib/thumb/v7-m/nofp\libc_nano.a(libc_a-strlen.o)
                                  0x8 (size before relaxing)
                0x08007260                        __exidx_end = .
                0x08007260                        . = ALIGN (0x4)

.preinit_array  0x08007260        0x0
                0x08007260                        . = ALIGN (0x4)
                0x08007260                        PROVIDE (__preinit_array_start = .)
 *(.preinit_array*)
                0x08007260                        PROVIDE (__preinit_array_end = .)
                0x08007260                        . = ALIGN (0x4)

.init_array     0x08007260        0x4
                0x08007260                        . = ALIGN (0x4)
                0x08007260                        PROVIDE (__init_array_start = .)
 *(SORT_BY_NAME(.init_array.*))
 *(.init_array*)
 .init_array    0x08007260        0x4 C:/ST/STM32CubeIDE_1.17.0/STM32CubeIDE/plugins/com.st.stm32cube.ide.mcu.externaltools.gnu-tools-for-stm32.12.3.rel1.win32_1.1.0.202410251130/tools/bin/../lib/gcc/arm-none-eabi/12.3.1/thumb/v7-m/nofp/crtbegin.o
                0x08007264                        PROVIDE (__init_array_end = .)
                0x08007264                        . = ALIGN (0x4)

.fini_array     0x08007264        0x4
                0x08007264                        . = ALIGN (0x4)
                [!provide]                        PROVIDE (__fini_array_start = .)
 *(SORT_BY_NAME(.fini_array.*))
 *(.fini_array*)
 .fini_array    0x08007264        0x4 C:/ST/STM32CubeIDE_1.17.0/STM32CubeIDE/plugins/com.st.stm32cube.ide.mcu.externaltools.gnu-tools-for-stm32.12.3.rel1.win32_1.1.0.202410251130/tools/bin/../lib/gcc/arm-none-eabi/12.3.1/thumb/v7-m/nofp/crtbegin.o
                [!provide]                        PROVIDE (__fini_array_end = .)
                0x08007268                        . = ALIGN (0x4)
                0x08007268                        _sidata = LOADADDR (.data)

.rel.dyn        0x08007268        0x0
 .rel.iplt      0x08007268        0x0 C:/ST/STM32CubeIDE_1.17.0/STM32CubeIDE/plugins/com.st.stm32cube.ide.mcu.externaltools.gnu-tools-for-stm32.12.3.rel1.win32_1.1.0.202410251130/tools/bin/../lib/gcc/arm-none-eabi/12.3.1/thumb/v7-m/nofp/crtbegin.o

.data           0x20000000     0x2040 load address 0x08007268
                0x20000000                        . = ALIGN (0x4)
                0x20000000                        _sdata = .
 *(.data)
 *(.data*)
 .data.xPins1   0x20000000       0x40 ./Core/Src/mux.o
                0x20000000                xPins1
 .data.yPins1   0x20000040       0x20 ./Core/Src/mux.o
                0x20000040                yPins1
 .data.xPins2   0x20000060       0x40 ./Core/Src/mux.o
                0x20000060                xPins2
 .data.yPins2   0x200000a0       0x20 ./Core/Src/mux.o
                0x200000a0                yPins2
 .data.xPins3   0x200000c0       0x40 ./Core/Src/mux.o
                0x200000c0                xPins3
 .data.yPins3   0x20000100       0x20 ./Core/Src/mux.o
                0x20000100                yPins3
 .data.xPins4   0x20000120       0x40 ./Core/Src/mux.o
                0x20000120                xPins4
 .data.yPins4   0x20000160       0x20 ./Core/Src/mux.o
                0x20000160                yPins4
 .data.xPins5   0x20000180       0x40 ./Core/Src/mux.o
                0x20000180                xPins5
 .data.yPins5   0x200001c0       0x20 ./Core/Src/mux.o
                0x200001c0                yPins5
 .data.xPins6   0x200001e0       0x40 ./Core/Src/mux.o
                0x200001e0                xPins6
 .data.yPins6   0x20000220       0x20 ./Core/Src/mux.o
                0x20000220                yPins6
 .data.xPins7   0x20000240       0x40 ./Core/Src/mux.o
                0x20000240                xPins7
 .data.yPins7   0x20000280       0x20 ./Core/Src/mux.o
                0x20000280                yPins7
 .data.xPins8   0x200002a0       0x40 ./Core/Src/mux.o
                0x200002a0                xPins8
 .data.yPins8   0x200002e0       0x20 ./Core/Src/mux.o
                0x200002e0                yPins8
 .data.xPins9   0x20000300       0x40 ./Core/Src/mux.o
                0x20000300                xPins9
 .data.yPins9   0x20000340       0x20 ./Core/Src/mux.o
                0x20000340                yPins9
 .data.xPins10  0x20000360       0x40 ./Core/Src/mux.o
                0x20000360                xPins10
 .data.yPins10  0x200003a0       0x20 ./Core/Src/mux.o
                0x200003a0                yPins10
 .data.xPins11  0x200003c0       0x40 ./Core/Src/mux.o
                0x200003c0                xPins11
 .data.yPins11  0x20000400       0x20 ./Core/Src/mux.o
                0x20000400                yPins11
 .data.xPins12  0x20000420       0x40 ./Core/Src/mux.o
                0x20000420                xPins12
 .data.yPins12  0x20000460       0x20 ./Core/Src/mux.o
                0x20000460                yPins12
 .data.xPins13  0x20000480       0x40 ./Core/Src/mux.o
                0x20000480                xPins13
 .data.yPins13  0x200004c0       0x20 ./Core/Src/mux.o
                0x200004c0                yPins13
 .data.xPins14  0x200004e0       0x40 ./Core/Src/mux.o
                0x200004e0                xPins14
 .data.yPins14  0x20000520       0x20 ./Core/Src/mux.o
                0x20000520                yPins14
 .data.xPins15  0x20000540       0x40 ./Core/Src/mux.o
                0x20000540                xPins15
 .data.yPins15  0x20000580       0x20 ./Core/Src/mux.o
                0x20000580                yPins15
 .data.xPins16  0x200005a0       0x40 ./Core/Src/mux.o
                0x200005a0                xPins16
 .data.yPins16  0x200005e0       0x20 ./Core/Src/mux.o
                0x200005e0                yPins16
 .data.xPins17  0x20000600       0x40 ./Core/Src/mux.o
                0x20000600                xPins17
 .data.yPins17  0x20000640       0x20 ./Core/Src/mux.o
                0x20000640                yPins17
 .data.xPins18  0x20000660       0x40 ./Core/Src/mux.o
                0x20000660                xPins18
 .data.yPins18  0x200006a0       0x20 ./Core/Src/mux.o
                0x200006a0                yPins18
 .data.xPins19  0x200006c0       0x40 ./Core/Src/mux.o
                0x200006c0                xPins19
 .data.yPins19  0x20000700       0x20 ./Core/Src/mux.o
                0x20000700                yPins19
 .data.xPins20  0x20000720       0x40 ./Core/Src/mux.o
                0x20000720                xPins20
 .data.yPins20  0x20000760       0x20 ./Core/Src/mux.o
                0x20000760                yPins20
 .data.xPins21  0x20000780       0x40 ./Core/Src/mux.o
                0x20000780                xPins21
 .data.yPins21  0x200007c0       0x20 ./Core/Src/mux.o
                0x200007c0                yPins21
 .data.xPins22  0x200007e0       0x40 ./Core/Src/mux.o
                0x200007e0                xPins22
 .data.yPins22  0x20000820       0x20 ./Core/Src/mux.o
                0x20000820                yPins22
 .data.xPins23  0x20000840       0x40 ./Core/Src/mux.o
                0x20000840                xPins23
 .data.yPins23  0x20000880       0x20 ./Core/Src/mux.o
                0x20000880                yPins23
 .data.xPins24  0x200008a0       0x40 ./Core/Src/mux.o
                0x200008a0                xPins24
 .data.yPins24  0x200008e0       0x20 ./Core/Src/mux.o
                0x200008e0                yPins24
 .data.xPins25  0x20000900       0x40 ./Core/Src/mux.o
                0x20000900                xPins25
 .data.yPins25  0x20000940       0x20 ./Core/Src/mux.o
                0x20000940                yPins25
 .data.xPins26  0x20000960       0x40 ./Core/Src/mux.o
                0x20000960                xPins26
 .data.yPins26  0x200009a0       0x20 ./Core/Src/mux.o
                0x200009a0                yPins26
 .data.xPins27  0x200009c0       0x40 ./Core/Src/mux.o
                0x200009c0                xPins27
 .data.yPins27  0x20000a00       0x20 ./Core/Src/mux.o
                0x20000a00                yPins27
 .data.xPins28  0x20000a20       0x40 ./Core/Src/mux.o
                0x20000a20                xPins28
 .data.yPins28  0x20000a60       0x20 ./Core/Src/mux.o
                0x20000a60                yPins28
 .data.xPins29  0x20000a80       0x40 ./Core/Src/mux.o
                0x20000a80                xPins29
 .data.yPins29  0x20000ac0       0x20 ./Core/Src/mux.o
                0x20000ac0                yPins29
 .data.xPins30  0x20000ae0       0x40 ./Core/Src/mux.o
                0x20000ae0                xPins30
 .data.yPins30  0x20000b20       0x20 ./Core/Src/mux.o
                0x20000b20                yPins30
 .data.xPins31  0x20000b40       0x40 ./Core/Src/mux.o
                0x20000b40                xPins31
 .data.yPins31  0x20000b80       0x20 ./Core/Src/mux.o
                0x20000b80                yPins31
 .data.xPins32  0x20000ba0       0x40 ./Core/Src/mux.o
                0x20000ba0                xPins32
 .data.yPins32  0x20000be0       0x20 ./Core/Src/mux.o
                0x20000be0                yPins32
 .data.xPins33  0x20000c00       0x40 ./Core/Src/mux.o
                0x20000c00                xPins33
 .data.yPins33  0x20000c40       0x20 ./Core/Src/mux.o
                0x20000c40                yPins33
 .data.xPins34  0x20000c60       0x40 ./Core/Src/mux.o
                0x20000c60                xPins34
 .data.yPins34  0x20000ca0       0x20 ./Core/Src/mux.o
                0x20000ca0                yPins34
 .data.muxes    0x20000cc0     0x1320 ./Core/Src/mux.o
                0x20000cc0                muxes
 .data.SystemCoreClock
                0x20001fe0        0x4 ./Core/Src/system_stm32f1xx.o
                0x20001fe0                SystemCoreClock
 .data.__sglue  0x20001fe4        0xc C:/ST/STM32CubeIDE_1.17.0/STM32CubeIDE/plugins/com.st.stm32cube.ide.mcu.externaltools.gnu-tools-for-stm32.12.3.rel1.win32_1.1.0.202410251130/tools/bin/../lib/gcc/arm-none-eabi/12.3.1/../../../../arm-none-eabi/lib/thumb/v7-m/nofp\libc_nano.a(libc_a-findfp.o)
                0x20001fe4                __sglue
 .data._impure_ptr
                0x20001ff0        0x4 C:/ST/STM32CubeIDE_1.17.0/STM32CubeIDE/plugins/com.st.stm32cube.ide.mcu.externaltools.gnu-tools-for-stm32.12.3.rel1.win32_1.1.0.202410251130/tools/bin/../lib/gcc/arm-none-eabi/12.3.1/../../../../arm-none-eabi/lib/thumb/v7-m/nofp\libc_nano.a(libc_a-impure.o)
                0x20001ff0                _impure_ptr
 .data._impure_data
                0x20001ff4       0x4c C:/ST/STM32CubeIDE_1.17.0/STM32CubeIDE/plugins/com.st.stm32cube.ide.mcu.externaltools.gnu-tools-for-stm32.12.3.rel1.win32_1.1.0.202410251130/tools/bin/../lib/gcc/arm-none-eabi/12.3.1/../../../../arm-none-eabi/lib/thumb/v7-m/nofp\libc_nano.a(libc_a-impure.o)
                0x20001ff4                _impure_data
 *(.RamFunc)
 *(.RamFunc*)
                0x20002040                        . = ALIGN (0x4)
                0x20002040                        _edata = .

.igot.plt       0x20002040        0x0 load address 0x080092a8
 .igot.plt      0x20002040        0x0 C:/ST/STM32CubeIDE_1.17.0/STM32CubeIDE/plugins/com.st.stm32cube.ide.mcu.externaltools.gnu-tools-for-stm32.12.3.rel1.win32_1.1.0.202410251130/tools/bin/../lib/gcc/arm-none-eabi/12.3.1/thumb/v7-m/nofp/crtbegin.o
                0x20002040                        . = ALIGN (0x4)

.bss            0x20002040     0x3774 load address 0x080092a8
                0x20002040                        _sbss = .
                0x20002040                        __bss_start__ = _sbss
 *(.bss)
 .bss           0x20002040       0x1c C:/ST/STM32CubeIDE_1.17.0/STM32CubeIDE/plugins/com.st.stm32cube.ide.mcu.externaltools.gnu-tools-for-stm32.12.3.rel1.win32_1.1.0.202410251130/tools/bin/../lib/gcc/arm-none-eabi/12.3.1/thumb/v7-m/nofp/crtbegin.o
 *(.bss*)
 .bss.fault_3v3_triggered
                0x2000205c        0x1 ./Core/Src/fault.o
                0x2000205c                fault_3v3_triggered
 .bss.fault_5v_triggered
                0x2000205d        0x1 ./Core/Src/fault.o
                0x2000205d                fault_5v_triggered
 .bss.fault_sent
                0x2000205e        0x1 ./Core/Src/fault.o
                0x2000205e                fault_sent
 *fill*         0x2000205f        0x1 
 .bss.pixel     0x20002060      0x1e0 ./Core/Src/leds.o
                0x20002060                pixel
 .bss.dmaBuffer
                0x20002240     0x2d04 ./Core/Src/leds.o
                0x20002240                dmaBuffer
 .bss.LedList   0x20004f44      0x3c0 ./Core/Src/leds.o
                0x20004f44                LedList
 .bss.numActiveLeds
                0x20005304        0x1 ./Core/Src/leds.o
                0x20005304                numActiveLeds
 *fill*         0x20005305        0x3 
 .bss.mainTracks
                0x20005308      0x200 ./Core/Src/mux.o
                0x20005308                mainTracks
 .bss.signalAnalyzerTracks
                0x20005508       0x60 ./Core/Src/mux.o
                0x20005508                signalAnalyzerTracks
 .bss.ledsToMainTracks
                0x20005568       0x78 ./Core/Src/mux.o
                0x20005568                ledsToMainTracks
 .bss.usingESP  0x200055e0        0x1 ./Core/Src/serial.o
                0x200055e0                usingESP
 .bss.usingCP2102
                0x200055e1        0x1 ./Core/Src/serial.o
                0x200055e1                usingCP2102
 .bss.rxIndex.1
                0x200055e2        0x1 ./Core/Src/serial.o
 *fill*         0x200055e3        0x1 
 .bss.rxBuffer.0
                0x200055e4       0x64 ./Core/Src/serial.o
 .bss.adcValues
                0x20005648       0x10 ./Core/Src/signal_analyzer.o
 .bss.adcChannelConfig
                0x20005658        0x8 ./Core/Src/signal_analyzer.o
                0x20005658                adcChannelConfig
 .bss.signalMode
                0x20005660        0x1 ./Core/Src/signal_analyzer.o
                0x20005660                signalMode
 *fill*         0x20005661        0x3 
 .bss.__sbrk_heap_end
                0x20005664        0x4 ./Core/Src/sysmem.o
 .bss.__sf      0x20005668      0x138 C:/ST/STM32CubeIDE_1.17.0/STM32CubeIDE/plugins/com.st.stm32cube.ide.mcu.externaltools.gnu-tools-for-stm32.12.3.rel1.win32_1.1.0.202410251130/tools/bin/../lib/gcc/arm-none-eabi/12.3.1/../../../../arm-none-eabi/lib/thumb/v7-m/nofp\libc_nano.a(libc_a-findfp.o)
                0x20005668                __sf
 .bss.__stdio_exit_handler
                0x200057a0        0x4 C:/ST/STM32CubeIDE_1.17.0/STM32CubeIDE/plugins/com.st.stm32cube.ide.mcu.externaltools.gnu-tools-for-stm32.12.3.rel1.win32_1.1.0.202410251130/tools/bin/../lib/gcc/arm-none-eabi/12.3.1/../../../../arm-none-eabi/lib/thumb/v7-m/nofp\libc_nano.a(libc_a-findfp.o)
                0x200057a0                __stdio_exit_handler
 .bss.errno     0x200057a4        0x4 C:/ST/STM32CubeIDE_1.17.0/STM32CubeIDE/plugins/com.st.stm32cube.ide.mcu.externaltools.gnu-tools-for-stm32.12.3.rel1.win32_1.1.0.202410251130/tools/bin/../lib/gcc/arm-none-eabi/12.3.1/../../../../arm-none-eabi/lib/thumb/v7-m/nofp\libc_nano.a(libc_a-reent.o)
                0x200057a4                errno
 .bss.__lock___malloc_recursive_mutex
                0x200057a8        0x1 C:/ST/STM32CubeIDE_1.17.0/STM32CubeIDE/plugins/com.st.stm32cube.ide.mcu.externaltools.gnu-tools-for-stm32.12.3.rel1.win32_1.1.0.202410251130/tools/bin/../lib/gcc/arm-none-eabi/12.3.1/../../../../arm-none-eabi/lib/thumb/v7-m/nofp\libc_nano.a(libc_a-lock.o)
                0x200057a8                __lock___malloc_recursive_mutex
 .bss.__lock___sfp_recursive_mutex
                0x200057a9        0x1 C:/ST/STM32CubeIDE_1.17.0/STM32CubeIDE/plugins/com.st.stm32cube.ide.mcu.externaltools.gnu-tools-for-stm32.12.3.rel1.win32_1.1.0.202410251130/tools/bin/../lib/gcc/arm-none-eabi/12.3.1/../../../../arm-none-eabi/lib/thumb/v7-m/nofp\libc_nano.a(libc_a-lock.o)
                0x200057a9                __lock___sfp_recursive_mutex
 *fill*         0x200057aa        0x2 
 .bss.__malloc_sbrk_start
                0x200057ac        0x4 C:/ST/STM32CubeIDE_1.17.0/STM32CubeIDE/plugins/com.st.stm32cube.ide.mcu.externaltools.gnu-tools-for-stm32.12.3.rel1.win32_1.1.0.202410251130/tools/bin/../lib/gcc/arm-none-eabi/12.3.1/../../../../arm-none-eabi/lib/thumb/v7-m/nofp\libc_nano.a(libc_a-mallocr.o)
                0x200057ac                __malloc_sbrk_start
 .bss.__malloc_free_list
                0x200057b0        0x4 C:/ST/STM32CubeIDE_1.17.0/STM32CubeIDE/plugins/com.st.stm32cube.ide.mcu.externaltools.gnu-tools-for-stm32.12.3.rel1.win32_1.1.0.202410251130/tools/bin/../lib/gcc/arm-none-eabi/12.3.1/../../../../arm-none-eabi/lib/thumb/v7-m/nofp\libc_nano.a(libc_a-mallocr.o)
                0x200057b0                __malloc_free_list
 *(COMMON)
                0x200057b4                        . = ALIGN (0x4)
                0x200057b4                        _ebss = .
                0x200057b4                        __bss_end__ = _ebss

._user_heap_stack
                0x200057b4      0x604 load address 0x080092a8
                0x200057b8                        . = ALIGN (0x8)
 *fill*         0x200057b4        0x4 
                [!provide]                        PROVIDE (end = .)
                0x200057b8                        PROVIDE (_end = .)
                0x200059b8                        . = (. + _Min_Heap_Size)
 *fill*         0x200057b8      0x200 
                0x20005db8                        . = (. + _Min_Stack_Size)
 *fill*         0x200059b8      0x400 
                0x20005db8                        . = ALIGN (0x8)

/DISCARD/
 libc.a(*)
 libm.a(*)
 libgcc.a(*)

.ARM.attributes
                0x00000000       0x29
 *(.ARM.attributes)
 .ARM.attributes
                0x00000000       0x1d C:/ST/STM32CubeIDE_1.17.0/STM32CubeIDE/plugins/com.st.stm32cube.ide.mcu.externaltools.gnu-tools-for-stm32.12.3.rel1.win32_1.1.0.202410251130/tools/bin/../lib/gcc/arm-none-eabi/12.3.1/thumb/v7-m/nofp/crti.o
 .ARM.attributes
                0x0000001d       0x2d C:/ST/STM32CubeIDE_1.17.0/STM32CubeIDE/plugins/com.st.stm32cube.ide.mcu.externaltools.gnu-tools-for-stm32.12.3.rel1.win32_1.1.0.202410251130/tools/bin/../lib/gcc/arm-none-eabi/12.3.1/thumb/v7-m/nofp/crtbegin.o
 .ARM.attributes
                0x0000004a       0x2d ./Core/Src/fault.o
 .ARM.attributes
                0x00000077       0x2d ./Core/Src/leds.o
 .ARM.attributes
                0x000000a4       0x2d ./Core/Src/main.o
 .ARM.attributes
                0x000000d1       0x2d ./Core/Src/mux.o
 .ARM.attributes
                0x000000fe       0x2d ./Core/Src/serial.o
 .ARM.attributes
                0x0000012b       0x2d ./Core/Src/signal_analyzer.o
 .ARM.attributes
                0x00000158       0x2d ./Core/Src/stm32f1xx_it.o
 .ARM.attributes
                0x00000185       0x2d ./Core/Src/syscalls.o
 .ARM.attributes
                0x000001b2       0x2d ./Core/Src/sysmem.o
 .ARM.attributes
                0x000001df       0x2d ./Core/Src/system_stm32f1xx.o
 .ARM.attributes
                0x0000020c       0x21 ./Core/Startup/startup_stm32f107vctx.o
 .ARM.attributes
                0x0000022d       0x2d ./Drivers/STM32F1xx_HAL_Driver/Src/stm32f1xx_ll_adc.o
 .ARM.attributes
                0x0000025a       0x2d ./Drivers/STM32F1xx_HAL_Driver/Src/stm32f1xx_ll_exti.o
 .ARM.attributes
                0x00000287       0x2d ./Drivers/STM32F1xx_HAL_Driver/Src/stm32f1xx_ll_gpio.o
 .ARM.attributes
                0x000002b4       0x2d ./Drivers/STM32F1xx_HAL_Driver/Src/stm32f1xx_ll_rcc.o
 .ARM.attributes
                0x000002e1       0x2d ./Drivers/STM32F1xx_HAL_Driver/Src/stm32f1xx_ll_tim.o
 .ARM.attributes
                0x0000030e       0x2d ./Drivers/STM32F1xx_HAL_Driver/Src/stm32f1xx_ll_usart.o
 .ARM.attributes
                0x0000033b       0x2d ./Drivers/STM32F1xx_HAL_Driver/Src/stm32f1xx_ll_utils.o
 .ARM.attributes
                0x00000368       0x2d C:/ST/STM32CubeIDE_1.17.0/STM32CubeIDE/plugins/com.st.stm32cube.ide.mcu.externaltools.gnu-tools-for-stm32.12.3.rel1.win32_1.1.0.202410251130/tools/bin/../lib/gcc/arm-none-eabi/12.3.1/../../../../arm-none-eabi/lib/thumb/v7-m/nofp\libc_nano.a(libc_a-fflush.o)
 .ARM.attributes
                0x00000395       0x2d C:/ST/STM32CubeIDE_1.17.0/STM32CubeIDE/plugins/com.st.stm32cube.ide.mcu.externaltools.gnu-tools-for-stm32.12.3.rel1.win32_1.1.0.202410251130/tools/bin/../lib/gcc/arm-none-eabi/12.3.1/../../../../arm-none-eabi/lib/thumb/v7-m/nofp\libc_nano.a(libc_a-findfp.o)
 .ARM.attributes
                0x000003c2       0x2d C:/ST/STM32CubeIDE_1.17.0/STM32CubeIDE/plugins/com.st.stm32cube.ide.mcu.externaltools.gnu-tools-for-stm32.12.3.rel1.win32_1.1.0.202410251130/tools/bin/../lib/gcc/arm-none-eabi/12.3.1/../../../../arm-none-eabi/lib/thumb/v7-m/nofp\libc_nano.a(libc_a-fwalk.o)
 .ARM.attributes
                0x000003ef       0x2d C:/ST/STM32CubeIDE_1.17.0/STM32CubeIDE/plugins/com.st.stm32cube.ide.mcu.externaltools.gnu-tools-for-stm32.12.3.rel1.win32_1.1.0.202410251130/tools/bin/../lib/gcc/arm-none-eabi/12.3.1/../../../../arm-none-eabi/lib/thumb/v7-m/nofp\libc_nano.a(libc_a-printf.o)
 .ARM.attributes
                0x0000041c       0x2d C:/ST/STM32CubeIDE_1.17.0/STM32CubeIDE/plugins/com.st.stm32cube.ide.mcu.externaltools.gnu-tools-for-stm32.12.3.rel1.win32_1.1.0.202410251130/tools/bin/../lib/gcc/arm-none-eabi/12.3.1/../../../../arm-none-eabi/lib/thumb/v7-m/nofp\libc_nano.a(libc_a-putchar.o)
 .ARM.attributes
                0x00000449       0x2d C:/ST/STM32CubeIDE_1.17.0/STM32CubeIDE/plugins/com.st.stm32cube.ide.mcu.externaltools.gnu-tools-for-stm32.12.3.rel1.win32_1.1.0.202410251130/tools/bin/../lib/gcc/arm-none-eabi/12.3.1/../../../../arm-none-eabi/lib/thumb/v7-m/nofp\libc_nano.a(libc_a-puts.o)
 .ARM.attributes
                0x00000476       0x2d C:/ST/STM32CubeIDE_1.17.0/STM32CubeIDE/plugins/com.st.stm32cube.ide.mcu.externaltools.gnu-tools-for-stm32.12.3.rel1.win32_1.1.0.202410251130/tools/bin/../lib/gcc/arm-none-eabi/12.3.1/../../../../arm-none-eabi/lib/thumb/v7-m/nofp\libc_nano.a(libc_a-snprintf.o)
 .ARM.attributes
                0x000004a3       0x2d C:/ST/STM32CubeIDE_1.17.0/STM32CubeIDE/plugins/com.st.stm32cube.ide.mcu.externaltools.gnu-tools-for-stm32.12.3.rel1.win32_1.1.0.202410251130/tools/bin/../lib/gcc/arm-none-eabi/12.3.1/../../../../arm-none-eabi/lib/thumb/v7-m/nofp\libc_nano.a(libc_a-sscanf.o)
 .ARM.attributes
                0x000004d0       0x2d C:/ST/STM32CubeIDE_1.17.0/STM32CubeIDE/plugins/com.st.stm32cube.ide.mcu.externaltools.gnu-tools-for-stm32.12.3.rel1.win32_1.1.0.202410251130/tools/bin/../lib/gcc/arm-none-eabi/12.3.1/../../../../arm-none-eabi/lib/thumb/v7-m/nofp\libc_nano.a(libc_a-stdio.o)
 .ARM.attributes
                0x000004fd       0x2d C:/ST/STM32CubeIDE_1.17.0/STM32CubeIDE/plugins/com.st.stm32cube.ide.mcu.externaltools.gnu-tools-for-stm32.12.3.rel1.win32_1.1.0.202410251130/tools/bin/../lib/gcc/arm-none-eabi/12.3.1/../../../../arm-none-eabi/lib/thumb/v7-m/nofp\libc_nano.a(libc_a-wbuf.o)
 .ARM.attributes
                0x0000052a       0x2d C:/ST/STM32CubeIDE_1.17.0/STM32CubeIDE/plugins/com.st.stm32cube.ide.mcu.externaltools.gnu-tools-for-stm32.12.3.rel1.win32_1.1.0.202410251130/tools/bin/../lib/gcc/arm-none-eabi/12.3.1/../../../../arm-none-eabi/lib/thumb/v7-m/nofp\libc_nano.a(libc_a-wsetup.o)
 .ARM.attributes
                0x00000557       0x2d C:/ST/STM32CubeIDE_1.17.0/STM32CubeIDE/plugins/com.st.stm32cube.ide.mcu.externaltools.gnu-tools-for-stm32.12.3.rel1.win32_1.1.0.202410251130/tools/bin/../lib/gcc/arm-none-eabi/12.3.1/../../../../arm-none-eabi/lib/thumb/v7-m/nofp\libc_nano.a(libc_a-memset.o)
 .ARM.attributes
                0x00000584       0x2d C:/ST/STM32CubeIDE_1.17.0/STM32CubeIDE/plugins/com.st.stm32cube.ide.mcu.externaltools.gnu-tools-for-stm32.12.3.rel1.win32_1.1.0.202410251130/tools/bin/../lib/gcc/arm-none-eabi/12.3.1/../../../../arm-none-eabi/lib/thumb/v7-m/nofp\libc_nano.a(libc_a-strncmp.o)
 .ARM.attributes
                0x000005b1       0x2d C:/ST/STM32CubeIDE_1.17.0/STM32CubeIDE/plugins/com.st.stm32cube.ide.mcu.externaltools.gnu-tools-for-stm32.12.3.rel1.win32_1.1.0.202410251130/tools/bin/../lib/gcc/arm-none-eabi/12.3.1/../../../../arm-none-eabi/lib/thumb/v7-m/nofp\libc_nano.a(libc_a-closer.o)
 .ARM.attributes
                0x000005de       0x2d C:/ST/STM32CubeIDE_1.17.0/STM32CubeIDE/plugins/com.st.stm32cube.ide.mcu.externaltools.gnu-tools-for-stm32.12.3.rel1.win32_1.1.0.202410251130/tools/bin/../lib/gcc/arm-none-eabi/12.3.1/../../../../arm-none-eabi/lib/thumb/v7-m/nofp\libc_nano.a(libc_a-reent.o)
 .ARM.attributes
                0x0000060b       0x2d C:/ST/STM32CubeIDE_1.17.0/STM32CubeIDE/plugins/com.st.stm32cube.ide.mcu.externaltools.gnu-tools-for-stm32.12.3.rel1.win32_1.1.0.202410251130/tools/bin/../lib/gcc/arm-none-eabi/12.3.1/../../../../arm-none-eabi/lib/thumb/v7-m/nofp\libc_nano.a(libc_a-impure.o)
 .ARM.attributes
                0x00000638       0x2d C:/ST/STM32CubeIDE_1.17.0/STM32CubeIDE/plugins/com.st.stm32cube.ide.mcu.externaltools.gnu-tools-for-stm32.12.3.rel1.win32_1.1.0.202410251130/tools/bin/../lib/gcc/arm-none-eabi/12.3.1/../../../../arm-none-eabi/lib/thumb/v7-m/nofp\libc_nano.a(libc_a-lseekr.o)
 .ARM.attributes
                0x00000665       0x2d C:/ST/STM32CubeIDE_1.17.0/STM32CubeIDE/plugins/com.st.stm32cube.ide.mcu.externaltools.gnu-tools-for-stm32.12.3.rel1.win32_1.1.0.202410251130/tools/bin/../lib/gcc/arm-none-eabi/12.3.1/../../../../arm-none-eabi/lib/thumb/v7-m/nofp\libc_nano.a(libc_a-readr.o)
 .ARM.attributes
                0x00000692       0x2d C:/ST/STM32CubeIDE_1.17.0/STM32CubeIDE/plugins/com.st.stm32cube.ide.mcu.externaltools.gnu-tools-for-stm32.12.3.rel1.win32_1.1.0.202410251130/tools/bin/../lib/gcc/arm-none-eabi/12.3.1/../../../../arm-none-eabi/lib/thumb/v7-m/nofp\libc_nano.a(libc_a-writer.o)
 .ARM.attributes
                0x000006bf       0x2d C:/ST/STM32CubeIDE_1.17.0/STM32CubeIDE/plugins/com.st.stm32cube.ide.mcu.externaltools.gnu-tools-for-stm32.12.3.rel1.win32_1.1.0.202410251130/tools/bin/../lib/gcc/arm-none-eabi/12.3.1/../../../../arm-none-eabi/lib/thumb/v7-m/nofp\libc_nano.a(libc_a-errno.o)
 .ARM.attributes
                0x000006ec       0x2d C:/ST/STM32CubeIDE_1.17.0/STM32CubeIDE/plugins/com.st.stm32cube.ide.mcu.externaltools.gnu-tools-for-stm32.12.3.rel1.win32_1.1.0.202410251130/tools/bin/../lib/gcc/arm-none-eabi/12.3.1/../../../../arm-none-eabi/lib/thumb/v7-m/nofp\libc_nano.a(libc_a-init.o)
 .ARM.attributes
                0x00000719       0x2d C:/ST/STM32CubeIDE_1.17.0/STM32CubeIDE/plugins/com.st.stm32cube.ide.mcu.externaltools.gnu-tools-for-stm32.12.3.rel1.win32_1.1.0.202410251130/tools/bin/../lib/gcc/arm-none-eabi/12.3.1/../../../../arm-none-eabi/lib/thumb/v7-m/nofp\libc_nano.a(libc_a-lock.o)
 .ARM.attributes
                0x00000746       0x1b C:/ST/STM32CubeIDE_1.17.0/STM32CubeIDE/plugins/com.st.stm32cube.ide.mcu.externaltools.gnu-tools-for-stm32.12.3.rel1.win32_1.1.0.202410251130/tools/bin/../lib/gcc/arm-none-eabi/12.3.1/../../../../arm-none-eabi/lib/thumb/v7-m/nofp\libc_nano.a(libc_a-strcmp.o)
 .ARM.attributes
                0x00000761       0x2d C:/ST/STM32CubeIDE_1.17.0/STM32CubeIDE/plugins/com.st.stm32cube.ide.mcu.externaltools.gnu-tools-for-stm32.12.3.rel1.win32_1.1.0.202410251130/tools/bin/../lib/gcc/arm-none-eabi/12.3.1/../../../../arm-none-eabi/lib/thumb/v7-m/nofp\libc_nano.a(libc_a-memcpy-stub.o)
 .ARM.attributes
                0x0000078e       0x17 C:/ST/STM32CubeIDE_1.17.0/STM32CubeIDE/plugins/com.st.stm32cube.ide.mcu.externaltools.gnu-tools-for-stm32.12.3.rel1.win32_1.1.0.202410251130/tools/bin/../lib/gcc/arm-none-eabi/12.3.1/../../../../arm-none-eabi/lib/thumb/v7-m/nofp\libc_nano.a(libc_a-strlen.o)
 .ARM.attributes
                0x000007a5       0x2d C:/ST/STM32CubeIDE_1.17.0/STM32CubeIDE/plugins/com.st.stm32cube.ide.mcu.externaltools.gnu-tools-for-stm32.12.3.rel1.win32_1.1.0.202410251130/tools/bin/../lib/gcc/arm-none-eabi/12.3.1/../../../../arm-none-eabi/lib/thumb/v7-m/nofp\libc_nano.a(libc_a-freer.o)
 .ARM.attributes
                0x000007d2       0x2d C:/ST/STM32CubeIDE_1.17.0/STM32CubeIDE/plugins/com.st.stm32cube.ide.mcu.externaltools.gnu-tools-for-stm32.12.3.rel1.win32_1.1.0.202410251130/tools/bin/../lib/gcc/arm-none-eabi/12.3.1/../../../../arm-none-eabi/lib/thumb/v7-m/nofp\libc_nano.a(libc_a-mallocr.o)
 .ARM.attributes
                0x000007ff       0x2d C:/ST/STM32CubeIDE_1.17.0/STM32CubeIDE/plugins/com.st.stm32cube.ide.mcu.externaltools.gnu-tools-for-stm32.12.3.rel1.win32_1.1.0.202410251130/tools/bin/../lib/gcc/arm-none-eabi/12.3.1/../../../../arm-none-eabi/lib/thumb/v7-m/nofp\libc_nano.a(libc_a-mlock.o)
 .ARM.attributes
                0x0000082c       0x2d C:/ST/STM32CubeIDE_1.17.0/STM32CubeIDE/plugins/com.st.stm32cube.ide.mcu.externaltools.gnu-tools-for-stm32.12.3.rel1.win32_1.1.0.202410251130/tools/bin/../lib/gcc/arm-none-eabi/12.3.1/../../../../arm-none-eabi/lib/thumb/v7-m/nofp\libc_nano.a(libc_a-nano-svfprintf.o)
 .ARM.attributes
                0x00000859       0x2d C:/ST/STM32CubeIDE_1.17.0/STM32CubeIDE/plugins/com.st.stm32cube.ide.mcu.externaltools.gnu-tools-for-stm32.12.3.rel1.win32_1.1.0.202410251130/tools/bin/../lib/gcc/arm-none-eabi/12.3.1/../../../../arm-none-eabi/lib/thumb/v7-m/nofp\libc_nano.a(libc_a-nano-svfscanf.o)
 .ARM.attributes