Archive member included to satisfy reference by file (symbol)

C:/ST/STM32CubeIDE_1.17.0/STM32CubeIDE/plugins/com.st.stm32cube.ide.mcu.externaltools.gnu-tools-for-stm32.12.3.rel1.win32_1.1.0.202410251130/tools/bin/../lib/gcc/arm-none-eabi/12.3.1/../../../../arm-none-eabi/lib/thumb/v7-m/nofp\libc_nano.a(libc_a-exit.o)
                              C:/ST/STM32CubeIDE_1.17.0/STM32CubeIDE/plugins/com.st.stm32cube.ide.mcu.externaltools.gnu-tools-for-stm32.12.3.rel1.win32_1.1.0.202410251130/tools/bin/../lib/gcc/arm-none-eabi/12.3.1/../../../../arm-none-eabi/lib/thumb/v7-m/nofp/crt0.o (exit)
C:/ST/STM32CubeIDE_1.17.0/STM32CubeIDE/plugins/com.st.stm32cube.ide.mcu.externaltools.gnu-tools-for-stm32.12.3.rel1.win32_1.1.0.202410251130/tools/bin/../lib/gcc/arm-none-eabi/12.3.1/../../../../arm-none-eabi/lib/thumb/v7-m/nofp\libc_nano.a(libc_a-fflush.o)
                              ./Core/Src/fault.o (fflush)
C:/ST/STM32CubeIDE_1.17.0/STM32CubeIDE/plugins/com.st.stm32cube.ide.mcu.externaltools.gnu-tools-for-stm32.12.3.rel1.win32_1.1.0.202410251130/tools/bin/../lib/gcc/arm-none-eabi/12.3.1/../../../../arm-none-eabi/lib/thumb/v7-m/nofp\libc_nano.a(libc_a-findfp.o)
                              C:/ST/STM32CubeIDE_1.17.0/STM32CubeIDE/plugins/com.st.stm32cube.ide.mcu.externaltools.gnu-tools-for-stm32.12.3.rel1.win32_1.1.0.202410251130/tools/bin/../lib/gcc/arm-none-eabi/12.3.1/../../../../arm-none-eabi/lib/thumb/v7-m/nofp\libc_nano.a(libc_a-fflush.o) (__sglue)
C:/ST/STM32CubeIDE_1.17.0/STM32CubeIDE/plugins/com.st.stm32cube.ide.mcu.externaltools.gnu-tools-for-stm32.12.3.rel1.win32_1.1.0.202410251130/tools/bin/../lib/gcc/arm-none-eabi/12.3.1/../../../../arm-none-eabi/lib/thumb/v7-m/nofp\libc_nano.a(libc_a-fwalk.o)
                              C:/ST/STM32CubeIDE_1.17.0/STM32CubeIDE/plugins/com.st.stm32cube.ide.mcu.externaltools.gnu-tools-for-stm32.12.3.rel1.win32_1.1.0.202410251130/tools/bin/../lib/gcc/arm-none-eabi/12.3.1/../../../../arm-none-eabi/lib/thumb/v7-m/nofp\libc_nano.a(libc_a-fflush.o) (_fwalk_sglue)
C:/ST/STM32CubeIDE_1.17.0/STM32CubeIDE/plugins/com.st.stm32cube.ide.mcu.externaltools.gnu-tools-for-stm32.12.3.rel1.win32_1.1.0.202410251130/tools/bin/../lib/gcc/arm-none-eabi/12.3.1/../../../../arm-none-eabi/lib/thumb/v7-m/nofp\libc_nano.a(libc_a-printf.o)
                              ./Core/Src/fault.o (printf)
C:/ST/STM32CubeIDE_1.17.0/STM32CubeIDE/plugins/com.st.stm32cube.ide.mcu.externaltools.gnu-tools-for-stm32.12.3.rel1.win32_1.1.0.202410251130/tools/bin/../lib/gcc/arm-none-eabi/12.3.1/../../../../arm-none-eabi/lib/thumb/v7-m/nofp\libc_nano.a(libc_a-putchar.o)
                              ./Core/Src/mux.o (putchar)
C:/ST/STM32CubeIDE_1.17.0/STM32CubeIDE/plugins/com.st.stm32cube.ide.mcu.externaltools.gnu-tools-for-stm32.12.3.rel1.win32_1.1.0.202410251130/tools/bin/../lib/gcc/arm-none-eabi/12.3.1/../../../../arm-none-eabi/lib/thumb/v7-m/nofp\libc_nano.a(libc_a-puts.o)
                              ./Core/Src/mux.o (puts)
C:/ST/STM32CubeIDE_1.17.0/STM32CubeIDE/plugins/com.st.stm32cube.ide.mcu.externaltools.gnu-tools-for-stm32.12.3.rel1.win32_1.1.0.202410251130/tools/bin/../lib/gcc/arm-none-eabi/12.3.1/../../../../arm-none-eabi/lib/thumb/v7-m/nofp\libc_nano.a(libc_a-snprintf.o)
                              ./Core/Src/fault.o (snprintf)
C:/ST/STM32CubeIDE_1.17.0/STM32CubeIDE/plugins/com.st.stm32cube.ide.mcu.externaltools.gnu-tools-for-stm32.12.3.rel1.win32_1.1.0.202410251130/tools/bin/../lib/gcc/arm-none-eabi/12.3.1/../../../../arm-none-eabi/lib/thumb/v7-m/nofp\libc_nano.a(libc_a-sscanf.o)
                              ./Core/Src/mux.o (sscanf)
C:/ST/STM32CubeIDE_1.17.0/STM32CubeIDE/plugins/com.st.stm32cube.ide.mcu.externaltools.gnu-tools-for-stm32.12.3.rel1.win32_1.1.0.202410251130/tools/bin/../lib/gcc/arm-none-eabi/12.3.1/../../../../arm-none-eabi/lib/thumb/v7-m/nofp\libc_nano.a(libc_a-stdio.o)
                              C:/ST/STM32CubeIDE_1.17.0/STM32CubeIDE/plugins/com.st.stm32cube.ide.mcu.externaltools.gnu-tools-for-stm32.12.3.rel1.win32_1.1.0.202410251130/tools/bin/../lib/gcc/arm-none-eabi/12.3.1/../../../../arm-none-eabi/lib/thumb/v7-m/nofp\libc_nano.a(libc_a-findfp.o) (__sread)
C:/ST/STM32CubeIDE_1.17.0/STM32CubeIDE/plugins/com.st.stm32cube.ide.mcu.externaltools.gnu-tools-for-stm32.12.3.rel1.win32_1.1.0.202410251130/tools/bin/../lib/gcc/arm-none-eabi/12.3.1/../../../../arm-none-eabi/lib/thumb/v7-m/nofp\libc_nano.a(libc_a-wbuf.o)
                              C:/ST/STM32CubeIDE_1.17.0/STM32CubeIDE/plugins/com.st.stm32cube.ide.mcu.externaltools.gnu-tools-for-stm32.12.3.rel1.win32_1.1.0.202410251130/tools/bin/../lib/gcc/arm-none-eabi/12.3.1/../../../../arm-none-eabi/lib/thumb/v7-m/nofp\libc_nano.a(libc_a-puts.o) (__swbuf_r)
C:/ST/STM32CubeIDE_1.17.0/STM32CubeIDE/plugins/com.st.stm32cube.ide.mcu.externaltools.gnu-tools-for-stm32.12.3.rel1.win32_1.1.0.202410251130/tools/bin/../lib/gcc/arm-none-eabi/12.3.1/../../../../arm-none-eabi/lib/thumb/v7-m/nofp\libc_nano.a(libc_a-wsetup.o)
[...]
Memory Configuration

Name             Origin             Length             Attributes
RAM              0x20000000         0x00010000         xrw
FLASH            0x08000000         0x00040000         xr
*default*        0x00000000         0xffffffff

Linker script and memory map

LOAD C:/ST/STM32CubeIDE_1.17.0/STM32CubeIDE/plugins/com.st.stm32cube.ide.mcu.externaltools.gnu-tools-for-stm32.12.3.rel1.win32_1.1.0.202410251130/tools/bin/../lib/gcc/arm-none-eabi/12.3.1/thumb/v7-m/nofp/crti.o
LOAD C:/ST/STM32CubeIDE_1.17.0/STM32CubeIDE/plugins/com.st.stm32cube.ide.mcu.externaltools.gnu-tools-for-stm32.12.3.rel1.win32_1.1.0.202410251130/tools/bin/../lib/gcc/arm-none-eabi/12.3.1/thumb/v7-m/nofp/crtbegin.o
LOAD C:/ST/STM32CubeIDE_1.17.0/STM32CubeIDE/plugins/com.st.stm32cube.ide.mcu.externaltools.gnu-tools-for-stm32.12.3.rel1.win32_1.1.0.202410251130/tools/bin/../lib/gcc/arm-none-eabi/12.3.1/../../../../arm-none-eabi/lib/thumb/v7-m/nofp/crt0.o
LOAD ./Core/Src/fault.o
LOAD ./Core/Src/leds.o
LOAD ./Core/Src/main.o
LOAD ./Core/Src/mux.o
LOAD ./Core/Src/serial.o
LOAD ./Core/Src/signal_analyzer.o
LOAD ./Core/Src/stm32f1xx_it.o
LOAD ./Core/Src/syscalls.o
LOAD ./Core/Src/sysmem.o
LOAD ./Core/Src/system_stm32f1xx.o
LOAD ./Core/Startup/startup_stm32f107vctx.o
LOAD ./Drivers/STM32F1xx_HAL_Driver/Src/stm32f1xx_ll_adc.o
LOAD ./Drivers/STM32F1xx_HAL_Driver/Src/stm32f1xx_ll_dma.o
LOAD ./Drivers/STM32F1xx_HAL_Driver/Src/stm32f1xx_ll_exti.o
LOAD ./Drivers/STM32F1xx_HAL_Driver/Src/stm32f1xx_ll_gpio.o
LOAD ./Drivers/STM32F1xx_HAL_Driver/Src/stm32f1xx_ll_pwr.o
LOAD ./Drivers/STM32F1xx_HAL_Driver/Src/stm32f1xx_ll_rcc.o
LOAD ./Drivers/STM32F1xx_HAL_Driver/Src/stm32f1xx_ll_tim.o
LOAD ./Drivers/STM32F1xx_HAL_Driver/Src/stm32f1xx_ll_usart.o
LOAD ./Drivers/STM32F1xx_HAL_Driver/Src/stm32f1xx_ll_utils.o
START GROUP
LOAD C:/ST/STM32CubeIDE_1.17.0/STM32CubeIDE/plugins/com.st.stm32cube.ide.mcu.externaltools.gnu-tools-for-stm32.12.3.rel1.win32_1.1.0.202410251130/tools/bin/../lib/gcc/arm-none-eabi/12.3.1/../../../../arm-none-eabi/lib/thumb/v7-m/nofp\libstdc++_nano.a
LOAD C:/ST/STM32CubeIDE_1.17.0/STM32CubeIDE/plugins/com.st.stm32cube.ide.mcu.externaltools.gnu-tools-for-stm32.12.3.rel1.win32_1.1.0.202410251130/tools/bin/../lib/gcc/arm-none-eabi/12.3.1/../../../../arm-none-eabi/lib/thumb/v7-m/nofp\libsupc++_nano.a
END GROUP
LOAD C:/ST/STM32CubeIDE_1.17.0/STM32CubeIDE/plugins/com.st.stm32cube.ide.mcu.externaltools.gnu-tools-for-stm32.12.3.rel1.win32_1.1.0.202410251130/tools/bin/../lib/gcc/arm-none-eabi/12.3.1/../../../../arm-none-eabi/lib/thumb/v7-m/nofp\libstdc++_nano.a
LOAD C:/ST/STM32CubeIDE_1.17.0/STM32CubeIDE/plugins/com.st.stm32cube.ide.mcu.externaltools.gnu-tools-for-stm32.12.3.rel1.win32_1.1.0.202410251130/tools/bin/../lib/gcc/arm-none-eabi/12.3.1/../../../../arm-none-eabi/lib/thumb/v7-m/nofp\libm.a
LOAD C:/ST/STM32CubeIDE_1.17.0/STM32CubeIDE/plugins/com.st.stm32cube.ide.mcu.externaltools.gnu-tools-for-stm32.12.3.rel1.win32_1.1.0.202410251130/tools/bin/../lib/gcc/arm-none-eabi/12.3.1/../../../../arm-none-eabi/lib/thumb/v7-m/nofp\libc_nano.a
START GROUP
LOAD C:/ST/STM32CubeIDE_1.17.0/STM32CubeIDE/plugins/com.st.stm32cube.ide.mcu.externaltools.gnu-tools-for-stm32.12.3.rel1.win32_1.1.0.202410251130/tools/bin/../lib/gcc/arm-none-eabi/12.3.1/thumb/v7-m/nofp\libgcc.a
LOAD C:/ST/STM32CubeIDE_1.17.0/STM32CubeIDE/plugins/com.st.stm32cube.ide.mcu.externaltools.gnu-tools-for-stm32.12.3.rel1.win32_1.1.0.202410251130/tools/bin/../lib/gcc/arm-none-eabi/12.3.1/../../../../arm-none-eabi/lib/thumb/v7-m/nofp\libc_nano.a
END GROUP
START GROUP
LOAD C:/ST/STM32CubeIDE_1.17.0/STM32CubeIDE/plugins/com.st.stm32cube.ide.mcu.externaltools.gnu-tools-for-stm32.12.3.rel1.win32_1.1.0.202410251130/tools/bin/../lib/gcc/arm-none-eabi/12.3.1/thumb/v7-m/nofp\libgcc.a
LOAD C:/ST/STM32CubeIDE_1.17.0/STM32CubeIDE/plugins/com.st.stm32cube.ide.mcu.externaltools.gnu-tools-for-stm32.12.3.rel1.win32_1.1.0.202410251130/tools/bin/../lib/gcc/arm-none-eabi/12.3.1/../../../../arm-none-eabi/lib/thumb/v7-m/nofp\libc_nano.a
END GROUP
LOAD C:/ST/STM32CubeIDE_1.17.0/STM32CubeIDE/plugins/com.st.stm32cube.ide.mcu.externaltools.gnu-tools-for-stm32.12.3.rel1.win32_1.1.0.202410251130/tools/bin/../lib/gcc/arm-none-eabi/12.3.1/thumb/v7-m/nofp/crtend.o
LOAD C:/ST/STM32CubeIDE_1.17.0/STM32CubeIDE/plugins/com.st.stm32cube.ide.mcu.externaltools.gnu-tools-for-stm32.12.3.rel1.win32_1.1.0.202410251130/tools/bin/../lib/gcc/arm-none-eabi/12.3.1/thumb/v7-m/nofp/crtn.o
                0x20010000                        _estack = (ORIGIN (RAM) + LENGTH (RAM))
                0x00000200                        _Min_Heap_Size = 0x200
                0x00000400                        _Min_Stack_Size = 0x400

.isr_vector     0x08000000      0x1e4
                0x08000000                        . = ALIGN (0x4)
 *(.isr_vector)
 .isr_vector    0x08000000      0x1e4 ./Core/Startup/startup_stm32f107vctx.o
                0x08000000                g_pfnVectors
                0x080001e4                        . = ALIGN (0x4)

.text           0x080001e4     0x592c
                0x080001e4                        . = ALIGN (0x4)
 *(.text)
 .text          0x080001e4       0x40 C:/ST/STM32CubeIDE_1.17.0/STM32CubeIDE/plugins/com.st.stm32cube.ide.mcu.externaltools.gnu-tools-for-stm32.12.3.rel1.win32_1.1.0.202410251130/tools/bin/../lib/gcc/arm-none-eabi/12.3.1/thumb/v7-m/nofp/crtbegin.o
 .text          0x08000224       0x14 C:/ST/STM32CubeIDE_1.17.0/STM32CubeIDE/plugins/com.st.stm32cube.ide.mcu.externaltools.gnu-tools-for-stm32.12.3.rel1.win32_1.1.0.202410251130/tools/bin/../lib/gcc/arm-none-eabi/12.3.1/../../../../arm-none-eabi/lib/thumb/v7-m/nofp\libc_nano.a(libc_a-strcmp.o)
                0x08000224                strcmp
 .text          0x08000238       0x10 C:/ST/STM32CubeIDE_1.17.0/STM32CubeIDE/plugins/com.st.stm32cube.ide.mcu.externaltools.gnu-tools-for-stm32.12.3.rel1.win32_1.1.0.202410251130/tools/bin/../lib/gcc/arm-none-eabi/12.3.1/../../../../arm-none-eabi/lib/thumb/v7-m/nofp\libc_nano.a(libc_a-strlen.o)
                0x08000238                strlen
 *(.text*)
 .text.LL_GPIO_SetOutputPin
                0x08000248       0x1e ./Core/Src/fault.o
 .text.LL_GPIO_ResetOutputPin
                0x08000266       0x1e ./Core/Src/fault.o
 .text.FAULT_5v_HandleInterrupt
                0x08000284       0x20 ./Core/Src/fault.o
                0x08000284                FAULT_5v_HandleInterrupt
 .text.FAULT_3v3_HandleInterrupt
                0x080002a4       0x20 ./Core/Src/fault.o
                0x080002a4                FAULT_3v3_HandleInterrupt
 .text.FAULT_5v_HandleMsg
                0x080002c4       0x54 ./Core/Src/fault.o
                0x080002c4                FAULT_5v_HandleMsg
 .text.FAULT_3v3_HandleMsg
                0x08000318       0x54 ./Core/Src/fault.o
                0x08000318                FAULT_3v3_HandleMsg
 .text.LL_DMA_EnableChannel
                0x0800036c       0x3c ./Core/Src/leds.o
 .text.LL_DMA_SetDataLength
                0x080003a8       0x44 ./Core/Src/leds.o
 .text.LL_DMA_ConfigAddresses
                0x080003ec       0x74 ./Core/Src/leds.o
 .text.LL_DMA_EnableIT_TC
                0x08000460       0x3c ./Core/Src/leds.o
 .text.LL_TIM_EnableCounter
                0x0800049c       0x1e ./Core/Src/leds.o
 .text.LL_TIM_DisableCounter
                0x080004ba       0x1e ./Core/Src/leds.o
 .text.LL_TIM_CC_EnableChannel
                0x080004d8       0x20 ./Core/Src/leds.o
 .text.LL_TIM_CC_DisableChannel
                0x080004f8       0x22 ./Core/Src/leds.o
 .text.LL_TIM_EnableDMAReq_CC1
                0x0800051a       0x1e ./Core/Src/leds.o
 .text.LL_TIM_DisableDMAReq_CC1
                0x08000538       0x1e ./Core/Src/leds.o
 *fill*         0x08000556        0x2 
 .text.addToPins
                0x08000558       0x84 ./Core/Src/leds.o
                0x08000558                addToPins
 .text.clearBoard
                0x080005dc       0x68 ./Core/Src/leds.o
                0x080005dc                clearBoard
 .text.sendPixelData
                0x08000644      0x1cc ./Core/Src/leds.o
                0x08000644                sendPixelData
 .text.PWM_Start_DMA
                0x08000810       0x60 ./Core/Src/leds.o
                0x08000810                PWM_Start_DMA
 .text.LL_TIM_PWM_PulseFinishedCallback
                0x08000870       0x24 ./Core/Src/leds.o
                0x08000870                LL_TIM_PWM_PulseFinishedCallback
 .text.__NVIC_SetPriorityGrouping
                0x08000894       0x48 ./Core/Src/main.o
 .text.__NVIC_GetPriorityGrouping
                0x080008dc       0x1c ./Core/Src/main.o
 .text.__NVIC_EnableIRQ
                0x080008f8       0x38 ./Core/Src/main.o
 .text.__NVIC_SetPriority
                0x08000930       0x54 ./Core/Src/main.o
 .text.NVIC_EncodePriority
                0x08000984       0x64 ./Core/Src/main.o
 .text.LL_ADC_REG_SetSequencerRanks
                0x080009e8       0x6a ./Core/Src/main.o
 .text.LL_ADC_SetChannelSamplingTime
                0x08000a52       0x96 ./Core/Src/main.o
 .text.LL_DMA_SetDataTransferDirection
                0x08000ae8       0x48 ./Core/Src/main.o
 .text.LL_DMA_SetMode
                0x08000b30       0x44 ./Core/Src/main.o
 .text.LL_DMA_SetPeriphIncMode
                0x08000b74       0x44 ./Core/Src/main.o
 .text.LL_DMA_SetMemoryIncMode
                0x08000bb8       0x44 ./Core/Src/main.o
 .text.LL_DMA_SetPeriphSize
                0x08000bfc       0x44 ./Core/Src/main.o
 .text.LL_DMA_SetMemorySize
                0x08000c40       0x44 ./Core/Src/main.o
 .text.LL_DMA_SetChannelPriorityLevel
                0x08000c84       0x44 ./Core/Src/main.o
 .text.LL_RCC_HSE_Enable
                0x08000cc8       0x1c ./Core/Src/main.o
 .text.LL_RCC_HSE_IsReady
                0x08000ce4       0x24 ./Core/Src/main.o
 .text.LL_RCC_SetSysClkSource
                0x08000d08       0x28 ./Core/Src/main.o
 .text.LL_RCC_GetSysClkSource
                0x08000d30       0x18 ./Core/Src/main.o
 .text.LL_RCC_SetAHBPrescaler
                0x08000d48       0x28 ./Core/Src/main.o
 .text.LL_RCC_SetAPB1Prescaler
                0x08000d70       0x28 ./Core/Src/main.o
 .text.LL_RCC_SetAPB2Prescaler
                0x08000d98       0x28 ./Core/Src/main.o
 .text.LL_RCC_SetADCClockSource
                0x08000dc0       0x28 ./Core/Src/main.o
 .text.LL_RCC_PLL_Enable
                0x08000de8       0x1c ./Core/Src/main.o
 .text.LL_RCC_PLL_IsReady
                0x08000e04       0x24 ./Core/Src/main.o
 .text.LL_RCC_PLL_ConfigDomain_SYS
                0x08000e28       0x54 ./Core/Src/main.o
 .text.LL_AHB1_GRP1_EnableClock
                0x08000e7c       0x30 ./Core/Src/main.o
 .text.LL_APB1_GRP1_EnableClock
                0x08000eac       0x30 ./Core/Src/main.o
 .text.LL_APB2_GRP1_EnableClock
                0x08000edc       0x30 ./Core/Src/main.o
 .text.LL_FLASH_SetLatency
                0x08000f0c       0x28 ./Core/Src/main.o
 .text.LL_FLASH_GetLatency
                0x08000f34       0x18 ./Core/Src/main.o
 .text.LL_EXTI_EnableIT_0_31
                0x08000f4c       0x24 ./Core/Src/main.o
 .text.LL_TIM_DisableARRPreload
                0x08000f70       0x1e ./Core/Src/main.o
 *fill*         0x08000f8e        0x2 
 .text.LL_TIM_OC_DisableFast
                0x08000f90       0x88 ./Core/Src/main.o
 .text.LL_TIM_OC_EnablePreload
                0x08001018       0x88 ./Core/Src/main.o
 .text.LL_TIM_SetClockSource
                0x080010a0       0x28 ./Core/Src/main.o
 .text.LL_TIM_SetTriggerOutput
                0x080010c8       0x24 ./Core/Src/main.o
 .text.LL_TIM_DisableMasterSlaveMode
                0x080010ec       0x1e ./Core/Src/main.o
 .text.LL_USART_Enable
                0x0800110a       0x1e ./Core/Src/main.o
 .text.LL_USART_ConfigAsyncMode
                0x08001128       0x2a ./Core/Src/main.o
 .text.LL_USART_IsActiveFlag_TC
                0x08001152       0x24 ./Core/Src/main.o
 .text.LL_USART_IsActiveFlag_TXE
                0x08001176       0x24 ./Core/Src/main.o
 .text.LL_USART_EnableIT_RXNE
                0x0800119a       0x44 ./Core/Src/main.o
 .text.LL_USART_TransmitData8
                0x080011de       0x1c ./Core/Src/main.o
 .text.LL_GPIO_SetPinMode
                0x080011fa       0x64 ./Core/Src/main.o
 .text.LL_GPIO_SetOutputPin
                0x0800125e       0x1e ./Core/Src/main.o
 .text.LL_GPIO_ResetOutputPin
                0x0800127c       0x1e ./Core/Src/main.o
 *fill*         0x0800129a        0x2 
 .text.LL_GPIO_AF_EnableRemap_USART2
                0x0800129c       0x20 ./Core/Src/main.o
 .text.LL_GPIO_AF_RemapPartial1_TIM2
                0x080012bc       0x28 ./Core/Src/main.o
 .text.LL_GPIO_AF_Remap_SWJ_NOJTAG
                0x080012e4       0x20 ./Core/Src/main.o
 .text.LL_GPIO_AF_SetEXTISource
                0x08001304       0x5c ./Core/Src/main.o
 .text._write   0x08001360       0x5c ./Core/Src/main.o
                0x08001360                _write
 .text.main     0x080013bc       0xe0 ./Core/Src/main.o
                0x080013bc                main
 .text.SystemClock_Config
                0x0800149c       0x84 ./Core/Src/main.o
                0x0800149c                SystemClock_Config
 .text.MX_ADC1_Init
                0x08001520       0xc4 ./Core/Src/main.o
 .text.MX_TIM2_Init
                0x080015e4      0x138 ./Core/Src/main.o
 .text.MX_TIM6_Init
                0x0800171c       0x54 ./Core/Src/main.o
 .text.MX_USART1_UART_Init
                0x08001770       0xd0 ./Core/Src/main.o
 .text.MX_USART2_UART_Init
                0x08001840       0xb0 ./Core/Src/main.o
 .text.MX_USART3_UART_Init
                0x080018f0       0xd0 ./Core/Src/main.o
 .text.MX_DMA_Init
                0x080019c0       0x2e ./Core/Src/main.o
 *fill*         0x080019ee        0x2 
 .text.MX_GPIO_Init
                0x080019f0      0x1a4 ./Core/Src/main.o
 .text.LL_GPIO_SetOutputPin
                0x08001b94       0x1e ./Core/Src/mux.o
 .text.LL_GPIO_ResetOutputPin
                0x08001bb2       0x1e ./Core/Src/mux.o
 .text.getPortName
                0x08001bd0       0x7c ./Core/Src/mux.o
                0x08001bd0                getPortName
 .text.getPinName
                0x08001c4c      0x1d8 ./Core/Src/mux.o
                0x08001c4c                getPinName
 .text.setConnection
                0x08001e24      0x1ac ./Core/Src/mux.o
                0x08001e24                setConnection
 .text.routeBreadboard
                0x08001fd0      0x390 ./Core/Src/mux.o
                0x08001fd0                routeBreadboard
 .text.routeSignalAnalyzer
                0x08002360      0x28c ./Core/Src/mux.o
                0x08002360                routeSignalAnalyzer
 .text.clear    0x080025ec      0x100 ./Core/Src/mux.o
                0x080025ec                clear
 .text.processCommand
                0x080026ec      0x1c4 ./Core/Src/mux.o
                0x080026ec                processCommand
 .text.UART_ProcessReceivedByte
                0x080028b0       0x8c ./Core/Src/serial.o
                0x080028b0                UART_ProcessReceivedByte
 .text.LL_ADC_REG_SetContinuousMode
                0x0800293c       0x24 ./Core/Src/signal_analyzer.o
 .text.LL_ADC_Enable
                0x08002960       0x1e ./Core/Src/signal_analyzer.o
 .text.LL_ADC_StartCalibration
                0x0800297e       0x1e ./Core/Src/signal_analyzer.o
 .text.LL_ADC_IsCalibrationOnGoing
                0x0800299c       0x24 ./Core/Src/signal_analyzer.o
 .text.LL_ADC_REG_StartConversionSWStart
                0x080029c0       0x1e ./Core/Src/signal_analyzer.o
 .text.LL_TIM_EnableCounter
                0x080029de       0x1e ./Core/Src/signal_analyzer.o
 .text.SignalAnalyzer_Init
                0x080029fc       0x44 ./Core/Src/signal_analyzer.o
                0x080029fc                SignalAnalyzer_Init
 .text.LL_EXTI_IsActiveFlag_0_31
                0x08002a40       0x2c ./Core/Src/stm32f1xx_it.o
 .text.LL_EXTI_ClearFlag_0_31
                0x08002a6c       0x1c ./Core/Src/stm32f1xx_it.o
 .text.LL_USART_IsActiveFlag_RXNE
                0x08002a88       0x24 ./Core/Src/stm32f1xx_it.o
 .text.LL_USART_ReceiveData8
                0x08002aac       0x18 ./Core/Src/stm32f1xx_it.o
 .text.NMI_Handler
                0x08002ac4        0x8 ./Core/Src/stm32f1xx_it.o
                0x08002ac4                NMI_Handler
 .text.HardFault_Handler
                0x08002acc        0x8 ./Core/Src/stm32f1xx_it.o
                0x08002acc                HardFault_Handler
 .text.MemManage_Handler
                0x08002ad4        0x8 ./Core/Src/stm32f1xx_it.o
                0x08002ad4                MemManage_Handler
 .text.BusFault_Handler
                0x08002adc        0x8 ./Core/Src/stm32f1xx_it.o
                0x08002adc                BusFault_Handler
 .text.UsageFault_Handler
                0x08002ae4        0x8 ./Core/Src/stm32f1xx_it.o
                0x08002ae4                UsageFault_Handler
 .text.SVC_Handler
                0x08002aec        0xc ./Core/Src/stm32f1xx_it.o
                0x08002aec                SVC_Handler
 .text.DebugMon_Handler
                0x08002af8        0xc ./Core/Src/stm32f1xx_it.o
                0x08002af8                DebugMon_Handler
 .text.PendSV_Handler
                0x08002b04        0xc ./Core/Src/stm32f1xx_it.o
                0x08002b04                PendSV_Handler
 .text.SysTick_Handler
                0x08002b10        0xc ./Core/Src/stm32f1xx_it.o
                0x08002b10                SysTick_Handler
 .text.DMA1_Channel5_IRQHandler
                0x08002b1c       0x10 ./Core/Src/stm32f1xx_it.o
                0x08002b1c                DMA1_Channel5_IRQHandler
 .text.USART1_IRQHandler
                0x08002b2c       0x34 ./Core/Src/stm32f1xx_it.o
                0x08002b2c                USART1_IRQHandler
 .text.USART3_IRQHandler
                0x08002b60       0x34 ./Core/Src/stm32f1xx_it.o
                0x08002b60                USART3_IRQHandler
 .text.EXTI15_10_IRQHandler
                0x08002b94       0x3c ./Core/Src/stm32f1xx_it.o
                0x08002b94                EXTI15_10_IRQHandler
 .text._read    0x08002bd0       0x3a ./Core/Src/syscalls.o
                0x08002bd0                _read
 .text._close   0x08002c0a       0x16 ./Core/Src/syscalls.o
                0x08002c0a                _close
 .text._fstat   0x08002c20       0x1e ./Core/Src/syscalls.o
                0x08002c20                _fstat
 .text._isatty  0x08002c3e       0x14 ./Core/Src/syscalls.o
                0x08002c3e                _isatty
 .text._lseek   0x08002c52       0x18 ./Core/Src/syscalls.o
                0x08002c52                _lseek
 *fill*         0x08002c6a        0x2 
 .text._sbrk    0x08002c6c       0x6c ./Core/Src/sysmem.o
                0x08002c6c                _sbrk
 .text.SystemInit
                0x08002cd8        0xc ./Core/Src/system_stm32f1xx.o
                0x08002cd8                SystemInit
 .text.Reset_Handler
                0x08002ce4       0x48 ./Core/Startup/startup_stm32f107vctx.o
                0x08002ce4                Reset_Handler
 .text.Default_Handler
                0x08002d2c        0x2 ./Core/Startup/startup_stm32f107vctx.o
                0x08002d2c                RTC_Alarm_IRQHandler
                0x08002d2c                EXTI2_IRQHandler
                0x08002d2c                TIM1_CC_IRQHandler
                0x08002d2c                TIM6_IRQHandler
                0x08002d2c                PVD_IRQHandler
                0x08002d2c                CAN2_RX1_IRQHandler
                0x08002d2c                EXTI3_IRQHandler
                0x08002d2c                EXTI0_IRQHandler
                0x08002d2c                I2C2_EV_IRQHandler
                0x08002d2c                CAN1_RX0_IRQHandler
                0x08002d2c                CAN2_SCE_IRQHandler
                0x08002d2c                ADC1_2_IRQHandler
                0x08002d2c                SPI1_IRQHandler
                0x08002d2c                TAMPER_IRQHandler
                0x08002d2c                CAN2_RX0_IRQHandler
                0x08002d2c                DMA2_Channel2_IRQHandler
                0x08002d2c                DMA1_Channel4_IRQHandler
                0x08002d2c                RTC_IRQHandler
                0x08002d2c                DMA1_Channel7_IRQHandler
                0x08002d2c                CAN1_RX1_IRQHandler
                0x08002d2c                UART5_IRQHandler
                0x08002d2c                TIM4_IRQHandler
                0x08002d2c                DMA2_Channel1_IRQHandler
                0x08002d2c                I2C1_EV_IRQHandler
                0x08002d2c                DMA1_Channel6_IRQHandler
                0x08002d2c                UART4_IRQHandler
                0x08002d2c                DMA2_Channel4_IRQHandler
                0x08002d2c                TIM3_IRQHandler
                0x08002d2c                RCC_IRQHandler
                0x08002d2c                TIM1_TRG_COM_IRQHandler
                0x08002d2c                DMA1_Channel1_IRQHandler
                0x08002d2c                Default_Handler
                0x08002d2c                TIM7_IRQHandler
                0x08002d2c                CAN2_TX_IRQHandler
                0x08002d2c                TIM5_IRQHandler
                0x08002d2c                EXTI9_5_IRQHandler
                0x08002d2c                ETH_WKUP_IRQHandler
                0x08002d2c                SPI2_IRQHandler
                0x08002d2c                CAN1_TX_IRQHandler
                0x08002d2c                DMA2_Channel5_IRQHandler
                0x08002d2c                EXTI4_IRQHandler
                0x08002d2c                DMA1_Channel3_IRQHandler
                0x08002d2c                ETH_IRQHandler
                0x08002d2c                TIM1_UP_IRQHandler
                0x08002d2c                WWDG_IRQHandler
                0x08002d2c                TIM2_IRQHandler
                0x08002d2c                OTG_FS_WKUP_IRQHandler
                0x08002d2c                TIM1_BRK_IRQHandler
                0x08002d2c                EXTI1_IRQHandler
                0x08002d2c                USART2_IRQHandler
                0x08002d2c                I2C2_ER_IRQHandler
                0x08002d2c                DMA1_Channel2_IRQHandler
                0x08002d2c                CAN1_SCE_IRQHandler
                0x08002d2c                FLASH_IRQHandler
                0x08002d2c                OTG_FS_IRQHandler
                0x08002d2c                SPI3_IRQHandler
                0x08002d2c                I2C1_ER_IRQHandler
                0x08002d2c                DMA2_Channel3_IRQHandler
 .text.LL_ADC_REG_SetSequencerLength
                0x08002d2e       0x24 ./Drivers/STM32F1xx_HAL_Driver/Src/stm32f1xx_ll_adc.o
 .text.LL_ADC_IsEnabled
                0x08002d52       0x24 ./Drivers/STM32F1xx_HAL_Driver/Src/stm32f1xx_ll_adc.o
 *fill*         0x08002d76        0x2 
 .text.LL_ADC_CommonInit
                0x08002d78       0x64 ./Drivers/STM32F1xx_HAL_Driver/Src/stm32f1xx_ll_adc.o
                0x08002d78                LL_ADC_CommonInit
 .text.LL_ADC_Init
                0x08002ddc       0x4e ./Drivers/STM32F1xx_HAL_Driver/Src/stm32f1xx_ll_adc.o
                0x08002ddc                LL_ADC_Init
 .text.LL_ADC_REG_Init
                0x08002e2a       0x8c ./Drivers/STM32F1xx_HAL_Driver/Src/stm32f1xx_ll_adc.o
                0x08002e2a                LL_ADC_REG_Init
 *fill*         0x08002eb6        0x2 
 .text.LL_EXTI_EnableIT_0_31
                0x08002eb8       0x24 ./Drivers/STM32F1xx_HAL_Driver/Src/stm32f1xx_ll_exti.o
 .text.LL_EXTI_DisableIT_0_31
                0x08002edc       0x24 ./Drivers/STM32F1xx_HAL_Driver/Src/stm32f1xx_ll_exti.o
 .text.LL_EXTI_EnableEvent_0_31
                0x08002f00       0x24 ./Drivers/STM32F1xx_HAL_Driver/Src/stm32f1xx_ll_exti.o
 .text.LL_EXTI_DisableEvent_0_31
                0x08002f24       0x24 ./Drivers/STM32F1xx_HAL_Driver/Src/stm32f1xx_ll_exti.o
 .text.LL_EXTI_EnableRisingTrig_0_31
                0x08002f48       0x24 ./Drivers/STM32F1xx_HAL_Driver/Src/stm32f1xx_ll_exti.o
 .text.LL_EXTI_DisableRisingTrig_0_31
                0x08002f6c       0x24 ./Drivers/STM32F1xx_HAL_Driver/Src/stm32f1xx_ll_exti.o
 .text.LL_EXTI_EnableFallingTrig_0_31
                0x08002f90       0x24 ./Drivers/STM32F1xx_HAL_Driver/Src/stm32f1xx_ll_exti.o
 .text.LL_EXTI_DisableFallingTrig_0_31
                0x08002fb4       0x24 ./Drivers/STM32F1xx_HAL_Driver/Src/stm32f1xx_ll_exti.o
 .text.LL_EXTI_Init
                0x08002fd8       0xfe ./Drivers/STM32F1xx_HAL_Driver/Src/stm32f1xx_ll_exti.o
                0x08002fd8                LL_EXTI_Init
 .text.LL_GPIO_SetPinMode
                0x080030d6       0x64 ./Drivers/STM32F1xx_HAL_Driver/Src/stm32f1xx_ll_gpio.o
 .text.LL_GPIO_SetPinSpeed
                0x0800313a       0x64 ./Drivers/STM32F1xx_HAL_Driver/Src/stm32f1xx_ll_gpio.o
 .text.LL_GPIO_SetPinOutputType
                0x0800319e       0x64 ./Drivers/STM32F1xx_HAL_Driver/Src/stm32f1xx_ll_gpio.o
 .text.LL_GPIO_SetPinPull
                0x08003202       0x44 ./Drivers/STM32F1xx_HAL_Driver/Src/stm32f1xx_ll_gpio.o
 .text.LL_GPIO_Init
                0x08003246       0xcc ./Drivers/STM32F1xx_HAL_Driver/Src/stm32f1xx_ll_gpio.o
                0x08003246                LL_GPIO_Init
 *fill*         0x08003312        0x2 
 .text.LL_RCC_HSE_GetPrediv2
                0x08003314       0x18 ./Drivers/STM32F1xx_HAL_Driver/Src/stm32f1xx_ll_rcc.o
 .text.LL_RCC_GetSysClkSource
                0x0800332c       0x18 ./Drivers/STM32F1xx_HAL_Driver/Src/stm32f1xx_ll_rcc.o
 .text.LL_RCC_GetAHBPrescaler
                0x08003344       0x18 ./Drivers/STM32F1xx_HAL_Driver/Src/stm32f1xx_ll_rcc.o
 .text.LL_RCC_GetAPB1Prescaler
                0x0800335c       0x18 ./Drivers/STM32F1xx_HAL_Driver/Src/stm32f1xx_ll_rcc.o
 .text.LL_RCC_GetAPB2Prescaler
                0x08003374       0x18 ./Drivers/STM32F1xx_HAL_Driver/Src/stm32f1xx_ll_rcc.o
 .text.LL_RCC_PLL_GetMainSource
                0x0800338c       0x30 ./Drivers/STM32F1xx_HAL_Driver/Src/stm32f1xx_ll_rcc.o
 .text.LL_RCC_PLL_GetMultiplicator
                0x080033bc       0x18 ./Drivers/STM32F1xx_HAL_Driver/Src/stm32f1xx_ll_rcc.o
 .text.LL_RCC_PLL_GetPrediv
                0x080033d4       0x18 ./Drivers/STM32F1xx_HAL_Driver/Src/stm32f1xx_ll_rcc.o
 .text.LL_RCC_PLL2_GetMultiplicator
                0x080033ec       0x18 ./Drivers/STM32F1xx_HAL_Driver/Src/stm32f1xx_ll_rcc.o
 .text.LL_RCC_GetSystemClocksFreq
                0x08003404       0x4a ./Drivers/STM32F1xx_HAL_Driver/Src/stm32f1xx_ll_rcc.o
                0x08003404                LL_RCC_GetSystemClocksFreq
 *fill*         0x0800344e        0x2 
 .text.RCC_GetSystemClockFreq
                0x08003450       0x4c ./Drivers/STM32F1xx_HAL_Driver/Src/stm32f1xx_ll_rcc.o
                0x08003450                RCC_GetSystemClockFreq
 .text.RCC_GetHCLKClockFreq
                0x0800349c       0x2c ./Drivers/STM32F1xx_HAL_Driver/Src/stm32f1xx_ll_rcc.o
                0x0800349c                RCC_GetHCLKClockFreq
 .text.RCC_GetPCLK1ClockFreq
                0x080034c8       0x28 ./Drivers/STM32F1xx_HAL_Driver/Src/stm32f1xx_ll_rcc.o
                0x080034c8                RCC_GetPCLK1ClockFreq
 .text.RCC_GetPCLK2ClockFreq
                0x080034f0       0x28 ./Drivers/STM32F1xx_HAL_Driver/Src/stm32f1xx_ll_rcc.o
                0x080034f0                RCC_GetPCLK2ClockFreq
 .text.RCC_PLL_GetFreqDomain_SYS
                0x08003518       0xa8 ./Drivers/STM32F1xx_HAL_Driver/Src/stm32f1xx_ll_rcc.o
                0x08003518                RCC_PLL_GetFreqDomain_SYS
 .text.RCC_PLL2_GetFreqClockFreq
                0x080035c0       0x30 ./Drivers/STM32F1xx_HAL_Driver/Src/stm32f1xx_ll_rcc.o
                0x080035c0                RCC_PLL2_GetFreqClockFreq
 .text.LL_TIM_SetPrescaler
                0x080035f0       0x1a ./Drivers/STM32F1xx_HAL_Driver/Src/stm32f1xx_ll_tim.o
 .text.LL_TIM_SetAutoReload
                0x0800360a       0x1a ./Drivers/STM32F1xx_HAL_Driver/Src/stm32f1xx_ll_tim.o
 .text.LL_TIM_SetRepetitionCounter
                0x08003624       0x1a ./Drivers/STM32F1xx_HAL_Driver/Src/stm32f1xx_ll_tim.o
 .text.LL_TIM_OC_SetCompareCH1
                0x0800363e       0x1a ./Drivers/STM32F1xx_HAL_Driver/Src/stm32f1xx_ll_tim.o
 .text.LL_TIM_OC_SetCompareCH2
                0x08003658       0x1a ./Drivers/STM32F1xx_HAL_Driver/Src/stm32f1xx_ll_tim.o
 .text.LL_TIM_OC_SetCompareCH3
                0x08003672       0x1a ./Drivers/STM32F1xx_HAL_Driver/Src/stm32f1xx_ll_tim.o
 .text.LL_TIM_OC_SetCompareCH4
                0x0800368c       0x1a ./Drivers/STM32F1xx_HAL_Driver/Src/stm32f1xx_ll_tim.o
 .text.LL_TIM_GenerateEvent_UPDATE
                0x080036a6       0x1e ./Drivers/STM32F1xx_HAL_Driver/Src/stm32f1xx_ll_tim.o
 .text.LL_TIM_Init
                0x080036c4       0xd0 ./Drivers/STM32F1xx_HAL_Driver/Src/stm32f1xx_ll_tim.o
                0x080036c4                LL_TIM_Init
 .text.LL_TIM_OC_Init
                0x08003794       0x82 ./Drivers/STM32F1xx_HAL_Driver/Src/stm32f1xx_ll_tim.o
                0x08003794                LL_TIM_OC_Init
 *fill*         0x08003816        0x2 
 .text.OC1Config
                0x08003818       0xcc ./Drivers/STM32F1xx_HAL_Driver/Src/stm32f1xx_ll_tim.o
 .text.OC2Config
                0x080038e4       0xd4 ./Drivers/STM32F1xx_HAL_Driver/Src/stm32f1xx_ll_tim.o
 .text.OC3Config
                0x080039b8       0xd4 ./Drivers/STM32F1xx_HAL_Driver/Src/stm32f1xx_ll_tim.o
 .text.OC4Config
                0x08003a8c       0xa4 ./Drivers/STM32F1xx_HAL_Driver/Src/stm32f1xx_ll_tim.o
 .text.LL_USART_IsEnabled
                0x08003b30       0x26 ./Drivers/STM32F1xx_HAL_Driver/Src/stm32f1xx_ll_usart.o
 .text.LL_USART_SetStopBitsLength
                0x08003b56       0x24 ./Drivers/STM32F1xx_HAL_Driver/Src/stm32f1xx_ll_usart.o
 .text.LL_USART_SetHWFlowCtrl
                0x08003b7a       0x24 ./Drivers/STM32F1xx_HAL_Driver/Src/stm32f1xx_ll_usart.o
 *fill*         0x08003b9e        0x2 
 .text.LL_USART_SetBaudRate
                0x08003ba0       0xbc ./Drivers/STM32F1xx_HAL_Driver/Src/stm32f1xx_ll_usart.o
 .text.LL_USART_Init
                0x08003c5c       0xe4 ./Drivers/STM32F1xx_HAL_Driver/Src/stm32f1xx_ll_usart.o
                0x08003c5c                LL_USART_Init
 .text.LL_InitTick
                0x08003d40       0x34 ./Drivers/STM32F1xx_HAL_Driver/Src/stm32f1xx_ll_utils.o
 .text.LL_Init1msTick
                0x08003d74       0x1a ./Drivers/STM32F1xx_HAL_Driver/Src/stm32f1xx_ll_utils.o
                0x08003d74                LL_Init1msTick
 *fill*         0x08003d8e        0x2 
 .text.LL_mDelay
                0x08003d90       0x48 ./Drivers/STM32F1xx_HAL_Driver/Src/stm32f1xx_ll_utils.o
                0x08003d90                LL_mDelay
 .text.LL_SetSystemCoreClock
                0x08003dd8       0x1c ./Drivers/STM32F1xx_HAL_Driver/Src/stm32f1xx_ll_utils.o
                0x08003dd8                LL_SetSystemCoreClock
 .text.__sflush_r
                0x08003df4      0x100 C:/ST/STM32CubeIDE_1.17.0/STM32CubeIDE/plugins/com.st.stm32cube.ide.mcu.externaltools.gnu-tools-for-stm32.12.3.rel1.win32_1.1.0.202410251130/tools/bin/../lib/gcc/arm-none-eabi/12.3.1/../../../../arm-none-eabi/lib/thumb/v7-m/nofp\libc_nano.a(libc_a-fflush.o)
                0x08003df4                __sflush_r
 .text._fflush_r
                0x08003ef4       0x50 C:/ST/STM32CubeIDE_1.17.0/STM32CubeIDE/plugins/com.st.stm32cube.ide.mcu.externaltools.gnu-tools-for-stm32.12.3.rel1.win32_1.1.0.202410251130/tools/bin/../lib/gcc/arm-none-eabi/12.3.1/../../../../arm-none-eabi/lib/thumb/v7-m/nofp\libc_nano.a(libc_a-fflush.o)
                0x08003ef4                _fflush_r
 .text.fflush   0x08003f44       0x28 C:/ST/STM32CubeIDE_1.17.0/STM32CubeIDE/plugins/com.st.stm32cube.ide.mcu.externaltools.gnu-tools-for-stm32.12.3.rel1.win32_1.1.0.202410251130/tools/bin/../lib/gcc/arm-none-eabi/12.3.1/../../../../arm-none-eabi/lib/thumb/v7-m/nofp\libc_nano.a(libc_a-fflush.o)
                0x08003f44                fflush
 .text.std      0x08003f6c       0x6c C:/ST/STM32CubeIDE_1.17.0/STM32CubeIDE/plugins/com.st.stm32cube.ide.mcu.externaltools.gnu-tools-for-stm32.12.3.rel1.win32_1.1.0.202410251130/tools/bin/../lib/gcc/arm-none-eabi/12.3.1/../../../../arm-none-eabi/lib/thumb/v7-m/nofp\libc_nano.a(libc_a-findfp.o)
 .text.stdio_exit_handler
                0x08003fd8       0x18 C:/ST/STM32CubeIDE_1.17.0/STM32CubeIDE/plugins/com.st.stm32cube.ide.mcu.externaltools.gnu-tools-for-stm32.12.3.rel1.win32_1.1.0.202410251130/tools/bin/../lib/gcc/arm-none-eabi/12.3.1/../../../../arm-none-eabi/lib/thumb/v7-m/nofp\libc_nano.a(libc_a-findfp.o)
 .text.cleanup_stdio
                0x08003ff0       0x40 C:/ST/STM32CubeIDE_1.17.0/STM32CubeIDE/plugins/com.st.stm32cube.ide.mcu.externaltools.gnu-tools-for-stm32.12.3.rel1.win32_1.1.0.202410251130/tools/bin/../lib/gcc/arm-none-eabi/12.3.1/../../../../arm-none-eabi/lib/thumb/v7-m/nofp\libc_nano.a(libc_a-findfp.o)
 .text.global_stdio_init.part.0
                0x08004030       0x3c C:/ST/STM32CubeIDE_1.17.0/STM32CubeIDE/plugins/com.st.stm32cube.ide.mcu.externaltools.gnu-tools-for-stm32.12.3.rel1.win32_1.1.0.202410251130/tools/bin/../lib/gcc/arm-none-eabi/12.3.1/../../../../arm-none-eabi/lib/thumb/v7-m/nofp\libc_nano.a(libc_a-findfp.o)
 .text.__sfp_lock_acquire
                0x0800406c        0xc C:/ST/STM32CubeIDE_1.17.0/STM32CubeIDE/plugins/com.st.stm32cube.ide.mcu.externaltools.gnu-tools-for-stm32.12.3.rel1.win32_1.1.0.202410251130/tools/bin/../lib/gcc/arm-none-eabi/12.3.1/../../../../arm-none-eabi/lib/thumb/v7-m/nofp\libc_nano.a(libc_a-findfp.o)
                0x0800406c                __sfp_lock_acquire
 .text.__sfp_lock_release
                0x08004078        0xc C:/ST/STM32CubeIDE_1.17.0/STM32CubeIDE/plugins/com.st.stm32cube.ide.mcu.externaltools.gnu-tools-for-stm32.12.3.rel1.win32_1.1.0.202410251130/tools/bin/../lib/gcc/arm-none-eabi/12.3.1/../../../../arm-none-eabi/lib/thumb/v7-m/nofp\libc_nano.a(libc_a-findfp.o)
                0x08004078                __sfp_lock_release
 .text.__sinit  0x08004084       0x30 C:/ST/STM32CubeIDE_1.17.0/STM32CubeIDE/plugins/com.st.stm32cube.ide.mcu.externaltools.gnu-tools-for-stm32.12.3.rel1.win32_1.1.0.202410251130/tools/bin/../lib/gcc/arm-none-eabi/12.3.1/../../../../arm-none-eabi/lib/thumb/v7-m/nofp\libc_nano.a(libc_a-findfp.o)
                0x08004084                __sinit
 .text._fwalk_sglue
                0x080040b4       0x3c C:/ST/STM32CubeIDE_1.17.0/STM32CubeIDE/plugins/com.st.stm32cube.ide.mcu.externaltools.gnu-tools-for-stm32.12.3.rel1.win32_1.1.0.202410251130/tools/bin/../lib/gcc/arm-none-eabi/12.3.1/../../../../arm-none-eabi/lib/thumb/v7-m/nofp\libc_nano.a(libc_a-fwalk.o)
                0x080040b4                _fwalk_sglue
 .text.printf   0x080040f0       0x24 C:/ST/STM32CubeIDE_1.17.0/STM32CubeIDE/plugins/com.st.stm32cube.ide.mcu.externaltools.gnu-tools-for-stm32.12.3.rel1.win32_1.1.0.202410251130/tools/bin/../lib/gcc/arm-none-eabi/12.3.1/../../../../arm-none-eabi/lib/thumb/v7-m/nofp\libc_nano.a(libc_a-printf.o)
                0x080040f0                iprintf
                0x080040f0                printf
 .text.putchar  0x08004114       0x10 C:/ST/STM32CubeIDE_1.17.0/STM32CubeIDE/plugins/com.st.stm32cube.ide.mcu.externaltools.gnu-tools-for-stm32.12.3.rel1.win32_1.1.0.202410251130/tools/bin/../lib/gcc/arm-none-eabi/12.3.1/../../../../arm-none-eabi/lib/thumb/v7-m/nofp\libc_nano.a(libc_a-putchar.o)
                0x08004114                putchar
 .text._puts_r  0x08004124       0xaa C:/ST/STM32CubeIDE_1.17.0/STM32CubeIDE/plugins/com.st.stm32cube.ide.mcu.externaltools.gnu-tools-for-stm32.12.3.rel1.win32_1.1.0.202410251130/tools/bin/../lib/gcc/arm-none-eabi/12.3.1/../../../../arm-none-eabi/lib/thumb/v7-m/nofp\libc_nano.a(libc_a-puts.o)
                0x08004124                _puts_r
 *fill*         0x080041ce        0x2 
 .text.puts     0x080041d0       0x10 C:/ST/STM32CubeIDE_1.17.0/STM32CubeIDE/plugins/com.st.stm32cube.ide.mcu.externaltools.gnu-tools-for-stm32.12.3.rel1.win32_1.1.0.202410251130/tools/bin/../lib/gcc/arm-none-eabi/12.3.1/../../../../arm-none-eabi/lib/thumb/v7-m/nofp\libc_nano.a(libc_a-puts.o)
                0x080041d0                puts
 .text.snprintf
                0x080041e0       0x68 C:/ST/STM32CubeIDE_1.17.0/STM32CubeIDE/plugins/com.st.stm32cube.ide.mcu.externaltools.gnu-tools-for-stm32.12.3.rel1.win32_1.1.0.202410251130/tools/bin/../lib/gcc/arm-none-eabi/12.3.1/../../../../arm-none-eabi/lib/thumb/v7-m/nofp\libc_nano.a(libc_a-snprintf.o)
                0x080041e0                sniprintf
                0x080041e0                snprintf
 .text.sscanf   0x08004248       0x54 C:/ST/STM32CubeIDE_1.17.0/STM32CubeIDE/plugins/com.st.stm32cube.ide.mcu.externaltools.gnu-tools-for-stm32.12.3.rel1.win32_1.1.0.202410251130/tools/bin/../lib/gcc/arm-none-eabi/12.3.1/../../../../arm-none-eabi/lib/thumb/v7-m/nofp\libc_nano.a(libc_a-sscanf.o)
                0x08004248                siscanf
                0x08004248                sscanf
 .text.__sread  0x0800429c       0x22 C:/ST/STM32CubeIDE_1.17.0/STM32CubeIDE/plugins/com.st.stm32cube.ide.mcu.externaltools.gnu-tools-for-stm32.12.3.rel1.win32_1.1.0.202410251130/tools/bin/../lib/gcc/arm-none-eabi/12.3.1/../../../../arm-none-eabi/lib/thumb/v7-m/nofp\libc_nano.a(libc_a-stdio.o)
                0x0800429c                __sread
 .text.__seofread
                0x080042be        0x4 C:/ST/STM32CubeIDE_1.17.0/STM32CubeIDE/plugins/com.st.stm32cube.ide.mcu.externaltools.gnu-tools-for-stm32.12.3.rel1.win32_1.1.0.202410251130/tools/bin/../lib/gcc/arm-none-eabi/12.3.1/../../../../arm-none-eabi/lib/thumb/v7-m/nofp\libc_nano.a(libc_a-stdio.o)
                0x080042be                __seofread
 .text.__swrite
                0x080042c2       0x38 C:/ST/STM32CubeIDE_1.17.0/STM32CubeIDE/plugins/com.st.stm32cube.ide.mcu.externaltools.gnu-tools-for-stm32.12.3.rel1.win32_1.1.0.202410251130/tools/bin/../lib/gcc/arm-none-eabi/12.3.1/../../../../arm-none-eabi/lib/thumb/v7-m/nofp\libc_nano.a(libc_a-stdio.o)
                0x080042c2                __swrite
 .text.__sseek  0x080042fa       0x24 C:/ST/STM32CubeIDE_1.17.0/STM32CubeIDE/plugins/com.st.stm32cube.ide.mcu.externaltools.gnu-tools-for-stm32.12.3.rel1.win32_1.1.0.202410251130/tools/bin/../lib/gcc/arm-none-eabi/12.3.1/../../../../arm-none-eabi/lib/thumb/v7-m/nofp\libc_nano.a(libc_a-stdio.o)
                0x080042fa                __sseek
 .text.__sclose
                0x0800431e        0x8 C:/ST/STM32CubeIDE_1.17.0/STM32CubeIDE/plugins/com.st.stm32cube.ide.mcu.externaltools.gnu-tools-for-stm32.12.3.rel1.win32_1.1.0.202410251130/tools/bin/../lib/gcc/arm-none-eabi/12.3.1/../../../../arm-none-eabi/lib/thumb/v7-m/nofp\libc_nano.a(libc_a-stdio.o)
                0x0800431e                __sclose
 .text.__swbuf_r
                0x08004326       0x7c C:/ST/STM32CubeIDE_1.17.0/STM32CubeIDE/plugins/com.st.stm32cube.ide.mcu.externaltools.gnu-tools-for-stm32.12.3.rel1.win32_1.1.0.202410251130/tools/bin/../lib/gcc/arm-none-eabi/12.3.1/../../../../arm-none-eabi/lib/thumb/v7-m/nofp\libc_nano.a(libc_a-wbuf.o)
                0x08004326                __swbuf_r
 *fill*         0x080043a2        0x2 
 .text.__swsetup_r
                0x080043a4       0xac C:/ST/STM32CubeIDE_1.17.0/STM32CubeIDE/plugins/com.st.stm32cube.ide.mcu.externaltools.gnu-tools-for-stm32.12.3.rel1.win32_1.1.0.202410251130/tools/bin/../lib/gcc/arm-none-eabi/12.3.1/../../../../arm-none-eabi/lib/thumb/v7-m/nofp\libc_nano.a(libc_a-wsetup.o)
                0x080043a4                __swsetup_r
 .text.memset   0x08004450       0x10 C:/ST/STM32CubeIDE_1.17.0/STM32CubeIDE/plugins/com.st.stm32cube.ide.mcu.externaltools.gnu-tools-for-stm32.12.3.rel1.win32_1.1.0.202410251130/tools/bin/../lib/gcc/arm-none-eabi/12.3.1/../../../../arm-none-eabi/lib/thumb/v7-m/nofp\libc_nano.a(libc_a-memset.o)
                0x08004450                memset
 .text.strncmp  0x08004460       0x24 C:/ST/STM32CubeIDE_1.17.0/STM32CubeIDE/plugins/com.st.stm32cube.ide.mcu.externaltools.gnu-tools-for-stm32.12.3.rel1.win32_1.1.0.202410251130/tools/bin/../lib/gcc/arm-none-eabi/12.3.1/../../../../arm-none-eabi/lib/thumb/v7-m/nofp\libc_nano.a(libc_a-strncmp.o)
                0x08004460                strncmp
 .text._close_r
                0x08004484       0x20 C:/ST/STM32CubeIDE_1.17.0/STM32CubeIDE/plugins/com.st.stm32cube.ide.mcu.externaltools.gnu-tools-for-stm32.12.3.rel1.win32_1.1.0.202410251130/tools/bin/../lib/gcc/arm-none-eabi/12.3.1/../../../../arm-none-eabi/lib/thumb/v7-m/nofp\libc_nano.a(libc_a-closer.o)
                0x08004484                _close_r
 .text._lseek_r
                0x080044a4       0x24 C:/ST/STM32CubeIDE_1.17.0/STM32CubeIDE/plugins/com.st.stm32cube.ide.mcu.externaltools.gnu-tools-for-stm32.12.3.rel1.win32_1.1.0.202410251130/tools/bin/../lib/gcc/arm-none-eabi/12.3.1/../../../../arm-none-eabi/lib/thumb/v7-m/nofp\libc_nano.a(libc_a-lseekr.o)
                0x080044a4                _lseek_r
 .text._read_r  0x080044c8       0x24 C:/ST/STM32CubeIDE_1.17.0/STM32CubeIDE/plugins/com.st.stm32cube.ide.mcu.externaltools.gnu-tools-for-stm32.12.3.rel1.win32_1.1.0.202410251130/tools/bin/../lib/gcc/arm-none-eabi/12.3.1/../../../../arm-none-eabi/lib/thumb/v7-m/nofp\libc_nano.a(libc_a-readr.o)
                0x080044c8                _read_r
 .text._write_r
                0x080044ec       0x24 C:/ST/STM32CubeIDE_1.17.0/STM32CubeIDE/plugins/com.st.stm32cube.ide.mcu.externaltools.gnu-tools-for-stm32.12.3.rel1.win32_1.1.0.202410251130/tools/bin/../lib/gcc/arm-none-eabi/12.3.1/../../../../arm-none-eabi/lib/thumb/v7-m/nofp\libc_nano.a(libc_a-writer.o)
                0x080044ec                _write_r
 .text.__errno  0x08004510        0xc C:/ST/STM32CubeIDE_1.17.0/STM32CubeIDE/plugins/com.st.stm32cube.ide.mcu.externaltools.gnu-tools-for-stm32.12.3.rel1.win32_1.1.0.202410251130/tools/bin/../lib/gcc/arm-none-eabi/12.3.1/../../../../arm-none-eabi/lib/thumb/v7-m/nofp\libc_nano.a(libc_a-errno.o)
                0x08004510                __errno
 .text.__libc_init_array
                0x0800451c       0x48 C:/ST/STM32CubeIDE_1.17.0/STM32CubeIDE/plugins/com.st.stm32cube.ide.mcu.externaltools.gnu-tools-for-stm32.12.3.rel1.win32_1.1.0.202410251130/tools/bin/../lib/gcc/arm-none-eabi/12.3.1/../../../../arm-none-eabi/lib/thumb/v7-m/nofp\libc_nano.a(libc_a-init.o)
                0x0800451c                __libc_init_array
 .text.__retarget_lock_init_recursive
                0x08004564        0x2 C:/ST/STM32CubeIDE_1.17.0/STM32CubeIDE/plugins/com.st.stm32cube.ide.mcu.externaltools.gnu-tools-for-stm32.12.3.rel1.win32_1.1.0.202410251130/tools/bin/../lib/gcc/arm-none-eabi/12.3.1/../../../../arm-none-eabi/lib/thumb/v7-m/nofp\libc_nano.a(libc_a-lock.o)
                0x08004564                __retarget_lock_init_recursive
 .text.__retarget_lock_acquire_recursive
                0x08004566        0x2 C:/ST/STM32CubeIDE_1.17.0/STM32CubeIDE/plugins/com.st.stm32cube.ide.mcu.externaltools.gnu-tools-for-stm32.12.3.rel1.win32_1.1.0.202410251130/tools/bin/../lib/gcc/arm-none-eabi/12.3.1/../../../../arm-none-eabi/lib/thumb/v7-m/nofp\libc_nano.a(libc_a-lock.o)
                0x08004566                __retarget_lock_acquire_recursive
 .text.__retarget_lock_release_recursive
                0x08004568        0x2 C:/ST/STM32CubeIDE_1.17.0/STM32CubeIDE/plugins/com.st.stm32cube.ide.mcu.externaltools.gnu-tools-for-stm32.12.3.rel1.win32_1.1.0.202410251130/tools/bin/../lib/gcc/arm-none-eabi/12.3.1/../../../../arm-none-eabi/lib/thumb/v7-m/nofp\libc_nano.a(libc_a-lock.o)
                0x08004568                __retarget_lock_release_recursive
 *fill*         0x0800456a        0x2 
 .text._free_r  0x0800456c       0x90 C:/ST/STM32CubeIDE_1.17.0/STM32CubeIDE/plugins/com.st.stm32cube.ide.mcu.externaltools.gnu-tools-for-stm32.12.3.rel1.win32_1.1.0.202410251130/tools/bin/../lib/gcc/arm-none-eabi/12.3.1/../../../../arm-none-eabi/lib/thumb/v7-m/nofp\libc_nano.a(libc_a-freer.o)
                0x0800456c                _free_r
 .text.sbrk_aligned
                0x080045fc       0x44 C:/ST/STM32CubeIDE_1.17.0/STM32CubeIDE/plugins/com.st.stm32cube.ide.mcu.externaltools.gnu-tools-for-stm32.12.3.rel1.win32_1.1.0.202410251130/tools/bin/../lib/gcc/arm-none-eabi/12.3.1/../../../../arm-none-eabi/lib/thumb/v7-m/nofp\libc_nano.a(libc_a-mallocr.o)
 .text._malloc_r
                0x08004640      0x100 C:/ST/STM32CubeIDE_1.17.0/STM32CubeIDE/plugins/com.st.stm32cube.ide.mcu.externaltools.gnu-tools-for-stm32.12.3.rel1.win32_1.1.0.202410251130/tools/bin/../lib/gcc/arm-none-eabi/12.3.1/../../../../arm-none-eabi/lib/thumb/v7-m/nofp\libc_nano.a(libc_a-mallocr.o)
                0x08004640                _malloc_r
 .text.__malloc_lock
                0x08004740        0xc C:/ST/STM32CubeIDE_1.17.0/STM32CubeIDE/plugins/com.st.stm32cube.ide.mcu.externaltools.gnu-tools-for-stm32.12.3.rel1.win32_1.1.0.202410251130/tools/bin/../lib/gcc/arm-none-eabi/12.3.1/../../../../arm-none-eabi/lib/thumb/v7-m/nofp\libc_nano.a(libc_a-mlock.o)
                0x08004740                __malloc_lock
 .text.__malloc_unlock
                0x0800474c        0xc C:/ST/STM32CubeIDE_1.17.0/STM32CubeIDE/plugins/com.st.stm32cube.ide.mcu.externaltools.gnu-tools-for-stm32.12.3.rel1.win32_1.1.0.202410251130/tools/bin/../lib/gcc/arm-none-eabi/12.3.1/../../../../arm-none-eabi/lib/thumb/v7-m/nofp\libc_nano.a(libc_a-mlock.o)
                0x0800474c                __malloc_unlock
 .text.__ssputs_r
                0x08004758       0xb6 C:/ST/STM32CubeIDE_1.17.0/STM32CubeIDE/plugins/com.st.stm32cube.ide.mcu.externaltools.gnu-tools-for-stm32.12.3.rel1.win32_1.1.0.202410251130/tools/bin/../lib/gcc/arm-none-eabi/12.3.1/../../../../arm-none-eabi/lib/thumb/v7-m/nofp\libc_nano.a(libc_a-nano-svfprintf.o)
                0x08004758                __ssputs_r
 *fill*         0x0800480e        0x2 
 .text._svfprintf_r
                0x08004810      0x1f8 C:/ST/STM32CubeIDE_1.17.0/STM32CubeIDE/plugins/com.st.stm32cube.ide.mcu.externaltools.gnu-tools-for-stm32.12.3.rel1.win32_1.1.0.202410251130/tools/bin/../lib/gcc/arm-none-eabi/12.3.1/../../../../arm-none-eabi/lib/thumb/v7-m/nofp\libc_nano.a(libc_a-nano-svfprintf.o)
                0x08004810                _svfiprintf_r
                0x08004810                _svfprintf_r
 .text._sungetc_r
                0x08004a08       0x76 C:/ST/STM32CubeIDE_1.17.0/STM32CubeIDE/plugins/com.st.stm32cube.ide.mcu.externaltools.gnu-tools-for-stm32.12.3.rel1.win32_1.1.0.202410251130/tools/bin/../lib/gcc/arm-none-eabi/12.3.1/../../../../arm-none-eabi/lib/thumb/v7-m/nofp\libc_nano.a(libc_a-nano-svfscanf.o)
                0x08004a08                _sungetc_r
 .text.__ssrefill_r
                0x08004a7e       0x3a C:/ST/STM32CubeIDE_1.17.0/STM32CubeIDE/plugins/com.st.stm32cube.ide.mcu.externaltools.gnu-tools-for-stm32.12.3.rel1.win32_1.1.0.202410251130/tools/bin/../lib/gcc/arm-none-eabi/12.3.1/../../../../arm-none-eabi/lib/thumb/v7-m/nofp\libc_nano.a(libc_a-nano-svfscanf.o)
                0x08004a7e                __ssrefill_r
 .text.__ssvfscanf_r
                0x08004ab8      0x2e4 C:/ST/STM32CubeIDE_1.17.0/STM32CubeIDE/plugins/com.st.stm32cube.ide.mcu.externaltools.gnu-tools-for-stm32.12.3.rel1.win32_1.1.0.202410251130/tools/bin/../lib/gcc/arm-none-eabi/12.3.1/../../../../arm-none-eabi/lib/thumb/v7-m/nofp\libc_nano.a(libc_a-nano-svfscanf.o)
                0x08004ab8                __ssvfiscanf_r
                0x08004ab8                __ssvfscanf_r
 .text.__sfputc_r
                0x08004d9c       0x2a C:/ST/STM32CubeIDE_1.17.0/STM32CubeIDE/plugins/com.st.stm32cube.ide.mcu.externaltools.gnu-tools-for-stm32.12.3.rel1.win32_1.1.0.202410251130/tools/bin/../lib/gcc/arm-none-eabi/12.3.1/../../../../arm-none-eabi/lib/thumb/v7-m/nofp\libc_nano.a(libc_a-nano-vfprintf.o)
 .text.__sfputs_r
                0x08004dc6       0x24 C:/ST/STM32CubeIDE_1.17.0/STM32CubeIDE/plugins/com.st.stm32cube.ide.mcu.externaltools.gnu-tools-for-stm32.12.3.rel1.win32_1.1.0.202410251130/tools/bin/../lib/gcc/arm-none-eabi/12.3.1/../../../../arm-none-eabi/lib/thumb/v7-m/nofp\libc_nano.a(libc_a-nano-vfprintf.o)
                0x08004dc6                __sfputs_r
 *fill*         0x08004dea        0x2 
 .text._vfprintf_r
                0x08004dec      0x230 C:/ST/STM32CubeIDE_1.17.0/STM32CubeIDE/plugins/com.st.stm32cube.ide.mcu.externaltools.gnu-tools-for-stm32.12.3.rel1.win32_1.1.0.202410251130/tools/bin/../lib/gcc/arm-none-eabi/12.3.1/../../../../arm-none-eabi/lib/thumb/v7-m/nofp\libc_nano.a(libc_a-nano-vfprintf.o)
                0x08004dec                _vfprintf_r
                0x08004dec                _vfiprintf_r
 .text._printf_common
                0x0800501c       0xe4 C:/ST/STM32CubeIDE_1.17.0/STM32CubeIDE/plugins/com.st.stm32cube.ide.mcu.externaltools.gnu-tools-for-stm32.12.3.rel1.win32_1.1.0.202410251130/tools/bin/../lib/gcc/arm-none-eabi/12.3.1/../../../../arm-none-eabi/lib/thumb/v7-m/nofp\libc_nano.a(libc_a-nano-vfprintf_i.o)
                0x0800501c                _printf_common
 .text._printf_i
                0x08005100      0x240 C:/ST/STM32CubeIDE_1.17.0/STM32CubeIDE/plugins/com.st.stm32cube.ide.mcu.externaltools.gnu-tools-for-stm32.12.3.rel1.win32_1.1.0.202410251130/tools/bin/../lib/gcc/arm-none-eabi/12.3.1/../../../../arm-none-eabi/lib/thumb/v7-m/nofp\libc_nano.a(libc_a-nano-vfprintf_i.o)
                0x08005100                _printf_i
 .text._scanf_chars
                0x08005340       0xb4 C:/ST/STM32CubeIDE_1.17.0/STM32CubeIDE/plugins/com.st.stm32cube.ide.mcu.externaltools.gnu-tools-for-stm32.12.3.rel1.win32_1.1.0.202410251130/tools/bin/../lib/gcc/arm-none-eabi/12.3.1/../../../../arm-none-eabi/lib/thumb/v7-m/nofp\libc_nano.a(libc_a-nano-vfscanf_i.o)
                0x08005340                _scanf_chars
 .text._scanf_i
                0x080053f4      0x1e4 C:/ST/STM32CubeIDE_1.17.0/STM32CubeIDE/plugins/com.st.stm32cube.ide.mcu.externaltools.gnu-tools-for-stm32.12.3.rel1.win32_1.1.0.202410251130/tools/bin/../lib/gcc/arm-none-eabi/12.3.1/../../../../arm-none-eabi/lib/thumb/v7-m/nofp\libc_nano.a(libc_a-nano-vfscanf_i.o)
                0x080053f4                _scanf_i
 .text.__swhatbuf_r
                0x080055d8       0x4a C:/ST/STM32CubeIDE_1.17.0/STM32CubeIDE/plugins/com.st.stm32cube.ide.mcu.externaltools.gnu-tools-for-stm32.12.3.rel1.win32_1.1.0.202410251130/tools/bin/../lib/gcc/arm-none-eabi/12.3.1/../../../../arm-none-eabi/lib/thumb/v7-m/nofp\libc_nano.a(libc_a-makebuf.o)
                0x080055d8                __swhatbuf_r
 .text.__smakebuf_r
                0x08005622       0x78 C:/ST/STM32CubeIDE_1.17.0/STM32CubeIDE/plugins/com.st.stm32cube.ide.mcu.externaltools.gnu-tools-for-stm32.12.3.rel1.win32_1.1.0.202410251130/tools/bin/../lib/gcc/arm-none-eabi/12.3.1/../../../../arm-none-eabi/lib/thumb/v7-m/nofp\libc_nano.a(libc_a-makebuf.o)
                0x08005622                __smakebuf_r
 .text._putc_r  0x0800569a       0x68 C:/ST/STM32CubeIDE_1.17.0/STM32CubeIDE/plugins/com.st.stm32cube.ide.mcu.externaltools.gnu-tools-for-stm32.12.3.rel1.win32_1.1.0.202410251130/tools/bin/../lib/gcc/arm-none-eabi/12.3.1/../../../../arm-none-eabi/lib/thumb/v7-m/nofp\libc_nano.a(libc_a-putc.o)
                0x0800569a                _putc_r
 .text.__sccl   0x08005702       0x72 C:/ST/STM32CubeIDE_1.17.0/STM32CubeIDE/plugins/com.st.stm32cube.ide.mcu.externaltools.gnu-tools-for-stm32.12.3.rel1.win32_1.1.0.202410251130/tools/bin/../lib/gcc/arm-none-eabi/12.3.1/../../../../arm-none-eabi/lib/thumb/v7-m/nofp\libc_nano.a(libc_a-sccl.o)
                0x08005702                __sccl
 .text.__submore
                0x08005774       0x70 C:/ST/STM32CubeIDE_1.17.0/STM32CubeIDE/plugins/com.st.stm32cube.ide.mcu.externaltools.gnu-tools-for-stm32.12.3.rel1.win32_1.1.0.202410251130/tools/bin/../lib/gcc/arm-none-eabi/12.3.1/../../../../arm-none-eabi/lib/thumb/v7-m/nofp\libc_nano.a(libc_a-ungetc.o)
                0x08005774                __submore
 .text.memmove  0x080057e4       0x34 C:/ST/STM32CubeIDE_1.17.0/STM32CubeIDE/plugins/com.st.stm32cube.ide.mcu.externaltools.gnu-tools-for-stm32.12.3.rel1.win32_1.1.0.202410251130/tools/bin/../lib/gcc/arm-none-eabi/12.3.1/../../../../arm-none-eabi/lib/thumb/v7-m/nofp\libc_nano.a(libc_a-memmove.o)
                0x080057e4                memmove
 .text._fstat_r
                0x08005818       0x24 C:/ST/STM32CubeIDE_1.17.0/STM32CubeIDE/plugins/com.st.stm32cube.ide.mcu.externaltools.gnu-tools-for-stm32.12.3.rel1.win32_1.1.0.202410251130/tools/bin/../lib/gcc/arm-none-eabi/12.3.1/../../../../arm-none-eabi/lib/thumb/v7-m/nofp\libc_nano.a(libc_a-fstatr.o)
                0x08005818                _fstat_r
 .text._isatty_r
                0x0800583c       0x20 C:/ST/STM32CubeIDE_1.17.0/STM32CubeIDE/plugins/com.st.stm32cube.ide.mcu.externaltools.gnu-tools-for-stm32.12.3.rel1.win32_1.1.0.202410251130/tools/bin/../lib/gcc/arm-none-eabi/12.3.1/../../../../arm-none-eabi/lib/thumb/v7-m/nofp\libc_nano.a(libc_a-isattyr.o)
                0x0800583c                _isatty_r
 .text._sbrk_r  0x0800585c       0x20 C:/ST/STM32CubeIDE_1.17.0/STM32CubeIDE/plugins/com.st.stm32cube.ide.mcu.externaltools.gnu-tools-for-stm32.12.3.rel1.win32_1.1.0.202410251130/tools/bin/../lib/gcc/arm-none-eabi/12.3.1/../../../../arm-none-eabi/lib/thumb/v7-m/nofp\libc_nano.a(libc_a-sbrkr.o)
                0x0800585c                _sbrk_r
 .text.memchr   0x0800587c       0x1c C:/ST/STM32CubeIDE_1.17.0/STM32CubeIDE/plugins/com.st.stm32cube.ide.mcu.externaltools.gnu-tools-for-stm32.12.3.rel1.win32_1.1.0.202410251130/tools/bin/../lib/gcc/arm-none-eabi/12.3.1/../../../../arm-none-eabi/lib/thumb/v7-m/nofp\libc_nano.a(libc_a-memchr-stub.o)
                0x0800587c                memchr
 .text.memcpy   0x08005898       0x1c C:/ST/STM32CubeIDE_1.17.0/STM32CubeIDE/plugins/com.st.stm32cube.ide.mcu.externaltools.gnu-tools-for-stm32.12.3.rel1.win32_1.1.0.202410251130/tools/bin/../lib/gcc/arm-none-eabi/12.3.1/../../../../arm-none-eabi/lib/thumb/v7-m/nofp\libc_nano.a(libc_a-memcpy-stub.o)
                0x08005898                memcpy
 .text._realloc_r
                0x080058b4       0x5c C:/ST/STM32CubeIDE_1.17.0/STM32CubeIDE/plugins/com.st.stm32cube.ide.mcu.externaltools.gnu-tools-for-stm32.12.3.rel1.win32_1.1.0.202410251130/tools/bin/../lib/gcc/arm-none-eabi/12.3.1/../../../../arm-none-eabi/lib/thumb/v7-m/nofp\libc_nano.a(libc_a-reallocr.o)
                0x080058b4                _realloc_r
 .text._strtol_l.constprop.0
                0x08005910       0xf4 C:/ST/STM32CubeIDE_1.17.0/STM32CubeIDE/plugins/com.st.stm32cube.ide.mcu.externaltools.gnu-tools-for-stm32.12.3.rel1.win32_1.1.0.202410251130/tools/bin/../lib/gcc/arm-none-eabi/12.3.1/../../../../arm-none-eabi/lib/thumb/v7-m/nofp\libc_nano.a(libc_a-strtol.o)
 .text._strtol_r
                0x08005a04        0x4 C:/ST/STM32CubeIDE_1.17.0/STM32CubeIDE/plugins/com.st.stm32cube.ide.mcu.externaltools.gnu-tools-for-stm32.12.3.rel1.win32_1.1.0.202410251130/tools/bin/../lib/gcc/arm-none-eabi/12.3.1/../../../../arm-none-eabi/lib/thumb/v7-m/nofp\libc_nano.a(libc_a-strtol.o)
                0x08005a04                _strtol_r
 .text._strtoul_l.constprop.0
                0x08005a08       0xdc C:/ST/STM32CubeIDE_1.17.0/STM32CubeIDE/plugins/com.st.stm32cube.ide.mcu.externaltools.gnu-tools-for-stm32.12.3.rel1.win32_1.1.0.202410251130/tools/bin/../lib/gcc/arm-none-eabi/12.3.1/../../../../arm-none-eabi/lib/thumb/v7-m/nofp\libc_nano.a(libc_a-strtoul.o)
 .text._strtoul_r
                0x08005ae4        0x4 C:/ST/STM32CubeIDE_1.17.0/STM32CubeIDE/plugins/com.st.stm32cube.ide.mcu.externaltools.gnu-tools-for-stm32.12.3.rel1.win32_1.1.0.202410251130/tools/bin/../lib/gcc/arm-none-eabi/12.3.1/../../../../arm-none-eabi/lib/thumb/v7-m/nofp\libc_nano.a(libc_a-strtoul.o)
                0x08005ae4                _strtoul_r
 .text._malloc_usable_size_r
                0x08005ae8       0x10 C:/ST/STM32CubeIDE_1.17.0/STM32CubeIDE/plugins/com.st.stm32cube.ide.mcu.externaltools.gnu-tools-for-stm32.12.3.rel1.win32_1.1.0.202410251130/tools/bin/../lib/gcc/arm-none-eabi/12.3.1/../../../../arm-none-eabi/lib/thumb/v7-m/nofp\libc_nano.a(libc_a-msizer.o)
                0x08005ae8                _malloc_usable_size_r
 *(.glue_7)
 .glue_7        0x08005af8        0x0 linker stubs
 *(.glue_7t)
 .glue_7t       0x08005af8        0x0 linker stubs
 *(.eh_frame)
 .eh_frame      0x08005af8        0x0 C:/ST/STM32CubeIDE_1.17.0/STM32CubeIDE/plugins/com.st.stm32cube.ide.mcu.externaltools.gnu-tools-for-stm32.12.3.rel1.win32_1.1.0.202410251130/tools/bin/../lib/gcc/arm-none-eabi/12.3.1/thumb/v7-m/nofp/crtbegin.o
 *(.init)
 .init          0x08005af8        0x4 C:/ST/STM32CubeIDE_1.17.0/STM32CubeIDE/plugins/com.st.stm32cube.ide.mcu.externaltools.gnu-tools-for-stm32.12.3.rel1.win32_1.1.0.202410251130/tools/bin/../lib/gcc/arm-none-eabi/12.3.1/thumb/v7-m/nofp/crti.o
                0x08005af8                _init
 .init          0x08005afc        0x8 C:/ST/STM32CubeIDE_1.17.0/STM32CubeIDE/plugins/com.st.stm32cube.ide.mcu.externaltools.gnu-tools-for-stm32.12.3.rel1.win32_1.1.0.202410251130/tools/bin/../lib/gcc/arm-none-eabi/12.3.1/thumb/v7-m/nofp/crtn.o
 *(.fini)
 .fini          0x08005b04        0x4 C:/ST/STM32CubeIDE_1.17.0/STM32CubeIDE/plugins/com.st.stm32cube.ide.mcu.externaltools.gnu-tools-for-stm32.12.3.rel1.win32_1.1.0.202410251130/tools/bin/../lib/gcc/arm-none-eabi/12.3.1/thumb/v7-m/nofp/crti.o
                0x08005b04                _fini
 .fini          0x08005b08        0x8 C:/ST/STM32CubeIDE_1.17.0/STM32CubeIDE/plugins/com.st.stm32cube.ide.mcu.externaltools.gnu-tools-for-stm32.12.3.rel1.win32_1.1.0.202410251130/tools/bin/../lib/gcc/arm-none-eabi/12.3.1/thumb/v7-m/nofp/crtn.o
                0x08005b10                        . = ALIGN (0x4)
                0x08005b10                        _etext = .

.vfp11_veneer   0x08005b10        0x0
 .vfp11_veneer  0x08005b10        0x0 linker stubs

.v4_bx          0x08005b10        0x0
 .v4_bx         0x08005b10        0x0 linker stubs

.iplt           0x08005b10        0x0
 .iplt          0x08005b10        0x0 C:/ST/STM32CubeIDE_1.17.0/STM32CubeIDE/plugins/com.st.stm32cube.ide.mcu.externaltools.gnu-tools-for-stm32.12.3.rel1.win32_1.1.0.202410251130/tools/bin/../lib/gcc/arm-none-eabi/12.3.1/thumb/v7-m/nofp/crtbegin.o

.rodata         0x08005b10      0xf00
                0x08005b10                        . = ALIGN (0x4)
 *(.rodata)
 .rodata        0x08005b10       0x6e ./Core/Src/fault.o
 *fill*         0x08005b7e        0x2 
 .rodata        0x08005b80      0xabf ./Core/Src/mux.o
 *fill*         0x0800663f        0x1 
 .rodata        0x08006640       0x1a ./Core/Src/serial.o
 *fill*         0x0800665a        0x2 
 .rodata        0x0800665c        0xc C:/ST/STM32CubeIDE_1.17.0/STM32CubeIDE/plugins/com.st.stm32cube.ide.mcu.externaltools.gnu-tools-for-stm32.12.3.rel1.win32_1.1.0.202410251130/tools/bin/../lib/gcc/arm-none-eabi/12.3.1/../../../../arm-none-eabi/lib/thumb/v7-m/nofp\libc_nano.a(libc_a-nano-vfscanf_i.o)
 *(.rodata*)
 .rodata.CHANNEL_OFFSET_TAB
                0x08006668        0x7 ./Core/Src/leds.o
 *fill*         0x0800666f        0x1 
 .rodata.CHANNEL_OFFSET_TAB
                0x08006670        0x7 ./Core/Src/main.o
 *fill*         0x08006677        0x1 
 .rodata.OFFSET_TAB_CCMRx
                0x08006678        0x7 ./Core/Src/main.o
 *fill*         0x0800667f        0x1 
 .rodata.SHIFT_TAB_OCxx
                0x08006680        0x7 ./Core/Src/main.o
 *fill*         0x08006687        0x1 
 .rodata.muxes  0x08006688      0x220 ./Core/Src/mux.o
                0x08006688                muxes
 .rodata.AHBPrescTable
                0x080068a8       0x10 ./Core/Src/system_stm32f1xx.o
                0x080068a8                AHBPrescTable
 .rodata.APBPrescTable
                0x080068b8        0x8 ./Core/Src/system_stm32f1xx.o
                0x080068b8                APBPrescTable
 .rodata._svfprintf_r.str1.1
                0x080068c0       0x11 C:/ST/STM32CubeIDE_1.17.0/STM32CubeIDE/plugins/com.st.stm32cube.ide.mcu.externaltools.gnu-tools-for-stm32.12.3.rel1.win32_1.1.0.202410251130/tools/bin/../lib/gcc/arm-none-eabi/12.3.1/../../../../arm-none-eabi/lib/thumb/v7-m/nofp\libc_nano.a(libc_a-nano-svfprintf.o)
 .rodata.__ssvfscanf_r.str1.1
                0x080068d1        0x4 C:/ST/STM32CubeIDE_1.17.0/STM32CubeIDE/plugins/com.st.stm32cube.ide.mcu.externaltools.gnu-tools-for-stm32.12.3.rel1.win32_1.1.0.202410251130/tools/bin/../lib/gcc/arm-none-eabi/12.3.1/../../../../arm-none-eabi/lib/thumb/v7-m/nofp\libc_nano.a(libc_a-nano-svfscanf.o)
 .rodata._vfprintf_r.str1.1
                0x080068d1       0x11 C:/ST/STM32CubeIDE_1.17.0/STM32CubeIDE/plugins/com.st.stm32cube.ide.mcu.externaltools.gnu-tools-for-stm32.12.3.rel1.win32_1.1.0.202410251130/tools/bin/../lib/gcc/arm-none-eabi/12.3.1/../../../../arm-none-eabi/lib/thumb/v7-m/nofp\libc_nano.a(libc_a-nano-vfprintf.o)
 .rodata._printf_i.str1.1
                0x080068d1       0x22 C:/ST/STM32CubeIDE_1.17.0/STM32CubeIDE/plugins/com.st.stm32cube.ide.mcu.externaltools.gnu-tools-for-stm32.12.3.rel1.win32_1.1.0.202410251130/tools/bin/../lib/gcc/arm-none-eabi/12.3.1/../../../../arm-none-eabi/lib/thumb/v7-m/nofp\libc_nano.a(libc_a-nano-vfprintf_i.o)
 .rodata._scanf_i.str1.1
                0x080068f3       0x12 C:/ST/STM32CubeIDE_1.17.0/STM32CubeIDE/plugins/com.st.stm32cube.ide.mcu.externaltools.gnu-tools-for-stm32.12.3.rel1.win32_1.1.0.202410251130/tools/bin/../lib/gcc/arm-none-eabi/12.3.1/../../../../arm-none-eabi/lib/thumb/v7-m/nofp\libc_nano.a(libc_a-nano-vfscanf_i.o)
 .rodata.str1.1
                0x08006905        0x9 C:/ST/STM32CubeIDE_1.17.0/STM32CubeIDE/plugins/com.st.stm32cube.ide.mcu.externaltools.gnu-tools-for-stm32.12.3.rel1.win32_1.1.0.202410251130/tools/bin/../lib/gcc/arm-none-eabi/12.3.1/../../../../arm-none-eabi/lib/thumb/v7-m/nofp\libc_nano.a(libc_a-nano-vfscanf_i.o)
 .rodata._ctype_
                0x0800690e      0x101 C:/ST/STM32CubeIDE_1.17.0/STM32CubeIDE/plugins/com.st.stm32cube.ide.mcu.externaltools.gnu-tools-for-stm32.12.3.rel1.win32_1.1.0.202410251130/tools/bin/../lib/gcc/arm-none-eabi/12.3.1/../../../../arm-none-eabi/lib/thumb/v7-m/nofp\libc_nano.a(libc_a-ctype_.o)
                0x0800690e                _ctype_
                0x08006a10                        . = ALIGN (0x4)
 *fill*         0x08006a0f        0x1 

.ARM.extab      0x08006a10        0x0
                0x08006a10                        . = ALIGN (0x4)
 *(.ARM.extab* .gnu.linkonce.armextab.*)
                0x08006a10                        . = ALIGN (0x4)

.ARM            0x08006a10        0x8
                0x08006a10                        . = ALIGN (0x4)
                0x08006a10                        __exidx_start = .
 *(.ARM.exidx*)
 .ARM.exidx     0x08006a10        0x8 C:/ST/STM32CubeIDE_1.17.0/STM32CubeIDE/plugins/com.st.stm32cube.ide.mcu.externaltools.gnu-tools-for-stm32.12.3.rel1.win32_1.1.0.202410251130/tools/bin/../lib/gcc/arm-none-eabi/12.3.1/../../../../arm-none-eabi/lib/thumb/v7-m/nofp\libc_nano.a(libc_a-strcmp.o)
 .ARM.exidx     0x08006a18        0x0 C:/ST/STM32CubeIDE_1.17.0/STM32CubeIDE/plugins/com.st.stm32cube.ide.mcu.externaltools.gnu-tools-for-stm32.12.3.rel1.win32_1.1.0.202410251130/tools/bin/../lib/gcc/arm-none-eabi/12.3.1/../../../../arm-none-eabi/lib/thumb/v7-m/nofp\libc_nano.a(libc_a-strlen.o)
                                  0x8 (size before relaxing)
                0x08006a18                        __exidx_end = .
                0x08006a18                        . = ALIGN (0x4)

.preinit_array  0x08006a18        0x0
                0x08006a18                        . = ALIGN (0x4)
                0x08006a18                        PROVIDE (__preinit_array_start = .)
 *(.preinit_array*)
                0x08006a18                        PROVIDE (__preinit_array_end = .)
                0x08006a18                        . = ALIGN (0x4)

.init_array     0x08006a18        0x4
                0x08006a18                        . = ALIGN (0x4)
                0x08006a18                        PROVIDE (__init_array_start = .)
 *(SORT_BY_NAME(.init_array.*))
 *(.init_array*)
 .init_array    0x08006a18        0x4 C:/ST/STM32CubeIDE_1.17.0/STM32CubeIDE/plugins/com.st.stm32cube.ide.mcu.externaltools.gnu-tools-for-stm32.12.3.rel1.win32_1.1.0.202410251130/tools/bin/../lib/gcc/arm-none-eabi/12.3.1/thumb/v7-m/nofp/crtbegin.o
                0x08006a1c                        PROVIDE (__init_array_end = .)
                0x08006a1c                        . = ALIGN (0x4)

.fini_array     0x08006a1c        0x4
                0x08006a1c                        . = ALIGN (0x4)
                [!provide]                        PROVIDE (__fini_array_start = .)
 *(SORT_BY_NAME(.fini_array.*))
 *(.fini_array*)
 .fini_array    0x08006a1c        0x4 C:/ST/STM32CubeIDE_1.17.0/STM32CubeIDE/plugins/com.st.stm32cube.ide.mcu.externaltools.gnu-tools-for-stm32.12.3.rel1.win32_1.1.0.202410251130/tools/bin/../lib/gcc/arm-none-eabi/12.3.1/thumb/v7-m/nofp/crtbegin.o
                [!provide]                        PROVIDE (__fini_array_end = .)
                0x08006a20                        . = ALIGN (0x4)
                0x08006a20                        _sidata = LOADADDR (.data)

.rel.dyn        0x08006a20        0x0
 .rel.iplt      0x08006a20        0x0 C:/ST/STM32CubeIDE_1.17.0/STM32CubeIDE/plugins/com.st.stm32cube.ide.mcu.externaltools.gnu-tools-for-stm32.12.3.rel1.win32_1.1.0.202410251130/tools/bin/../lib/gcc/arm-none-eabi/12.3.1/thumb/v7-m/nofp/crtbegin.o

.data           0x20000000      0xd20 load address 0x08006a20
                0x20000000                        . = ALIGN (0x4)
                0x20000000                        _sdata = .
 *(.data)
 *(.data*)
 .data.xPins1   0x20000000       0x40 ./Core/Src/mux.o
                0x20000000                xPins1
 .data.yPins1   0x20000040       0x20 ./Core/Src/mux.o
                0x20000040                yPins1
 .data.xPins2   0x20000060       0x40 ./Core/Src/mux.o
                0x20000060                xPins2
 .data.yPins2   0x200000a0       0x20 ./Core/Src/mux.o
                0x200000a0                yPins2
 .data.xPins3   0x200000c0       0x40 ./Core/Src/mux.o
                0x200000c0                xPins3
 .data.yPins3   0x20000100       0x20 ./Core/Src/mux.o
                0x20000100                yPins3
 .data.xPins4   0x20000120       0x40 ./Core/Src/mux.o
                0x20000120                xPins4
 .data.yPins4   0x20000160       0x20 ./Core/Src/mux.o
                0x20000160                yPins4
 .data.xPins5   0x20000180       0x40 ./Core/Src/mux.o
                0x20000180                xPins5
 .data.yPins5   0x200001c0       0x20 ./Core/Src/mux.o
                0x200001c0                yPins5
 .data.xPins6   0x200001e0       0x40 ./Core/Src/mux.o
                0x200001e0                xPins6
 .data.yPins6   0x20000220       0x20 ./Core/Src/mux.o
                0x20000220                yPins6
 .data.xPins7   0x20000240       0x40 ./Core/Src/mux.o
                0x20000240                xPins7
 .data.yPins7   0x20000280       0x20 ./Core/Src/mux.o
                0x20000280                yPins7
 .data.xPins8   0x200002a0       0x40 ./Core/Src/mux.o
                0x200002a0                xPins8
 .data.yPins8   0x200002e0       0x20 ./Core/Src/mux.o
                0x200002e0                yPins8
 .data.xPins9   0x20000300       0x40 ./Core/Src/mux.o
                0x20000300                xPins9
 .data.yPins9   0x20000340       0x20 ./Core/Src/mux.o
                0x20000340                yPins9
 .data.xPins10  0x20000360       0x40 ./Core/Src/mux.o
                0x20000360                xPins10
 .data.yPins10  0x200003a0       0x20 ./Core/Src/mux.o
                0x200003a0                yPins10
 .data.xPins11  0x200003c0       0x40 ./Core/Src/mux.o
                0x200003c0                xPins11
 .data.yPins11  0x20000400       0x20 ./Core/Src/mux.o
                0x20000400                yPins11
 .data.xPins12  0x20000420       0x40 ./Core/Src/mux.o
                0x20000420                xPins12
 .data.yPins12  0x20000460       0x20 ./Core/Src/mux.o
                0x20000460                yPins12
 .data.xPins13  0x20000480       0x40 ./Core/Src/mux.o
                0x20000480                xPins13
 .data.yPins13  0x200004c0       0x20 ./Core/Src/mux.o
                0x200004c0                yPins13
 .data.xPins14  0x200004e0       0x40 ./Core/Src/mux.o
                0x200004e0                xPins14
 .data.yPins14  0x20000520       0x20 ./Core/Src/mux.o
                0x20000520                yPins14
 .data.xPins15  0x20000540       0x40 ./Core/Src/mux.o
                0x20000540                xPins15
 .data.yPins15  0x20000580       0x20 ./Core/Src/mux.o
                0x20000580                yPins15
 .data.xPins16  0x200005a0       0x40 ./Core/Src/mux.o
                0x200005a0                xPins16
 .data.yPins16  0x200005e0       0x20 ./Core/Src/mux.o
                0x200005e0                yPins16
 .data.xPins17  0x20000600       0x40 ./Core/Src/mux.o
                0x20000600                xPins17
 .data.yPins17  0x20000640       0x20 ./Core/Src/mux.o
                0x20000640                yPins17
 .data.xPins18  0x20000660       0x40 ./Core/Src/mux.o
                0x20000660                xPins18
 .data.yPins18  0x200006a0       0x20 ./Core/Src/mux.o
                0x200006a0                yPins18
 .data.xPins19  0x200006c0       0x40 ./Core/Src/mux.o
                0x200006c0                xPins19
 .data.yPins19  0x20000700       0x20 ./Core/Src/mux.o
                0x20000700                yPins19
 .data.xPins20  0x20000720       0x40 ./Core/Src/mux.o
                0x20000720                xPins20
 .data.yPins20  0x20000760       0x20 ./Core/Src/mux.o
                0x20000760                yPins20
 .data.xPins21  0x20000780       0x40 ./Core/Src/mux.o
                0x20000780                xPins21
 .data.yPins21  0x200007c0       0x20 ./Core/Src/mux.o
                0x200007c0                yPins21
 .data.xPins22  0x200007e0       0x40 ./Core/Src/mux.o
                0x200007e0                xPins22
 .data.yPins22  0x20000820       0x20 ./Core/Src/mux.o
                0x20000820                yPins22
 .data.xPins23  0x20000840       0x40 ./Core/Src/mux.o
                0x20000840                xPins23
 .data.yPins23  0x20000880       0x20 ./Core/Src/mux.o
                0x20000880                yPins23
 .data.xPins24  0x200008a0       0x40 ./Core/Src/mux.o
                0x200008a0                xPins24
 .data.yPins24  0x200008e0       0x20 ./Core/Src/mux.o
                0x200008e0                yPins24
 .data.xPins25  0x20000900       0x40 ./Core/Src/mux.o
                0x20000900                xPins25
 .data.yPins25  0x20000940       0x20 ./Core/Src/mux.o
                0x20000940                yPins25
 .data.xPins26  0x20000960       0x40 ./Core/Src/mux.o
                0x20000960                xPins26
 .data.yPins26  0x200009a0       0x20 ./Core/Src/mux.o
                0x200009a0                yPins26
 .data.xPins27  0x200009c0       0x40 ./Core/Src/mux.o
                0x200009c0                xPins27
 .data.yPins27  0x20000a00       0x20 ./Core/Src/mux.o
                0x20000a00                yPins27
 .data.xPins28  0x20000a20       0x40 ./Core/Src/mux.o
                0x20000a20                xPins28
 .data.yPins28  0x20000a60       0x20 ./Core/Src/mux.o
                0x20000a60                yPins28
 .data.xPins29  0x20000a80       0x40 ./Core/Src/mux.o
                0x20000a80                xPins29
 .data.yPins29  0x20000ac0       0x20 ./Core/Src/mux.o
                0x20000ac0                yPins29
 .data.xPins30  0x20000ae0       0x40 ./Core/Src/mux.o
                0x20000ae0                xPins30
 .data.yPins30  0x20000b20       0x20 ./Core/Src/mux.o
                0x20000b20                yPins30
 .data.xPins31  0x20000b40       0x40 ./Core/Src/mux.o
                0x20000b40                xPins31
 .data.yPins31  0x20000b80       0x20 ./Core/Src/mux.o
                0x20000b80                yPins31
 .data.xPins32  0x20000ba0       0x40 ./Core/Src/mux.o
                0x20000ba0                xPins32
 .data.yPins32  0x20000be0       0x20 ./Core/Src/mux.o
                0x20000be0                yPins32
 .data.xPins33  0x20000c00       0x40 ./Core/Src/mux.o
                0x20000c00                xPins33
 .data.yPins33  0x20000c40       0x20 ./Core/Src/mux.o
                0x20000c40                yPins33
 .data.xPins34  0x20000c60       0x40 ./Core/Src/mux.o
                0x20000c60                xPins34
 .data.yPins34  0x20000ca0       0x20 ./Core/Src/mux.o
                0x20000ca0                yPins34
 .data.SystemCoreClock
                0x20000cc0        0x4 ./Core/Src/system_stm32f1xx.o
                0x20000cc0                SystemCoreClock
 .data.__sglue  0x20000cc4        0xc C:/ST/STM32CubeIDE_1.17.0/STM32CubeIDE/plugins/com.st.stm32cube.ide.mcu.externaltools.gnu-tools-for-stm32.12.3.rel1.win32_1.1.0.202410251130/tools/bin/../lib/gcc/arm-none-eabi/12.3.1/../../../../arm-none-eabi/lib/thumb/v7-m/nofp\libc_nano.a(libc_a-findfp.o)
                0x20000cc4                __sglue
 .data._impure_ptr
                0x20000cd0        0x4 C:/ST/STM32CubeIDE_1.17.0/STM32CubeIDE/plugins/com.st.stm32cube.ide.mcu.externaltools.gnu-tools-for-stm32.12.3.rel1.win32_1.1.0.202410251130/tools/bin/../lib/gcc/arm-none-eabi/12.3.1/../../../../arm-none-eabi/lib/thumb/v7-m/nofp\libc_nano.a(libc_a-impure.o)
                0x20000cd0                _impure_ptr
 .data._impure_data
                0x20000cd4       0x4c C:/ST/STM32CubeIDE_1.17.0/STM32CubeIDE/plugins/com.st.stm32cube.ide.mcu.externaltools.gnu-tools-for-stm32.12.3.rel1.win32_1.1.0.202410251130/tools/bin/../lib/gcc/arm-none-eabi/12.3.1/../../../../arm-none-eabi/lib/thumb/v7-m/nofp\libc_nano.a(libc_a-impure.o)
                0x20000cd4                _impure_data
 *(.RamFunc)
 *(.RamFunc*)
                0x20000d20                        . = ALIGN (0x4)
                0x20000d20                        _edata = .

.igot.plt       0x20000d20        0x0 load address 0x08007740
 .igot.plt      0x20000d20        0x0 C:/ST/STM32CubeIDE_1.17.0/STM32CubeIDE/plugins/com.st.stm32cube.ide.mcu.externaltools.gnu-tools-for-stm32.12.3.rel1.win32_1.1.0.202410251130/tools/bin/../lib/gcc/arm-none-eabi/12.3.1/thumb/v7-m/nofp/crtbegin.o
                0x20000d20                        . = ALIGN (0x4)

.bss            0x20000d20     0x3500 load address 0x08007740
                0x20000d20                        _sbss = .
                0x20000d20                        __bss_start__ = _sbss
 *(.bss)
 .bss           0x20000d20       0x1c C:/ST/STM32CubeIDE_1.17.0/STM32CubeIDE/plugins/com.st.stm32cube.ide.mcu.externaltools.gnu-tools-for-stm32.12.3.rel1.win32_1.1.0.202410251130/tools/bin/../lib/gcc/arm-none-eabi/12.3.1/thumb/v7-m/nofp/crtbegin.o
 *(.bss*)
 .bss.fault_3v3_triggered
                0x20000d3c        0x1 ./Core/Src/fault.o
                0x20000d3c                fault_3v3_triggered
 .bss.fault_5v_triggered
                0x20000d3d        0x1 ./Core/Src/fault.o
                0x20000d3d                fault_5v_triggered
 .bss.fault_sent
                0x20000d3e        0x1 ./Core/Src/fault.o
                0x20000d3e                fault_sent
 *fill*         0x20000d3f        0x1 
 .bss.pixel     0x20000d40      0x1e0 ./Core/Src/leds.o
                0x20000d40                pixel
 .bss.dmaBuffer
                0x20000f20     0x2d04 ./Core/Src/leds.o
                0x20000f20                dmaBuffer
 .bss.LedPairs  0x20003c24      0x1e0 ./Core/Src/leds.o
                0x20003c24                LedPairs
 .bss.numLedPairs
                0x20003e04        0x1 ./Core/Src/leds.o
                0x20003e04                numLedPairs
 *fill*         0x20003e05        0x3 
 .bss.mainTracks
                0x20003e08      0x200 ./Core/Src/mux.o
                0x20003e08                mainTracks
 .bss.signalAnalyzerTracks
                0x20004008       0x60 ./Core/Src/mux.o
                0x20004008                signalAnalyzerTracks
 .bss.rxIndex.1
                0x20004068        0x1 ./Core/Src/serial.o
 *fill*         0x20004069        0x3 
 .bss.rxBuffer.0
                0x2000406c       0x64 ./Core/Src/serial.o
 .bss.__sbrk_heap_end
                0x200040d0        0x4 ./Core/Src/sysmem.o
 .bss.__sf      0x200040d4      0x138 C:/ST/STM32CubeIDE_1.17.0/STM32CubeIDE/plugins/com.st.stm32cube.ide.mcu.externaltools.gnu-tools-for-stm32.12.3.rel1.win32_1.1.0.202410251130/tools/bin/../lib/gcc/arm-none-eabi/12.3.1/../../../../arm-none-eabi/lib/thumb/v7-m/nofp\libc_nano.a(libc_a-findfp.o)
                0x200040d4                __sf
 .bss.__stdio_exit_handler
                0x2000420c        0x4 C:/ST/STM32CubeIDE_1.17.0/STM32CubeIDE/plugins/com.st.stm32cube.ide.mcu.externaltools.gnu-tools-for-stm32.12.3.rel1.win32_1.1.0.202410251130/tools/bin/../lib/gcc/arm-none-eabi/12.3.1/../../../../arm-none-eabi/lib/thumb/v7-m/nofp\libc_nano.a(libc_a-findfp.o)
                0x2000420c                __stdio_exit_handler
 .bss.errno     0x20004210        0x4 C:/ST/STM32CubeIDE_1.17.0/STM32CubeIDE/plugins/com.st.stm32cube.ide.mcu.externaltools.gnu-tools-for-stm32.12.3.rel1.win32_1.1.0.202410251130/tools/bin/../lib/gcc/arm-none-eabi/12.3.1/../../../../arm-none-eabi/lib/thumb/v7-m/nofp\libc_nano.a(libc_a-reent.o)
                0x20004210                errno
 .bss.__lock___malloc_recursive_mutex
                0x20004214        0x1 C:/ST/STM32CubeIDE_1.17.0/STM32CubeIDE/plugins/com.st.stm32cube.ide.mcu.externaltools.gnu-tools-for-stm32.12.3.rel1.win32_1.1.0.202410251130/tools/bin/../lib/gcc/arm-none-eabi/12.3.1/../../../../arm-none-eabi/lib/thumb/v7-m/nofp\libc_nano.a(libc_a-lock.o)
                0x20004214                __lock___malloc_recursive_mutex
 .bss.__lock___sfp_recursive_mutex
                0x20004215        0x1 C:/ST/STM32CubeIDE_1.17.0/STM32CubeIDE/plugins/com.st.stm32cube.ide.mcu.externaltools.gnu-tools-for-stm32.12.3.rel1.win32_1.1.0.202410251130/tools/bin/../lib/gcc/arm-none-eabi/12.3.1/../../../../arm-none-eabi/lib/thumb/v7-m/nofp\libc_nano.a(libc_a-lock.o)
                0x20004215                __lock___sfp_recursive_mutex
 *fill*         0x20004216        0x2 
 .bss.__malloc_sbrk_start
                0x20004218        0x4 C:/ST/STM32CubeIDE_1.17.0/STM32CubeIDE/plugins/com.st.stm32cube.ide.mcu.externaltools.gnu-tools-for-stm32.12.3.rel1.win32_1.1.0.202410251130/tools/bin/../lib/gcc/arm-none-eabi/12.3.1/../../../../arm-none-eabi/lib/thumb/v7-m/nofp\libc_nano.a(libc_a-mallocr.o)
                0x20004218                __malloc_sbrk_start
 .bss.__malloc_free_list
                0x2000421c        0x4 C:/ST/STM32CubeIDE_1.17.0/STM32CubeIDE/plugins/com.st.stm32cube.ide.mcu.externaltools.gnu-tools-for-stm32.12.3.rel1.win32_1.1.0.202410251130/tools/bin/../lib/gcc/arm-none-eabi/12.3.1/../../../../arm-none-eabi/lib/thumb/v7-m/nofp\libc_nano.a(libc_a-mallocr.o)
                0x2000421c                __malloc_free_list
 *(COMMON)
                0x20004220                        . = ALIGN (0x4)
                0x20004220                        _ebss = .
                0x20004220                        __bss_end__ = _ebss

._user_heap_stack
                0x20004220      0x600 load address 0x08007740
                0x20004220                        . = ALIGN (0x8)
                [!provide]                        PROVIDE (end = .)
                0x20004220                        PROVIDE (_end = .)
                0x20004420                        . = (. + _Min_Heap_Size)
 *fill*         0x20004220      0x200 
                0x20004820                        . = (. + _Min_Stack_Size)
 *fill*         0x20004420      0x400 
                0x20004820                        . = ALIGN (0x8)

/DISCARD/
 libc.a(*)
 libm.a(*)
 libgcc.a(*)

.ARM.attributes
                0x00000000       0x29
 *(.ARM.attributes)
 .ARM.attributes
                0x00000000       0x1d C:/ST/STM32CubeIDE_1.17.0/STM32CubeIDE/plugins/com.st.stm32cube.ide.mcu.externaltools.gnu-tools-for-stm32.12.3.rel1.win32_1.1.0.202410251130/tools/bin/../lib/gcc/arm-none-eabi/12.3.1/thumb/v7-m/nofp/crti.o
 .ARM.attributes
                0x0000001d       0x2d C:/ST/STM32CubeIDE_1.17.0/STM32CubeIDE/plugins/com.st.stm32cube.ide.mcu.externaltools.gnu-tools-for-stm32.12.3.rel1.win32_1.1.0.202410251130/tools/bin/../lib/gcc/arm-none-eabi/12.3.1/thumb/v7-m/nofp/crtbegin.o
 .ARM.attributes
                0x0000004a       0x2d ./Core/Src/fault.o
 .ARM.attributes
                0x00000077       0x2d ./Core/Src/leds.o
 .ARM.attributes
                0x000000a4       0x2d ./Core/Src/main.o
 .ARM.attributes
                0x000000d1       0x2d ./Core/Src/mux.o
 .ARM.attributes
                0x000000fe       0x2d ./Core/Src/serial.o
 .ARM.attributes
                0x0000012b       0x2d ./Core/Src/signal_analyzer.o
 .ARM.attributes
                0x00000158       0x2d ./Core/Src/stm32f1xx_it.o
 .ARM.attributes
                0x00000185       0x2d ./Core/Src/syscalls.o
 .ARM.attributes
                0x000001b2       0x2d ./Core/Src/sysmem.o
 .ARM.attributes
                0x000001df       0x2d ./Core/Src/system_stm32f1xx.o
 .ARM.attributes
                0x0000020c       0x21 ./Core/Startup/startup_stm32f107vctx.o
 .ARM.attributes
                0x0000022d       0x2d ./Drivers/STM32F1xx_HAL_Driver/Src/stm32f1xx_ll_adc.o
 .ARM.attributes
                0x0000025a       0x2d ./Drivers/STM32F1xx_HAL_Driver/Src/stm32f1xx_ll_exti.o
 .ARM.attributes
                0x00000287       0x2d ./Drivers/STM32F1xx_HAL_Driver/Src/stm32f1xx_ll_gpio.o
 .ARM.attributes
                0x000002b4       0x2d ./Drivers/STM32F1xx_HAL_Driver/Src/stm32f1xx_ll_rcc.o
 .ARM.attributes
                0x000002e1       0x2d ./Drivers/STM32F1xx_HAL_Driver/Src/stm32f1xx_ll_tim.o
 .ARM.attributes
                0x0000030e       0x2d ./Drivers/STM32F1xx_HAL_Driver/Src/stm32f1xx_ll_usart.o
 .ARM.attributes
                0x0000033b       0x2d ./Drivers/STM32F1xx_HAL_Driver/Src/stm32f1xx_ll_utils.o
 .ARM.attributes
                0x00000368       0x2d C:/ST/STM32CubeIDE_1.17.0/STM32CubeIDE/plugins/com.st.stm32cube.ide.mcu.externaltools.gnu-tools-for-stm32.12.3.rel1.win32_1.1.0.202410251130/tools/bin/../lib/gcc/arm-none-eabi/12.3.1/../../../../arm-none-eabi/lib/thumb/v7-m/nofp\libc_nano.a(libc_a-fflush.o)
 .ARM.attributes
                0x00000395       0x2d C:/ST/STM32CubeIDE_1.17.0/STM32CubeIDE/plugins/com.st.stm32cube.ide.mcu.externaltools.gnu-tools-for-stm32.12.3.rel1.win32_1.1.0.202410251130/tools/bin/../lib/gcc/arm-none-eabi/12.3.1/../../../../arm-none-eabi/lib/thumb/v7-m/nofp\libc_nano.a(libc_a-findfp.o)
 .ARM.attributes
                0x000003c2       0x2d C:/ST/STM32CubeIDE_1.17.0/STM32CubeIDE/plugins/com.st.stm32cube.ide.mcu.externaltools.gnu-tools-for-stm32.12.3.rel1.win32_1.1.0.202410251130/tools/bin/../lib/gcc/arm-none-eabi/12.3.1/../../../../arm-none-eabi/lib/thumb/v7-m/nofp\libc_nano.a(libc_a-fwalk.o)
 .ARM.attributes
                0x000003ef       0x2d C:/ST/STM32CubeIDE_1.17.0/STM32CubeIDE/plugins/com.st.stm32cube.ide.mcu.externaltools.gnu-tools-for-stm32.12.3.rel1.win32_1.1.0.202410251130/tools/bin/../lib/gcc/arm-none-eabi/12.3.1/../../../../arm-none-eabi/lib/thumb/v7-m/nofp\libc_nano.a(libc_a-printf.o)
 .ARM.attributes
                0x0000041c       0x2d C:/ST/STM32CubeIDE_1.17.0/STM32CubeIDE/plugins/com.st.stm32cube.ide.mcu.externaltools.gnu-tools-for-stm32.12.3.rel1.win32_1.1.0.202410251130/tools/bin/../lib/gcc/arm-none-eabi/12.3.1/../../../../arm-none-eabi/lib/thumb/v7-m/nofp\libc_nano.a(libc_a-putchar.o)
 .ARM.attributes
                0x00000449       0x2d C:/ST/STM32CubeIDE_1.17.0/STM32CubeIDE/plugins/com.st.stm32cube.ide.mcu.externaltools.gnu-tools-for-stm32.12.3.rel1.win32_1.1.0.202410251130/tools/bin/../lib/gcc/arm-none-eabi/12.3.1/../../../../arm-none-eabi/lib/thumb/v7-m/nofp\libc_nano.a(libc_a-puts.o)
 .ARM.attributes
                0x00000476       0x2d C:/ST/STM32CubeIDE_1.17.0/STM32CubeIDE/plugins/com.st.stm32cube.ide.mcu.externaltools.gnu-tools-for-stm32.12.3.rel1.win32_1.1.0.202410251130/tools/bin/../lib/gcc/arm-none-eabi/12.3.1/../../../../arm-none-eabi/lib/thumb/v7-m/nofp\libc_nano.a(libc_a-snprintf.o)
 .ARM.attributes
                0x000004a3       0x2d C:/ST/STM32CubeIDE_1.17.0/STM32CubeIDE/plugins/com.st.stm32cube.ide.mcu.externaltools.gnu-tools-for-stm32.12.3.rel1.win32_1.1.0.202410251130/tools/bin/../lib/gcc/arm-none-eabi/12.3.1/../../../../arm-none-eabi/lib/thumb/v7-m/nofp\libc_nano.a(libc_a-sscanf.o)
 .ARM.attributes
                0x000004d0       0x2d C:/ST/STM32CubeIDE_1.17.0/STM32CubeIDE/plugins/com.st.stm32cube.ide.mcu.externaltools.gnu-tools-for-stm32.12.3.rel1.win32_1.1.0.202410251130/tools/bin/../lib/gcc/arm-none-eabi/12.3.1/../../../../arm-none-eabi/lib/thumb/v7-m/nofp\libc_nano.a(libc_a-stdio.o)
 .ARM.attributes
                0x000004fd       0x2d C:/ST/STM32CubeIDE_1.17.0/STM32CubeIDE/plugins/com.st.stm32cube.ide.mcu.externaltools.gnu-tools-for-stm32.12.3.rel1.win32_1.1.0.202410251130/tools/bin/../lib/gcc/arm-none-eabi/12.3.1/../../../../arm-none-eabi/lib/thumb/v7-m/nofp\libc_nano.a(libc_a-wbuf.o)
 .ARM.attributes
                0x0000052a       0x2d C:/ST/STM32CubeIDE_1.17.0/STM32CubeIDE/plugins/com.st.stm32cube.ide.mcu.externaltools.gnu-tools-for-stm32.12.3.rel1.win32_1.1.0.202410251130/tools/bin/../lib/gcc/arm-none-eabi/12.3.1/../../../../arm-none-eabi/lib/thumb/v7-m/nofp\libc_nano.a(libc_a-wsetup.o)
 .ARM.attributes
                0x00000557       0x2d C:/ST/STM32CubeIDE_1.17.0/STM32CubeIDE/plugins/com.st.stm32cube.ide.mcu.externaltools.gnu-tools-for-stm32.12.3.rel1.win32_1.1.0.202410251130/tools/bin/../lib/gcc/arm-none-eabi/12.3.1/../../../../arm-none-eabi/lib/thumb/v7-m/nofp\libc_nano.a(libc_a-memset.o)
 .ARM.attributes
                0x00000584       0x2d C:/ST/STM32CubeIDE_1.17.0/STM32CubeIDE/plugins/com.st.stm32cube.ide.mcu.externaltools.gnu-tools-for-stm32.12.3.rel1.win32_1.1.0.202410251130/tools/bin/../lib/gcc/arm-none-eabi/12.3.1/../../../../arm-none-eabi/lib/thumb/v7-m/nofp\libc_nano.a(libc_a-strncmp.o)
 .ARM.attributes
                0x000005b1       0x2d C:/ST/STM32CubeIDE_1.17.0/STM32CubeIDE/plugins/com.st.stm32cube.ide.mcu.externaltools.gnu-tools-for-stm32.12.3.rel1.win32_1.1.0.202410251130/tools/bin/../lib/gcc/arm-none-eabi/12.3.1/../../../../arm-none-eabi/lib/thumb/v7-m/nofp\libc_nano.a(libc_a-closer.o)
 .ARM.attributes
                0x000005de       0x2d C:/ST/STM32CubeIDE_1.17.0/STM32CubeIDE/plugins/com.st.stm32cube.ide.mcu.externaltools.gnu-tools-for-stm32.12.3.rel1.win32_1.1.0.202410251130/tools/bin/../lib/gcc/arm-none-eabi/12.3.1/../../../../arm-none-eabi/lib/thumb/v7-m/nofp\libc_nano.a(libc_a-reent.o)
 .ARM.attributes
                0x0000060b       0x2d C:/ST/STM32CubeIDE_1.17.0/STM32CubeIDE/plugins/com.st.stm32cube.ide.mcu.externaltools.gnu-tools-for-stm32.12.3.rel1.win32_1.1.0.202410251130/tools/bin/../lib/gcc/arm-none-eabi/12.3.1/../../../../arm-none-eabi/lib/thumb/v7-m/nofp\libc_nano.a(libc_a-impure.o)
 .ARM.attributes
                0x00000638       0x2d C:/ST/STM32CubeIDE_1.17.0/STM32CubeIDE/plugins/com.st.stm32cube.ide.mcu.externaltools.gnu-tools-for-stm32.12.3.rel1.win32_1.1.0.202410251130/tools/bin/../lib/gcc/arm-none-eabi/12.3.1/../../../../arm-none-eabi/lib/thumb/v7-m/nofp\libc_nano.a(libc_a-lseekr.o)
 .ARM.attributes
                0x00000665       0x2d C:/ST/STM32CubeIDE_1.17.0/STM32CubeIDE/plugins/com.st.stm32cube.ide.mcu.externaltools.gnu-tools-for-stm32.12.3.rel1.win32_1.1.0.202410251130/tools/bin/../lib/gcc/arm-none-eabi/12.3.1/../../../../arm-none-eabi/lib/thumb/v7-m/nofp\libc_nano.a(libc_a-readr.o)
 .ARM.attributes
                0x00000692       0x2d C:/ST/STM32CubeIDE_1.17.0/STM32CubeIDE/plugins/com.st.stm32cube.ide.mcu.externaltools.gnu-tools-for-stm32.12.3.rel1.win32_1.1.0.202410251130/tools/bin/../lib/gcc/arm-none-eabi/12.3.1/../../../../arm-none-eabi/lib/thumb/v7-m/nofp\libc_nano.a(libc_a-writer.o)
 .ARM.attributes
                0x000006bf       0x2d C:/ST/STM32CubeIDE_1.17.0/STM32CubeIDE/plugins/com.st.stm32cube.ide.mcu.externaltools.gnu-tools-for-stm32.12.3.rel1.win32_1.1.0.202410251130/tools/bin/../lib/gcc/arm-none-eabi/12.3.1/../../../../arm-none-eabi/lib/thumb/v7-m/nofp\libc_nano.a(libc_a-errno.o)
 .ARM.attributes
                0x000006ec       0x2d C:/ST/STM32CubeIDE_1.17.0/STM32CubeIDE/plugins/com.st.stm32cube.ide.mcu.externaltools.gnu-tools-for-stm32.12.3.rel1.win32_1.1.0.202410251130/tools/bin/../lib/gcc/arm-none-eabi/12.3.1/../../../../arm-none-eabi/lib/thumb/v7-m/nofp\libc_nano.a(libc_a-init.o)
 .ARM.attributes
                0x00000719       0x2d C:/ST/STM32CubeIDE_1.17.0/STM32CubeIDE/plugins/com.st.stm32cube.ide.mcu.externaltools.gnu-tools-for-stm32.12.3.rel1.win32_1.1.0.202410251130/tools/bin/../lib/gcc/arm-none-eabi/12.3.1/../../../../arm-none-eabi/lib/thumb/v7-m/nofp\libc_nano.a(libc_a-lock.o)
 .ARM.attributes
                0x00000746       0x1b C:/ST/STM32CubeIDE_1.17.0/STM32CubeIDE/plugins/com.st.stm32cube.ide.mcu.externaltools.gnu-tools-for-stm32.12.3.rel1.win32_1.1.0.202410251130/tools/bin/../lib/gcc/arm-none-eabi/12.3.1/../../../../arm-none-eabi/lib/thumb/v7-m/nofp\libc_nano.a(libc_a-strcmp.o)
 .ARM.attributes
                0x00000761       0x17 C:/ST/STM32CubeIDE_1.17.0/STM32CubeIDE/plugins/com.st.stm32cube.ide.mcu.externaltools.gnu-tools-for-stm32.12.3.rel1.win32_1.1.0.202410251130/tools/bin/../lib/gcc/arm-none-eabi/12.3.1/../../../../arm-none-eabi/lib/thumb/v7-m/nofp\libc_nano.a(libc_a-strlen.o)
 .ARM.attributes
                0x00000778       0x2d C:/ST/STM32CubeIDE_1.17.0/STM32CubeIDE/plugins/com.st.stm32cube.ide.mcu.externaltools.gnu-tools-for-stm32.12.3.rel1.win32_1.1.0.202410251130/tools/bin/../lib/gcc/arm-none-eabi/12.3.1/../../../../arm-none-eabi/lib/thumb/v7-m/nofp\libc_nano.a(libc_a-freer.o)
 .ARM.attributes
                0x000007a5       0x2d C:/ST/STM32CubeIDE_1.17.0/STM32CubeIDE/plugins/com.st.stm32cube.ide.mcu.externaltools.gnu-tools-for-stm32.12.3.rel1.win32_1.1.0.202410251130/tools/bin/../lib/gcc/arm-none-eabi/12.3.1/../../../../arm-none-eabi/lib/thumb/v7-m/nofp\libc_nano.a(libc_a-mallocr.o)
 .ARM.attributes
                0x000007d2       0x2d C:/ST/STM32CubeIDE_1.17.0/STM32CubeIDE/plugins/com.st.stm32cube.ide.mcu.externaltools.gnu-tools-for-stm32.12.3.rel1.win32_1.1.0.202410251130/tools/bin/../lib/gcc/arm-none-eabi/12.3.1/../../../../arm-none-eabi/lib/thumb/v7-m/nofp\libc_nano.a(libc_a-mlock.o)
 .ARM.attributes
                0x000007ff       0x2d C:/ST/STM32CubeIDE_1.17.0/STM32CubeIDE/plugins/com.st.stm32cube.ide.mcu.externaltools.gnu-tools-for-stm32.12.3.rel1.win32_1.1.0.202410251130/tools/bin/../lib/gcc/arm-none-eabi/12.3.1/../../../../arm-none-eabi/lib/thumb/v7-m/nofp\libc_nano.a(libc_a-nano-svfprintf.o)
 .ARM.attributes
                0x0000082c       0x2d C:/ST/STM32CubeIDE_1.17.0/STM32CubeIDE/plugins/com.st.stm32cube.ide.mcu.externaltools.gnu-tools-for-stm32.12.3.rel1.win32_1.1.0.202410251130/tools/bin/../lib/gcc/arm-none-eabi/12.3.1/../../../../arm-none-eabi/lib/thumb/v7-m/nofp\libc_nano.a(libc_a-nano-svfscanf.o)
 .ARM.attributes
                0x00000859       0x2d C:/ST/STM32CubeIDE_1.17.0/STM32CubeIDE/plugins/com.st.stm32cube.ide.mcu.externaltools.gnu-tools-for-stm32.12.3.rel1.win32_1.1.0.202410251130/tools/bin/../lib/gcc/arm-none-eabi/12.3.1/../../../../arm-none-eabi/lib/thumb/v7-m/nofp\libc_nano.a(libc_a-nano-vfprintf.o)
 .ARM.attributes
                0x00000886       0x2d C:/ST/STM32CubeIDE_1.17.0/STM32CubeIDE/plugins/com.st.stm32cube.ide.mcu.externaltools.gnu-tools-for-stm32.12.3.rel1.win32_1.1.0.202410251130/tools/bin/../lib/gcc/arm-none-eabi/12.3.1/../../../../arm-none-eabi/lib/thumb/v7-m/nofp\libc_nano.a(libc_a-nano-vfprintf_i.o)
 .ARM.attributes
                0x000008b3       0x2d C:/ST/STM32CubeIDE_1.17.0/STM32CubeIDE/plugins/com.st.stm32cube.ide.mcu.externaltools.gnu-tools-for-stm32.12.3.rel1.win32_1.1.0.202410251130/tools/bin/../lib/gcc/arm-none-eabi/12.3.1/../../../../arm-none-eabi/lib/thumb/v7-m/nofp\libc_nano.a(libc_a-nano-vfscanf_i.o)
 .ARM.attributes
                0x000008e0       0x2d C:/ST/STM32CubeIDE_1.17.0/STM32CubeIDE/plugins/com.st.stm32cube.ide.mcu.externaltools.gnu-tools-for-stm32.12.3.rel1.win32_1.1.0.202410251130/tools/bin/../lib/gcc/arm-none-eabi/12.3.1/../../../../arm-none-eabi/lib/thumb/v7-m/nofp\libc_nano.a(libc_a-makebuf.o)
 .ARM.attributes
                0x0000090d       0x2d C:/ST/STM32CubeIDE_1.17.0/STM32CubeIDE/plugins/com.st.stm32cube.ide.mcu.externaltools.gnu-tools-for-stm32.12.3.rel1.win32_1.1.0.202410251130/tools/bin/../lib/gcc/arm-none-eabi/12.3.1/../../../../arm-none-eabi/lib/thumb/v7-m/nofp\libc_nano.a(libc_a-putc.o)
 .ARM.attributes
                0x0000093a       0x2d C:/ST/STM32CubeIDE_1.17.0/STM32CubeIDE/plugins/com.st.stm32cube.ide.mcu.externaltools.gnu-tools-for-stm32.12.3.rel1.win32_1.1.0.202410251130/tools/bin/../lib/gcc/arm-none-eabi/12.3.1/../../../../arm-none-eabi/lib/thumb/v7-m/nofp\libc_nano.a(libc_a-sccl.o)
 .ARM.attributes
                0x00000967       0x2d C:/ST/STM32CubeIDE_1.17.0/STM32CubeIDE/plugins/com.st.stm32cube.ide.mcu.externaltools.gnu-tools-for-stm32.12.3.rel1.win32_1.1.0.202410251130/tools/bin/../lib/gcc/arm-none-eabi/12.3.1/../../../../arm-none-eabi/lib/thumb/v7-m/nofp\libc_nano.a(libc_a-ungetc.o)
 .ARM.attributes
                0x00000994       0x2d C:/ST/STM32CubeIDE_1.17.0/STM32CubeIDE/plugins/com.st.stm32cube.ide.mcu.externaltools.gnu-tools-for-stm32.12.3.rel1.win32_1.1.0.202410251130/tools/bin/../lib/gcc/arm-none-eabi/12.3.1/../../../../arm-none-eabi/lib/thumb/v7-m/nofp\libc_nano.a(libc_a-memmove.o)
 .ARM.attributes
                0x000009c1       0x2d C:/ST/STM32CubeIDE_1.17.0/STM32CubeIDE/plugins/com.st.stm32cube.ide.mcu.externaltools.gnu-tools-for-stm32.12.3.rel1.win32_1.1.0.202410251130/tools/bin/../lib/gcc/arm-none-eabi/12.3.1/../../../../arm-none-eabi/lib/thumb/v7-m/nofp\libc_nano.a(libc_a-fstatr.o)
 .ARM.attributes
                0x000009ee       0x2d C:/ST/STM32CubeIDE_1.17.0/STM32CubeIDE/plugins/com.st.stm32cube.ide.mcu.externaltools.gnu-tools-for-stm32.12.3.rel1.win32_1.1.0.202410251130/tools/bin/../lib/gcc/arm-none-eabi/12.3.1/../../../../arm-none-eabi/lib/thumb/v7-m/nofp\libc_nano.a(libc_a-isattyr.o)
 .ARM.attributes